01-15 17:19:52.174     0     0 I init    : processing action (post-fs) from (/vendor/etc/init/init.tama.rc:15)
01-15 17:19:52.174     0     0 I init    : processing action (late-fs) from (/init.rc:413)
01-15 17:19:52.175     0     0 I init    : starting service 'system_suspend'...
01-15 17:19:52.175     0     0 I ueventd : loading /devices/platform/soc/8300000.qcom,turing/firmware/cdsp.b05 took 9ms
01-15 17:19:52.175     0     0 I ueventd : loading /devices/platform/soc/17300000.qcom,lpass/firmware/adsp.b05 took 6ms
01-15 17:19:52.181     0     0 I init    : starting service 'vendor.boot-hal-1-0'...
01-15 17:19:52.183     0     0 I ueventd : firmware: loading 'cdsp.b06' for '/devices/platform/soc/8300000.qcom,turing/firmware/cdsp.b06'
01-15 17:19:52.184     0     0 I ueventd : firmware: loading 'adsp.b06' for '/devices/platform/soc/17300000.qcom,lpass/firmware/adsp.b06'
01-15 17:19:52.184     0     0 I ueventd : loading /devices/platform/soc/8300000.qcom,turing/firmware/cdsp.b06 took 2ms
01-15 17:19:52.185     0     0 I ueventd : loading /devices/platform/soc/17300000.qcom,lpass/firmware/adsp.b06 took 1ms
01-15 17:19:52.188     0     0 I ueventd : firmware: loading 'cdsp.b08' for '/devices/platform/soc/8300000.qcom,turing/firmware/cdsp.b08'
01-15 17:19:52.188     0     0 I init    : starting service 'vendor.keymaster-3-0'...
01-15 17:19:52.190     0     0 I ueventd : loading /devices/platform/soc/8300000.qcom,turing/firmware/cdsp.b08 took 2ms
01-15 17:19:52.192     0     0 I ueventd : firmware: loading 'adsp.b07' for '/devices/platform/soc/17300000.qcom,lpass/firmware/adsp.b07'
01-15 17:19:52.193     0     0 I ueventd : loading /devices/platform/soc/17300000.qcom,lpass/firmware/adsp.b07 took 1ms
01-15 17:19:52.195     0     0 I init    : processing action (late-fs) from (/vendor/etc/init/hw/init.apollo.rc:109)
01-15 17:19:52.195     0     0 I init    : start_waiting_for_property("hwservicemanager.ready", "true"): already set
01-15 17:19:52.195     0     0 I ueventd : firmware: loading 'cdsp.b10' for '/devices/platform/soc/8300000.qcom,turing/firmware/cdsp.b10'
01-15 17:19:52.195     0     0 I init    : Service 'exec 4 (/system/bin/recovery-refresh)' (pid 574) exited with status 254
01-15 17:19:52.196     0     0 I init    : processing action (late-fs) from (/vendor/etc/init/bindmountims.rc:1)
01-15 17:19:52.197     0     0 I init    : processing action (post-fs-data) from (/init.rc:421)
01-15 17:19:52.198     0     0 W init    : DM_DEV_STATUS failed for system: Bad file descriptor
01-15 17:19:52.198     0     0 W init    : DM_DEV_STATUS failed for vroot: Bad file descriptor
01-15 17:19:52.198     0     0 I ueventd : firmware: loading 'adsp.b08' for '/devices/platform/soc/17300000.qcom,lpass/firmware/adsp.b08'
01-15 17:19:52.199     0     0 I ueventd : loading /devices/platform/soc/8300000.qcom,turing/firmware/cdsp.b10 took 3ms
01-15 17:19:52.200     0     0 I ueventd : loading /devices/platform/soc/17300000.qcom,lpass/firmware/adsp.b08 took 2ms
01-15 17:19:52.201     0     0 I init    : starting service 'exec 5 (/system/bin/vdc checkpoint prepareCheckpoint)'...
01-15 17:19:52.204     0     0 I init    : SVC_EXEC service 'exec 5 (/system/bin/vdc checkpoint prepareCheckpoint)' pid 584 (uid 1000 gid 1000+0 context default) started; waiting...
01-15 17:19:52.204     0     0 I ueventd : firmware: loading 'adsp.b09' for '/devices/platform/soc/17300000.qcom,lpass/firmware/adsp.b09'
01-15 17:19:52.206     0     0 I ueventd : loading /devices/platform/soc/17300000.qcom,lpass/firmware/adsp.b09 took 1ms
01-15 17:19:52.210     0     0 I ueventd : firmware: loading 'adsp.b10' for '/devices/platform/soc/17300000.qcom,lpass/firmware/adsp.b10'
01-15 17:19:52.221   528   528 I Checkpoint: cp_prepareCheckpoint called
01-15 17:19:52.222     0     0 I init    : Service 'exec 5 (/system/bin/vdc checkpoint prepareCheckpoint)' (pid 584) exited with status 0 waiting took 0.018000 seconds
01-15 17:19:52.226     0     0 I init    : starting service 'exec 6 (/system/bin/vdc --wait cryptfs enablefilecrypto)'...
01-15 17:19:52.227     0     0 I ueventd : loading /devices/platform/soc/17300000.qcom,lpass/firmware/adsp.b10 took 16ms
01-15 17:19:52.229     0     0 I subsys-pil-tz 8300000.qcom,turing: cdsp: Brought out of reset
01-15 17:19:52.229     0     0 I init    : SVC_EXEC service 'exec 6 (/system/bin/vdc --wait cryptfs enablefilecrypto)' pid 588 (uid 0 gid 0+0 context default) started; waiting...
01-15 17:19:52.232     0     0 I ueventd : firmware: loading 'adsp.b11' for '/devices/platform/soc/17300000.qcom,lpass/firmware/adsp.b11'
01-15 17:19:52.235     0     0 I ueventd : loading /devices/platform/soc/17300000.qcom,lpass/firmware/adsp.b11 took 2ms
01-15 17:19:52.238     0     0 I subsys-pil-tz 8300000.qcom,turing: Subsystem error monitoring/handling services are up
01-15 17:19:52.243     0     0 I adsprpc : fastrpc_rpmsg_probe: opened rpmsg channel for cdsp
01-15 17:19:52.244     0     0 I ueventd : firmware: loading 'adsp.b12' for '/devices/platform/soc/17300000.qcom,lpass/firmware/adsp.b12'
01-15 17:19:52.245     0     0 I subsys-pil-tz 8300000.qcom,turing: cdsp: Power/Clock ready interrupt received
01-15 17:19:52.245     0     0 I ueventd : loading /devices/platform/soc/17300000.qcom,lpass/firmware/adsp.b12 took 1ms
01-15 17:19:52.248     0     0 D vdc     : Waited 0ms for vold
01-15 17:19:52.248   528   528 I vold    : fscrypt_initialize_systemwide_keys
01-15 17:19:52.249   528   528 D vold    : Key exists, using: /data/unencrypted/key
01-15 17:19:52.255     0     0 I ueventd : firmware: loading 'adsp.b13' for '/devices/platform/soc/17300000.qcom,lpass/firmware/adsp.b13'
01-15 17:19:52.255     0     0 I init    : Received control message 'interface_start' for 'android.hardware.keymaster@3.0::IKeymasterDevice/default' from pid: 523 (/system/bin/hwservicemanager)
01-15 17:19:52.255     0     0 E init    : Could not find 'android.hardware.keymaster@3.0::IKeymasterDevice/default' for ctl.interface_start
01-15 17:19:52.256     0     0 I init    : Received control message 'interface_start' for 'android.hardware.keymaster@3.0::IKeymasterDevice/default' from pid: 523 (/system/bin/hwservicemanager)
01-15 17:19:52.256     0     0 E init    : Could not find 'android.hardware.keymaster@3.0::IKeymasterDevice/default' for ctl.interface_start
01-15 17:19:52.257     0     0 I ueventd : loading /devices/platform/soc/17300000.qcom,lpass/firmware/adsp.b13 took 3ms
01-15 17:19:52.347     0     0 I subsys-pil-tz 17300000.qcom,lpass: adsp: Brought out of reset
01-15 17:19:52.353   528   528 I vold    : List of Keymaster HALs found:
01-15 17:19:52.354   528   528 I vold    : Keymaster HAL #1: Keymaster HAL: 3 from QTI SecurityLevel: TRUSTED_ENVIRONMENT HAL: android.hardware.keymaster@3.0::IKeymasterDevice/default
01-15 17:19:52.354   528   528 I vold    : Using Keymaster HAL: 3 from QTI for encryption.  Security level: TRUSTED_ENVIRONMENT, HAL: android.hardware.keymaster@3.0::IKeymasterDevice/default
01-15 17:19:52.357     0     0 I subsys-pil-tz 17300000.qcom,lpass: Subsystem error monitoring/handling services are up
01-15 17:19:52.359     0     0 I adsprpc : fastrpc_rpmsg_probe: opened rpmsg channel for adsp
01-15 17:19:52.364     0     0 I subsys-pil-tz 17300000.qcom,lpass: adsp: Power/Clock ready interrupt received
01-15 17:19:52.367     0     0 I apr_tal_rpmsg qcom,glink: adsp.apr_audio_svc.-1.-1: apr_tal_rpmsg_probe: Channel[apr_audio_svc] state[Up]
01-15 17:19:52.373   528   528 D vold    : Added key 829331921 (ext4:bdc5f53c209bb58c) to keyring 252663927 in process 528
01-15 17:19:52.373   528   528 D vold    : Added key 69128760 (f2fs:bdc5f53c209bb58c) to keyring 252663927 in process 528
01-15 17:19:52.373   528   528 D vold    : Added key 297275887 (fscrypt:bdc5f53c209bb58c) to keyring 252663927 in process 528
01-15 17:19:52.378   528   528 I vold    : Wrote system DE key reference to:/data/unencrypted/ref
01-15 17:19:52.379   528   528 D vold    : Added key 554254533 (ext4:2564da85e159d1c0) to keyring 252663927 in process 528
01-15 17:19:52.379   528   528 D vold    : Added key 455319452 (f2fs:2564da85e159d1c0) to keyring 252663927 in process 528
01-15 17:19:52.379   528   528 D vold    : Added key 899835199 (fscrypt:2564da85e159d1c0) to keyring 252663927 in process 528
01-15 17:19:52.382   528   528 I vold    : Wrote per boot key reference to:/data/unencrypted/per_boot_ref
01-15 17:19:52.383     0     0 I init    : Service 'exec 6 (/system/bin/vdc --wait cryptfs enablefilecrypto)' (pid 588) exited with status 0 waiting took 0.154000 seconds
01-15 17:19:52.385     0     0 I init    : Setting policy on /data/bootchart
01-15 17:19:52.388     0     0 I init    : Policy for /data/bootchart set to bdc5f53c209bb58c modes 127/4
01-15 17:19:52.388     0     0 I init    : starting service 'exec 7 (/system/bin/fsverity_init)'...
01-15 17:19:52.391     0     0 I init    : SVC_EXEC service 'exec 7 (/system/bin/fsverity_init)' pid 608 (uid 0 gid 0+0 context default) started; waiting...
01-15 17:19:52.453     0     0 I init    : Service 'exec 7 (/system/bin/fsverity_init)' (pid 608) exited with status 0 waiting took 0.062000 seconds
01-15 17:19:52.453     0     0 I init    : Switched to default mount namespace
01-15 17:19:52.455     0     0 I init    : Not setting policy on /data/apex
01-15 17:19:52.458     0     0 I init    : Not setting policy on /data/app-staging
01-15 17:19:52.458     0     0 I init    : starting service 'apexd'...
01-15 17:19:52.468     0     0 I init    : Setting policy on /data/misc
01-15 17:19:52.469     0     0 I init    : Found policy bdc5f53c209bb58c at /data/misc which matches expected value
01-15 17:19:52.489     0     0 I init    : Setting policy on /data/local
01-15 17:19:52.489     0     0 I init    : Found policy bdc5f53c209bb58c at /data/local which matches expected value
01-15 17:19:52.492     0     0 I apexd   : Marking APEXd as starting
01-15 17:19:52.493     0     0 I apexd   : Scanning /system/apex for embedded keys
01-15 17:19:52.494     0     0 D apexd   : Found bundled key in package /system/apex/com.android.media.swcodec.apex
01-15 17:19:52.495     0     0 D apexd   : Found bundled key in package /system/apex/com.android.resolv.apex
01-15 17:19:52.495     0     0 D apexd   : Found bundled key in package /system/apex/com.android.conscrypt.apex
01-15 17:19:52.496     0     0 D apexd   : Found bundled key in package /system/apex/com.android.runtime.release.apex
01-15 17:19:52.496     0     0 D apexd   : Found bundled key in package /system/apex/com.android.media.apex
01-15 17:19:52.497     0     0 D apexd   : Found bundled key in package /system/apex/com.android.apex.cts.shim.apex
01-15 17:19:52.498     0     0 D apexd   : Found bundled key in package /system/apex/com.android.tzdata.apex
01-15 17:19:52.498     0     0 I init    : Not setting policy on /data/preloads
01-15 17:19:52.498     0     0 I apexd   : Scanning /product/apex for embedded keys
01-15 17:19:52.498     0     0 I apexd   : ... does not exist. Skipping
01-15 17:19:52.499     0     0 I apexd   : Populating APEX database from mounts...
01-15 17:19:52.499     0     0 I init    : Setting policy on /data/vendor
01-15 17:19:52.499     0     0 E apexd   : Failed to walk /product/apex : Can't open /product/apex for reading : No such file or directory
01-15 17:19:52.500     0     0 I init    : Found policy bdc5f53c209bb58c at /data/vendor which matches expected value
01-15 17:19:52.500     0     0 I apexd   : 0 packages restored.
01-15 17:19:52.500     0     0 I init    : Not setting policy on /data/vendor_ce
01-15 17:19:52.501     0     0 I apexd   : Scanning /data/apex/sessions looking for sessions to be activated.
01-15 17:19:52.501     0     0 I init    : Not setting policy on /data/vendor_de
01-15 17:19:52.502     0     0 I apexd   : Scanning /data/apex/active looking for APEX packages.
01-15 17:19:52.502     0     0 I apexd   : Activated 0 packages. Skipped: 0
01-15 17:19:52.503     0     0 I apexd   : Scanning /system/apex looking for APEX packages.
01-15 17:19:52.503     0     0 I apexd   : Found /system/apex/com.android.media.swcodec.apex
01-15 17:19:52.503     0     0 D apexd   : Found bundled key in package /system/apex/com.android.media.swcodec.apex
01-15 17:19:52.504     0     0 D apexd   : Creating mount point: /apex/com.android.media.swcodec@290000000
01-15 17:19:52.504     0     0 I init    : Not setting policy on /data/data
01-15 17:19:52.504   528   543 D vold    : Disk at 7:64 changed
01-15 17:19:52.505     0     0 I init    : Setting policy on /data/app-private
01-15 17:19:52.506     0     0 I init    : Policy for /data/app-private set to bdc5f53c209bb58c modes 127/4
01-15 17:19:52.506     0     0 I init    : Setting policy on /data/app-ephemeral
01-15 17:19:52.507     0     0 I init    : Policy for /data/app-ephemeral set to bdc5f53c209bb58c modes 127/4
01-15 17:19:52.508     0     0 I init    : Setting policy on /data/app-asec
01-15 17:19:52.508     0     0 I init    : Policy for /data/app-asec set to bdc5f53c209bb58c modes 127/4
01-15 17:19:52.509     0     0 I init    : Setting policy on /data/app-lib
01-15 17:19:52.509     0     0 I init    : Policy for /data/app-lib set to bdc5f53c209bb58c modes 127/4
01-15 17:19:52.511     0     0 I init    : Setting policy on /data/app
01-15 17:19:52.511     0     0 I init    : Found policy bdc5f53c209bb58c at /data/app which matches expected value
01-15 17:19:52.512     0     0 I init    : Setting policy on /data/property
01-15 17:19:52.513     0     0 I init    : Found policy bdc5f53c209bb58c at /data/property which matches expected value
01-15 17:19:52.514     0     0 I init    : Setting policy on /data/tombstones
01-15 17:19:52.514     0     0 I init    : Found policy bdc5f53c209bb58c at /data/tombstones which matches expected value
01-15 17:19:52.517     0     0 I init    : Setting policy on /data/dalvik-cache
01-15 17:19:52.518     0     0 I init    : Found policy bdc5f53c209bb58c at /data/dalvik-cache which matches expected value
01-15 17:19:52.518     0     0 I init    : Setting policy on /data/ota
01-15 17:19:52.519     0     0 I init    : Policy for /data/ota set to bdc5f53c209bb58c modes 127/4
01-15 17:19:52.520     0     0 I init    : Setting policy on /data/ota_package
01-15 17:19:52.520     0     0 I init    : Policy for /data/ota_package set to bdc5f53c209bb58c modes 127/4
01-15 17:19:52.521     0     0 I init    : Setting policy on /data/resource-cache
01-15 17:19:52.522     0     0 I init    : Found policy bdc5f53c209bb58c at /data/resource-cache which matches expected value
01-15 17:19:52.522     0     0 I init    : Not setting policy on /data/lost+found
01-15 17:19:52.524     0     0 I init    : Setting policy on /data/drm
01-15 17:19:52.524     0     0 I init    : Found policy bdc5f53c209bb58c at /data/drm which matches expected value
01-15 17:19:52.525     0     0 I init    : Setting policy on /data/mediadrm
01-15 17:19:52.526     0     0 I init    : Policy for /data/mediadrm set to bdc5f53c209bb58c modes 127/4
01-15 17:19:52.526     0     0 I init    : Setting policy on /data/anr
01-15 17:19:52.527     0     0 I init    : Policy for /data/anr set to bdc5f53c209bb58c modes 127/4
01-15 17:19:52.528     0     0 I init    : Setting policy on /data/nfc
01-15 17:19:52.528     0     0 I init    : Found policy bdc5f53c209bb58c at /data/nfc which matches expected value
01-15 17:19:52.529     0     0 I init    : Setting policy on /data/backup
01-15 17:19:52.530     0     0 I init    : Found policy bdc5f53c209bb58c at /data/backup which matches expected value
01-15 17:19:52.530     0     0 I init    : Setting policy on /data/ss
01-15 17:19:52.531     0     0 I init    : Policy for /data/ss set to bdc5f53c209bb58c modes 127/4
01-15 17:19:52.531     0     0 I init    : Setting policy on /data/system
01-15 17:19:52.532     0     0 I init    : Found policy bdc5f53c209bb58c at /data/system which matches expected value
01-15 17:19:52.535     0     0 I init    : Not setting policy on /data/system_de
01-15 17:19:52.536     0     0 I init    : Not setting policy on /data/system_ce
01-15 17:19:52.536     0     0 I init    : Not setting policy on /data/misc_de
01-15 17:19:52.537     0     0 I init    : Not setting policy on /data/misc_ce
01-15 17:19:52.538     0     0 I init    : Not setting policy on /data/user
01-15 17:19:52.539     0     0 I init    : Not setting policy on /data/user_de
01-15 17:19:52.541     0     0 I init    : Not setting policy on /data/media
01-15 17:19:52.542     0     0 I init    : Setting policy on /data/media/obb
01-15 17:19:52.542     0     0 I init    : Found policy bdc5f53c209bb58c at /data/media/obb which matches expected value
01-15 17:19:52.543     0     0 I init    : Setting policy on /data/cache
01-15 17:19:52.543     0     0 I init    : Found policy bdc5f53c209bb58c at /data/cache which matches expected value
01-15 17:19:52.549   528   543 D vold    : Disk at 7:64 changed
01-15 17:19:52.573     0     0 D apexd   : Loopback device created: /dev/block/loop2
01-15 17:19:52.574     0     0 D apexd   : AVB footer verification successful.
01-15 17:19:52.578     0     0 D apexd   : /system/apex/com.android.media.swcodec.apex: public key matches.
01-15 17:19:52.579     0     0 D apexd   : Waiting for /dev/block/loop2 to be created
01-15 17:19:52.580     0     0 I EXT4-fs (loop2): mounted filesystem without journal. Opts: (null)
01-15 17:19:52.581     0     0 I apexd   : Successfully mounted package /system/apex/com.android.media.swcodec.apex on /apex/com.android.media.swcodec@290000000
01-15 17:19:52.582     0     0 D apexd   : Creating bind-mount for /apex/com.android.media.swcodec for /apex/com.android.media.swcodec@290000000
01-15 17:19:52.582     0     0 D apexd   : Creating mountpoint /apex/com.android.media.swcodec
01-15 17:19:52.583     0     0 D apexd   : Bind-mounting /apex/com.android.media.swcodec@290000000 to /apex/com.android.media.swcodec
01-15 17:19:52.583     0     0 D apexd   : Successfully activated /system/apex/com.android.media.swcodec.apex package_name: com.android.media.swcodec version: 290000000
01-15 17:19:52.583     0     0 I apexd   : Found /system/apex/com.android.resolv.apex
01-15 17:19:52.584     0     0 D apexd   : Found bundled key in package /system/apex/com.android.resolv.apex
01-15 17:19:52.584     0     0 D apexd   : Creating mount point: /apex/com.android.resolv@290000000
01-15 17:19:52.585   528   543 D vold    : Disk at 7:96 changed
01-15 17:19:52.600   528   543 D vold    : Disk at 7:96 changed
01-15 17:19:52.620     0     0 D apexd   : Loopback device created: /dev/block/loop3
01-15 17:19:52.620     0     0 D apexd   : AVB footer verification successful.
01-15 17:19:52.624     0     0 D apexd   : /system/apex/com.android.resolv.apex: public key matches.
01-15 17:19:52.624     0     0 D apexd   : Waiting for /dev/block/loop3 to be created
01-15 17:19:52.626     0     0 I EXT4-fs (loop3): mounted filesystem without journal. Opts: (null)
01-15 17:19:52.626     0     0 I apexd   : Successfully mounted package /system/apex/com.android.resolv.apex on /apex/com.android.resolv@290000000
01-15 17:19:52.627     0     0 D apexd   : Creating bind-mount for /apex/com.android.resolv for /apex/com.android.resolv@290000000
01-15 17:19:52.628     0     0 D apexd   : Creating mountpoint /apex/com.android.resolv
01-15 17:19:52.628     0     0 D apexd   : Bind-mounting /apex/com.android.resolv@290000000 to /apex/com.android.resolv
01-15 17:19:52.628     0     0 D apexd   : Successfully activated /system/apex/com.android.resolv.apex package_name: com.android.resolv version: 290000000
01-15 17:19:52.629     0     0 I apexd   : Found /system/apex/com.android.conscrypt.apex
01-15 17:19:52.629     0     0 D apexd   : Found bundled key in package /system/apex/com.android.conscrypt.apex
01-15 17:19:52.630     0     0 D apexd   : Creating mount point: /apex/com.android.conscrypt@290000000
01-15 17:19:52.630   528   543 D vold    : Disk at 7:128 changed
01-15 17:19:52.644   528   543 D vold    : Disk at 7:128 changed
01-15 17:19:52.673     0     0 D apexd   : Loopback device created: /dev/block/loop4
01-15 17:19:52.673     0     0 D apexd   : AVB footer verification successful.
01-15 17:19:52.677     0     0 D apexd   : /system/apex/com.android.conscrypt.apex: public key matches.
01-15 17:19:52.677     0     0 D apexd   : Waiting for /dev/block/loop4 to be created
01-15 17:19:52.679     0     0 I EXT4-fs (loop4): mounted filesystem without journal. Opts: (null)
01-15 17:19:52.679     0     0 I apexd   : Successfully mounted package /system/apex/com.android.conscrypt.apex on /apex/com.android.conscrypt@290000000
01-15 17:19:52.680     0     0 D apexd   : Creating bind-mount for /apex/com.android.conscrypt for /apex/com.android.conscrypt@290000000
01-15 17:19:52.681     0     0 D apexd   : Creating mountpoint /apex/com.android.conscrypt
01-15 17:19:52.681     0     0 D apexd   : Bind-mounting /apex/com.android.conscrypt@290000000 to /apex/com.android.conscrypt
01-15 17:19:52.681     0     0 D apexd   : Successfully activated /system/apex/com.android.conscrypt.apex package_name: com.android.conscrypt version: 290000000
01-15 17:19:52.682     0     0 I apexd   : Found /system/apex/com.android.runtime.release.apex
01-15 17:19:52.682     0     0 D apexd   : Found bundled key in package /system/apex/com.android.runtime.release.apex
01-15 17:19:52.683     0     0 D apexd   : Creating mount point: /apex/com.android.runtime@1
01-15 17:19:52.683   528   543 D vold    : Disk at 7:160 changed
01-15 17:19:52.700   528   543 D vold    : Disk at 7:160 changed
01-15 17:19:52.714     0     0 D apexd   : Loopback device created: /dev/block/loop5
01-15 17:19:52.714     0     0 D apexd   : AVB footer verification successful.
01-15 17:19:52.718     0     0 D apexd   : /system/apex/com.android.runtime.release.apex: public key matches.
01-15 17:19:52.718     0     0 D apexd   : Waiting for /dev/block/loop5 to be created
01-15 17:19:52.720     0     0 I EXT4-fs (loop5): mounted filesystem without journal. Opts: (null)
01-15 17:19:52.721     0     0 I apexd   : Successfully mounted package /system/apex/com.android.runtime.release.apex on /apex/com.android.runtime@1
01-15 17:19:52.722     0     0 D apexd   : Creating bind-mount for /apex/com.android.runtime for /apex/com.android.runtime@1
01-15 17:19:52.722     0     0 D apexd   : Bind-mounting /apex/com.android.runtime@1 to /apex/com.android.runtime
01-15 17:19:52.723     0     0 D apexd   : Successfully activated /system/apex/com.android.runtime.release.apex package_name: com.android.runtime version: 1
01-15 17:19:52.723     0     0 I apexd   : Found /system/apex/com.android.media.apex
01-15 17:19:52.724     0     0 D apexd   : Found bundled key in package /system/apex/com.android.media.apex
01-15 17:19:52.724     0     0 D apexd   : Creating mount point: /apex/com.android.media@290000000
01-15 17:19:52.724   528   543 D vold    : Disk at 7:192 changed
01-15 17:19:52.741   528   543 D vold    : Disk at 7:192 changed
01-15 17:19:52.756     0     0 D apexd   : Loopback device created: /dev/block/loop6
01-15 17:19:52.756     0     0 D apexd   : AVB footer verification successful.
01-15 17:19:52.760     0     0 D apexd   : /system/apex/com.android.media.apex: public key matches.
01-15 17:19:52.760     0     0 D apexd   : Waiting for /dev/block/loop6 to be created
01-15 17:19:52.762     0     0 I EXT4-fs (loop6): mounted filesystem without journal. Opts: (null)
01-15 17:19:52.763     0     0 I apexd   : Successfully mounted package /system/apex/com.android.media.apex on /apex/com.android.media@290000000
01-15 17:19:52.764     0     0 D apexd   : Creating bind-mount for /apex/com.android.media for /apex/com.android.media@290000000
01-15 17:19:52.764     0     0 D apexd   : Creating mountpoint /apex/com.android.media
01-15 17:19:52.765     0     0 D apexd   : Bind-mounting /apex/com.android.media@290000000 to /apex/com.android.media
01-15 17:19:52.765     0     0 D apexd   : Successfully activated /system/apex/com.android.media.apex package_name: com.android.media version: 290000000
01-15 17:19:52.765     0     0 I apexd   : Found /system/apex/com.android.apex.cts.shim.apex
01-15 17:19:52.766     0     0 D apexd   : Found bundled key in package /system/apex/com.android.apex.cts.shim.apex
01-15 17:19:52.766     0     0 D apexd   : Creating mount point: /apex/com.android.apex.cts.shim@1
01-15 17:19:52.767   528   543 D vold    : Disk at 7:224 changed
01-15 17:19:52.779   528   543 D vold    : Disk at 7:224 changed
01-15 17:19:52.800     0     0 D apexd   : Loopback device created: /dev/block/loop7
01-15 17:19:52.800     0     0 D apexd   : AVB footer verification successful.
01-15 17:19:52.804     0     0 D apexd   : /system/apex/com.android.apex.cts.shim.apex: public key matches.
01-15 17:19:52.805     0     0 D apexd   : Waiting for /dev/block/loop7 to be created
01-15 17:19:52.806     0     0 I EXT4-fs (loop7): mounted filesystem without journal. Opts: (null)
01-15 17:19:52.807     0     0 I apexd   : Successfully mounted package /system/apex/com.android.apex.cts.shim.apex on /apex/com.android.apex.cts.shim@1
01-15 17:19:52.808     0     0 D apexd   : Validating shim apex /apex/com.android.apex.cts.shim@1
01-15 17:19:52.808     0     0 D apexd   : Checking if "/apex/com.android.apex.cts.shim@1/lost+found" is an allowed directory
01-15 17:19:52.809     0     0 D apexd   : Checking if "/apex/com.android.apex.cts.shim@1/etc" is an allowed directory
01-15 17:19:52.810     0     0 D apexd   : Checking if "/apex/com.android.apex.cts.shim@1/etc/hash.txt" is an allowed file
01-15 17:19:52.810     0     0 D apexd   : Checking if "/apex/com.android.apex.cts.shim@1/apex_manifest.json" is an allowed directory
01-15 17:19:52.810     0     0 D apexd   : Creating bind-mount for /apex/com.android.apex.cts.shim for /apex/com.android.apex.cts.shim@1
01-15 17:19:52.811     0     0 D apexd   : Creating mountpoint /apex/com.android.apex.cts.shim
01-15 17:19:52.811     0     0 D apexd   : Bind-mounting /apex/com.android.apex.cts.shim@1 to /apex/com.android.apex.cts.shim
01-15 17:19:52.811     0     0 D apexd   : Successfully activated /system/apex/com.android.apex.cts.shim.apex package_name: com.android.apex.cts.shim version: 1
01-15 17:19:52.812     0     0 I apexd   : Found /system/apex/com.android.tzdata.apex
01-15 17:19:52.812     0     0 D apexd   : Found bundled key in package /system/apex/com.android.tzdata.apex
01-15 17:19:52.813     0     0 D apexd   : Creating mount point: /apex/com.android.tzdata@290000000
01-15 17:19:52.813   528   543 D vold    : Disk at 7:256 changed
01-15 17:19:52.831   528   543 D vold    : Disk at 7:256 changed
01-15 17:19:52.848     0     0 D apexd   : Loopback device created: /dev/block/loop8
01-15 17:19:52.848     0     0 D apexd   : AVB footer verification successful.
01-15 17:19:52.852     0     0 D apexd   : /system/apex/com.android.tzdata.apex: public key matches.
01-15 17:19:52.852     0     0 D apexd   : Waiting for /dev/block/loop8 to be created
01-15 17:19:52.854     0     0 I EXT4-fs (loop8): mounted filesystem without journal. Opts: (null)
01-15 17:19:52.855     0     0 I apexd   : Successfully mounted package /system/apex/com.android.tzdata.apex on /apex/com.android.tzdata@290000000
01-15 17:19:52.856     0     0 D apexd   : Creating bind-mount for /apex/com.android.tzdata for /apex/com.android.tzdata@290000000
01-15 17:19:52.856     0     0 D apexd   : Bind-mounting /apex/com.android.tzdata@290000000 to /apex/com.android.tzdata
01-15 17:19:52.856     0     0 D apexd   : Successfully activated /system/apex/com.android.tzdata.apex package_name: com.android.tzdata version: 290000000
01-15 17:19:52.857     0     0 I apexd   : Activated 7 packages. Skipped: 0
01-15 17:19:52.857     0     0 I apexd   : Scanning /product/apex looking for APEX packages.
01-15 17:19:52.858     0     0 E apexd   : Failed to activate packages from /product/apex : Failed to scan /product/apex : Can't open /product/apex for reading : No such file or directory
01-15 17:19:52.859     0     0 I apexd   : Marking APEXd as ready
01-15 17:19:52.859     0     0 I init    : Wait for property 'apexd.status=ready' took 313ms
01-15 17:19:52.861     0     0 I init    : Parsing file /apex/com.android.media.swcodec@290000000/etc/init.rc...
01-15 17:19:52.862     0     0 I init    : starting service 'exec 8 (/system/bin/vdc --wait cryptfs init_user0)'...
01-15 17:19:52.865     0     0 I init    : SVC_EXEC service 'exec 8 (/system/bin/vdc --wait cryptfs init_user0)' pid 629 (uid 0 gid 0+0 context default) started; waiting...
01-15 17:19:52.900     0     0 D vdc     : Waited 0ms for vold
01-15 17:19:52.900   528   528 D vold    : fscrypt_init_user0
01-15 17:19:52.901   528   528 D vold    : Preparing: /data/misc/vold/user_keys
01-15 17:19:52.902   528   528 D vold    : Preparing: /data/misc/vold/user_keys/ce
01-15 17:19:52.903   528   528 D vold    : Preparing: /data/misc/vold/user_keys/de
01-15 17:19:52.908   528   528 I vold    : List of Keymaster HALs found:
01-15 17:19:52.908   528   528 I vold    : Keymaster HAL #1: Keymaster HAL: 3 from QTI SecurityLevel: TRUSTED_ENVIRONMENT HAL: android.hardware.keymaster@3.0::IKeymasterDevice/default
01-15 17:19:52.909   528   528 I vold    : Using Keymaster HAL: 3 from QTI for encryption.  Security level: TRUSTED_ENVIRONMENT, HAL: android.hardware.keymaster@3.0::IKeymasterDevice/default
01-15 17:19:52.920   528   528 D vold    : Added key 665164935 (ext4:b8e87960bb1540e7) to keyring 252663927 in process 528
01-15 17:19:52.921   528   528 D vold    : Added key 682800706 (f2fs:b8e87960bb1540e7) to keyring 252663927 in process 528
01-15 17:19:52.921   528   528 D vold    : Added key 342278713 (fscrypt:b8e87960bb1540e7) to keyring 252663927 in process 528
01-15 17:19:52.921   528   528 D vold    : Installed de key for user 0
01-15 17:19:52.921   528   528 D vold    : Skipping non-de-key ..
01-15 17:19:52.922   528   528 D vold    : Skipping non-de-key .
01-15 17:19:52.922   528   528 D vold    : fscrypt_prepare_user_storage for volume null, user 0, serial 0, flags 1
01-15 17:19:52.922   528   528 D vold    : Preparing: /data/system/users/0
01-15 17:19:52.924   528   528 D vold    : Preparing: /data/misc/profiles/cur/0
01-15 17:19:52.924   528   528 D vold    : Preparing: /data/system_de/0
01-15 17:19:52.925   528   528 D vold    : Preparing: /data/misc_de/0
01-15 17:19:52.926   528   528 D vold    : Preparing: /data/vendor_de/0
01-15 17:19:52.926   528   528 D vold    : Preparing: /data/user_de/0
01-15 17:19:52.927   528   528 I vold    : Found policy b8e87960bb1540e7 at /data/system_de/0 which matches expected value
01-15 17:19:52.928   528   528 I vold    : Found policy b8e87960bb1540e7 at /data/misc_de/0 which matches expected value
01-15 17:19:52.929   528   528 I vold    : Found policy b8e87960bb1540e7 at /data/vendor_de/0 which matches expected value
01-15 17:19:52.930   528   528 I vold    : Found policy b8e87960bb1540e7 at /data/user_de/0 which matches expected value
01-15 17:19:52.930   528   528 D vold    : /system/bin/vold_prepare_subdirs
01-15 17:19:52.931   528   528 D vold    :     prepare
01-15 17:19:52.931   528   528 D vold    :     
01-15 17:19:52.931   528   528 D vold    :     0
01-15 17:19:52.931   528   528 D vold    :     1
01-15 17:19:52.967     0     0 I init    : Service 'exec 8 (/system/bin/vdc --wait cryptfs init_user0)' (pid 629) exited with status 0 waiting took 0.102000 seconds
01-15 17:19:52.970     0     0 I selinux : SELinux: Skipping restorecon on directory(/data)
01-15 17:19:52.970     0     0 I init    : starting service 'exec 9 (/system/bin/tzdatacheck /apex/com.android.runtime/etc/tz /data/misc/zoneinfo)'...
01-15 17:19:52.973     0     0 I init    : SVC_EXEC service 'exec 9 (/system/bin/tzdatacheck /apex/com.android.runtime/etc/tz /data/misc/zoneinfo)' pid 632 (uid 1000 gid 1000+0 context default) started; waiting...
01-15 17:19:52.988     0     0 I init    : Service 'exec 9 (/system/bin/tzdatacheck /apex/com.android.runtime/etc/tz /data/misc/zoneinfo)' (pid 632) exited with status 0 waiting took 0.015000 seconds
01-15 17:19:52.989     0     0 I init    : processing action (post-fs-data) from (/init.rc:863)
01-15 17:19:52.989     0     0 I init    : starting service 'lkzto2vXPkWs'...
01-15 17:19:53.034     0     0 D logd    : logdr: UID=0 GID=0 PID=637 n tail=0 logMask=19 pid=0 start=0ns timeout=0ns
01-15 17:19:53.056     0     0 D logd    : logdr: UID=0 GID=0 PID=640 b tail=0 logMask=19 pid=0 start=0ns timeout=0ns
01-15 17:19:53.084     0     0 I PMI     : smblib_somc_jeita_work: JEITA: batt_temp=272(3) skin_temp=263(3) result:3
01-15 17:19:53.264     0     0 I init    : wait for '/dev/.magisk_unblock' took 272ms
01-15 17:19:53.264     0     0 I init    : Command 'wait /dev/.magisk_unblock 10' action=post-fs-data (/init.rc:867) took 272ms and succeeded
01-15 17:19:53.265     0     0 W init    : DM_DEV_STATUS failed for system: Bad file descriptor
01-15 17:19:53.265     0     0 W init    : DM_DEV_STATUS failed for vroot: Bad file descriptor
01-15 17:19:53.271     0     0 I init    : processing action (post-fs-data) from (/init.usb.rc:6)
01-15 17:19:53.271     0     0 I init    : Service 'lkzto2vXPkWs' (pid 633) exited with status 0
01-15 17:19:53.274     0     0 I init    : Setting policy on /data/adb
01-15 17:19:53.274     0     0 I init    : Found policy bdc5f53c209bb58c at /data/adb which matches expected value
01-15 17:19:53.274     0     0 I init    : processing action (post-fs-data) from (/vendor/etc/init/hw/init.apollo.rc:116)
01-15 17:19:53.275     0     0 I init    : starting service 'netd'...
01-15 17:19:53.278     0     0 I init    : Created socket '/dev/socket/dnsproxyd', mode 660, user 0, group 3003
01-15 17:19:53.279     0     0 I init    : Created socket '/dev/socket/mdns', mode 660, user 0, group 1000
01-15 17:19:53.279     0     0 I init    : Created socket '/dev/socket/fwmarkd', mode 660, user 0, group 3003
01-15 17:19:53.288     0     0 I init    : Setting policy on /data/hostapd
01-15 17:19:53.288     0     0 I init    : Policy for /data/hostapd set to bdc5f53c209bb58c modes 127/4
01-15 17:19:53.290     0     0 I init    : Setting policy on /data/scd
01-15 17:19:53.290     0     0 I init    : Policy for /data/scd set to bdc5f53c209bb58c modes 127/4
01-15 17:19:53.292     0     0 I init    : Setting policy on /data/fpc
01-15 17:19:53.292     0     0 I init    : Policy for /data/fpc set to bdc5f53c209bb58c modes 127/4
01-15 17:19:53.293     0     0 I init    : Setting policy on /data/persist
01-15 17:19:53.294     0     0 I init    : Policy for /data/persist set to bdc5f53c209bb58c modes 127/4
01-15 17:19:53.297     0     0 I init    : Setting policy on /data/etc
01-15 17:19:53.299     0     0 I init    : Policy for /data/etc set to bdc5f53c209bb58c modes 127/4
01-15 17:19:53.300     0     0 I init    : Setting policy on /data/system
01-15 17:19:53.300     0     0 I init    : Found policy bdc5f53c209bb58c at /data/system which matches expected value
01-15 17:19:53.302     0     0 I init    : Setting policy on /data/shared
01-15 17:19:53.302     0     0 I init    : Policy for /data/shared set to bdc5f53c209bb58c modes 127/4
01-15 17:19:53.303     0     0 I init    : Setting policy on /data/audio
01-15 17:19:53.304     0     0 I init    : Policy for /data/audio set to bdc5f53c209bb58c modes 127/4
01-15 17:19:53.305     0     0 I init    : Setting policy on /data/nfc
01-15 17:19:53.306     0     0 I init    : Found policy bdc5f53c209bb58c at /data/nfc which matches expected value
01-15 17:19:53.309     0     0 I init    : processing action (post-fs-data) from (/system/etc/init/adb_root.rc:6)
01-15 17:19:53.311     0     0 I init    : Setting policy on /data/adbroot
01-15 17:19:53.311     0     0 I init    : Found policy bdc5f53c209bb58c at /data/adbroot which matches expected value
01-15 17:19:53.311     0     0 I init    : processing action (post-fs-data) from (/system/etc/init/art_apex_boot_integrity.rc:19)
01-15 17:19:53.312     0     0 I init    : starting service 'exec 10 (/system/bin/art_apex_boot_integrity)'...
01-15 17:19:53.314     0     0 I init    : SVC_EXEC service 'exec 10 (/system/bin/art_apex_boot_integrity)' pid 644 (uid 0 gid 0+0 context default) started; waiting...
01-15 17:19:53.390     0     0 I init    : Service 'exec 10 (/system/bin/art_apex_boot_integrity)' (pid 644) exited with status 0 waiting took 0.076000 seconds
01-15 17:19:53.390     0     0 I init    : processing action (post-fs-data) from (/system/etc/init/bootstat.rc:9)
01-15 17:19:53.394     0     0 I init    : processing action (post-fs-data) from (/system/etc/init/gsid.rc:10)
01-15 17:19:53.396     0     0 I init    : Not setting policy on /data/gsi
01-15 17:19:53.396     0     0 I init    : processing action (post-fs-data) from (/system/etc/init/incidentd.rc:21)
01-15 17:19:53.397     0     0 I init    : processing action (post-fs-data) from (/system/etc/init/iorapd.rc:27)
01-15 17:19:53.398     0     0 I init    : processing action (post-fs-data) from (/system/etc/init/lineage-ssh.rc:1)
01-15 17:19:53.399     0     0 I init    : Setting policy on /data/ssh
01-15 17:19:53.399     0     0 I init    : Found policy bdc5f53c209bb58c at /data/ssh which matches expected value
01-15 17:19:53.400     0     0 I init    : processing action (post-fs-data) from (/system/etc/init/lineage-system.rc:6)
01-15 17:19:53.400     0     0 I init    : processing action (post-fs-data) from (/system/etc/init/lineage-updates.rc:1)
01-15 17:19:53.402     0     0 I init    : Setting policy on /data/lineageos_updates
01-15 17:19:53.402     0     0 I init    : Policy for /data/lineageos_updates set to bdc5f53c209bb58c modes 127/4
01-15 17:19:53.402     0     0 I init    : processing action (post-fs-data) from (/system/etc/init/logtagd.rc:4)
01-15 17:19:53.404     0     0 I init    : processing action (post-fs-data) from (/system/etc/init/otapreopt.rc:3)
01-15 17:19:53.404     0     0 I init    : starting service 'exec 11 (/system/bin/otapreopt_slot)'...
01-15 17:19:53.407     0     0 I init    : SVC_EXEC service 'exec 11 (/system/bin/otapreopt_slot)' pid 649 (uid 0 gid 0+0 context default) started; waiting...
01-15 17:19:53.446     0     0 I init    : Service 'exec 11 (/system/bin/otapreopt_slot)' (pid 649) exited with status 0 waiting took 0.039000 seconds
01-15 17:19:53.449     0     0 I selinux : SELinux: Skipping restorecon on directory(/data/dalvik-cache/arm)
01-15 17:19:53.450     0     0 I selinux : SELinux: Skipping restorecon on directory(/data/dalvik-cache/arm64)
01-15 17:19:53.450     0     0 E selinux : SELinux:  Could not stat /data/dalvik-cache/mips: No such file or directory.
01-15 17:19:53.450     0     0 E selinux : SELinux:  Could not stat /data/dalvik-cache/mips64: No such file or directory.
01-15 17:19:53.451     0     0 E selinux : SELinux:  Could not stat /data/dalvik-cache/x86: No such file or directory.
01-15 17:19:53.451     0     0 E selinux : SELinux:  Could not stat /data/dalvik-cache/x86_64: No such file or directory.
01-15 17:19:53.451     0     0 I init    : processing action (post-fs-data) from (/system/etc/init/recovery-persist.rc:1)
01-15 17:19:53.452     0     0 I init    : starting service 'exec 12 (/system/bin/recovery-persist)'...
01-15 17:19:53.454     0     0 I init    : processing action (post-fs-data) from (/system/etc/init/statsd.rc:25)
01-15 17:19:53.457     0     0 I init    : processing action (post-fs-data) from (/vendor/etc/init/android.hardware.power@1.3-service.sony.rc:11)
01-15 17:19:53.457     0     0 I init    : processing action (post-fs-data) from (/vendor/etc/init/hostapd.android.rc:9)
01-15 17:19:53.459     0     0 I init    : processing action (post-fs-data) from (/vendor/etc/init/ipacm.rc:1)
01-15 17:19:53.460     0     0 I init    : processing action (post-fs-data) from (/vendor/etc/init/macaddrsetup.rc:1)
01-15 17:19:53.460     0     0 I init    : processing action (post-fs-data) from (/vendor/etc/init/netmgrd.rc:5)
01-15 17:19:53.461     0     0 I init    : processing action (post-fs-data) from (/vendor/etc/init/sensors.rc:1)
01-15 17:19:53.463     0     0 I init    : processing action (post-fs-data) from (/vendor/etc/init/tftp_server.rc:1)
01-15 17:19:53.465     0     0 I init    : processing action (load_persist_props_action) from (/init.rc:310)
01-15 17:19:53.466     0     0 W init    : Couldn't load property file '/data/local.prop': open() failed: No such file or directory: No such file or directory
01-15 17:19:53.469     0     0 I init    : Wait for property 'ro.persistent_properties.ready=true' took 3ms
01-15 17:19:53.469     0     0 I init    : starting service 'logd-reinit'...
01-15 17:19:53.472     0     0 I init    : Service 'exec 12 (/system/bin/recovery-persist)' (pid 652) exited with status 0
01-15 17:19:53.473     0     0 I init    : processing action (load_persist_props_action) from (/system/etc/init/flags_health_check.rc:1)
01-15 17:19:53.474     0     0 I init    : Setting policy on /data/server_configurable_flags
01-15 17:19:53.475     0     0 I init    : Policy for /data/server_configurable_flags set to bdc5f53c209bb58c modes 127/4
01-15 17:19:53.476     0     0 I init    : starting service 'exec 13 (/system/bin/flags_health_check BOOT_FAILURE)'...
01-15 17:19:53.478     0     0 I init    : SVC_EXEC service 'exec 13 (/system/bin/flags_health_check BOOT_FAILURE)' pid 654 (uid 1000 gid 1000+0 context default) started; waiting...
01-15 17:19:53.486     0     0 I logd.daemon: reinit
01-15 17:19:53.486     0     0 I init    : Service 'logd-reinit' (pid 653) exited with status 0
01-15 17:19:53.500     0     0 I init    : Service 'exec 13 (/system/bin/flags_health_check BOOT_FAILURE)' (pid 654) exited with status 0 waiting took 0.022000 seconds
01-15 17:19:53.500     0     0 I init    : processing action (load_persist_props_action) from (/system/etc/init/logcatd.rc:31)
01-15 17:19:53.501     0     0 I init    : processing action (ro.crypto.state=encrypted && ro.crypto.type=file && zygote-start) from (/init.rc:647)
01-15 17:19:53.501     0     0 I init    : starting service 'update_verifier_nonencrypted'...
01-15 17:19:53.504     0     0 I init    : SVC_EXEC service 'update_verifier_nonencrypted' pid 655 (uid 0 gid 2001+1 context default) started; waiting...
01-15 17:19:53.535     0     0 I update_verifier: Started with arg 1: nonencrypted
01-15 17:19:53.539     0     0 I update_verifier: Booting slot 1: isSlotMarkedSuccessful=1
01-15 17:19:53.539     0     0 I update_verifier: Leaving update_verifier.
01-15 17:19:53.540     0     0 I init    : Service 'update_verifier_nonencrypted' (pid 655) exited with status 0 waiting took 0.037000 seconds
01-15 17:19:53.541     0     0 I init    : starting service 'zygote'...
01-15 17:19:53.544     0     0 I init    : Created socket '/dev/socket/zygote', mode 660, user 0, group 1000
01-15 17:19:53.544     0     0 I init    : starting service 'zygote_secondary'...
01-15 17:19:53.545     0     0 I init    : Created socket '/dev/socket/usap_pool_primary', mode 660, user 0, group 1000
01-15 17:19:53.547     0     0 I init    : processing action (zygote-start) from (/system/etc/init/bootstat.rc:72)
01-15 17:19:53.547     0     0 I init    : Created socket '/dev/socket/zygote_secondary', mode 660, user 0, group 1000
01-15 17:19:53.548     0     0 I init    : starting service 'exec 14 (/system/bin/bootstat --set_system_boot_reason)'...
01-15 17:19:53.548     0     0 I init    : Created socket '/dev/socket/usap_pool_secondary', mode 660, user 0, group 1000
01-15 17:19:53.550     0     0 I init    : processing action (firmware_mounts_complete) from (/init.rc:316)
01-15 17:19:53.550     0     0 I init    : processing action (early-boot) from (/vendor/etc/init/hw/init.apollo.rc:191)
01-15 17:19:53.553     0     0 I init    : processing action (early-boot) from (/system/etc/init/installd.rc:5)
01-15 17:19:53.574     0     0 I init    : processing action (boot) from (/init.rc:654)
01-15 17:19:53.580     0     0 I init    : starting service 'hidl_memory'...
01-15 17:19:53.583     0     0 I init    : starting service 'vendor.audio-hal-2-0'...
01-15 17:19:53.587     0     0 I init    : starting service 'vendor.bluetooth-1-0-qti'...
01-15 17:19:53.590     0     0 I init    : starting service 'vendor.camera-provider-2-4'...
01-15 17:19:53.593     0     0 E init    : couldn't write 662 to /dev/cpuset/camera-daemon/tasks: No such file or directory
01-15 17:19:53.593     0     0 I init    : starting service 'vendor.cas-hal-1-1'...
01-15 17:19:53.597     0     0 I init    : starting service 'vendor.configstore-hal'...
01-15 17:19:53.602     0     0 I init    : starting service 'vendor.drm-hal-1-0'...
01-15 17:19:53.606     0     0 I init    : starting service 'vendor.drm-clearkey-hal-1-2'...
01-15 17:19:53.610     0     0 I init    : starting service 'vendor.drm-widevine-hal-1-2'...
01-15 17:19:53.613     0     0 I init    : starting service 'vendor.gatekeeper-1-0'...
01-15 17:19:53.617     0     0 I init    : starting service 'gnss_service'...
01-15 17:19:53.621     0     0 I init    : starting service 'vendor.hwcomposer-2-3'...
01-15 17:19:53.625     0     0 I init    : starting service 'vendor.health-hal-2-0'...
01-15 17:19:53.629     0     0 I init    : Opened file '/dev/kmsg', flags 1
01-15 17:19:53.629     0     0 I init    : starting service 'vendor.light-hal-2-0'...
01-15 17:19:53.634     0     0 I init    : starting service 'vendor.memtrack-hal-1-0'...
01-15 17:19:53.637     0     0 I init    : starting service 'vendor.nfc_hal_service'...
01-15 17:19:53.642     0     0 I init    : starting service 'vendor.power-hal-1-3'...
01-15 17:19:53.647     0     0 I init    : starting service 'vendor.sensors-hal-1-0'...
01-15 17:19:53.652     0     0 I init    : starting service 'vendor.thermal-hal-1-0'...
01-15 17:19:53.657     0     0 I init    : starting service 'vendor.usb-hal-1-0'...
01-15 17:19:53.671     0     0 I init    : starting service 'vendor.vibrator-1-0'...
01-15 17:19:53.678     0     0 I init    : starting service 'vendor.wifi_hal_legacy'...
01-15 17:19:53.687     0     0 I init    : starting service 'vendor.qti.hardware.display.allocator'...
01-15 17:19:53.699     0     0 I init    : Command 'class_start hal' action=boot (/init.rc:755) took 119ms and succeeded
01-15 17:19:53.700     0     0 I init    : starting service 'ashmemd'...
01-15 17:19:53.705     0     0 I init    : starting service 'audioserver'...
01-15 17:19:53.709     0     0 I init    : starting service 'gpu'...
01-15 17:19:53.721     0     0 I init    : starting service 'lmkd'...
01-15 17:19:53.734     0     0 I init    : starting service 'surfaceflinger'...
01-15 17:19:53.744     0     0 E init    : Failed to bind socket 'pdx/system/vr/display/client': No such file or directory
01-15 17:19:53.745     0     0 E init    : Failed to bind socket 'pdx/system/vr/display/manager': No such file or directory
01-15 17:19:53.745     0     0 E init    : Failed to bind socket 'pdx/system/vr/display/vsync': No such file or directory
01-15 17:19:53.747     0     0 I init    : starting service 'vendor.mlog_qmi_service'...
01-15 17:19:53.751     0     0 I init    : Created socket '/dev/socket/lmkd', mode 660, user 1000, group 1000
01-15 17:19:53.755     0     0 I init    : starting service 'vendor.pd_mapper'...
01-15 17:19:53.765     0     0 W healthd : BatteryCycleCountPath not found
01-15 17:19:53.766     0     0 I init    : starting service 'vendor.per_mgr'...
01-15 17:19:53.776     0     0 W healthd : battery l=100 v=4306 t=27.2 h=2 st=3 c=344 fc=2374000 chg=
01-15 17:19:53.783     0     0 I init    : starting service 'vendor.qrtr-ns'...
01-15 17:19:53.772   682   682 I android.hardware.wifi@1.0-service: Wifi Hal is booting up...
01-15 17:19:53.774   682   682 I ServiceManagement: Registered android.hardware.wifi@1.3::IWifi/default (start delay of 98ms)
01-15 17:19:53.795     0     0 I init    : starting service 'rdclean'...
01-15 17:19:53.800   697   697 I mlog_qmi_service: Starting Modem Log QMI service
01-15 17:19:53.809     0     0 I init    : starting service 'vendor.rmt_storage'...
01-15 17:19:53.813     0     0 I sysmon-qmi: ssctl_new_server: Connection established between QMI handle and cdsp's SSCTL service
01-15 17:19:53.816     0     0 E diag    : In diag_send_feature_mask_update, control channel is not open, p: 1, 0000000000000000
01-15 17:19:53.816     0     0 E diag    : In diag_send_peripheral_buffering_mode, buffering flag not set for 1
01-15 17:19:53.822     0     0 I sysmon-qmi: ssctl_new_server: Connection established between QMI handle and adsp's SSCTL service
01-15 17:19:53.822     0     0 I servloc : service_locator_new_server: Connection established with the Service locator
01-15 17:19:53.822     0     0 I servloc : init_service_locator: Service locator initialized
01-15 17:19:53.822     0     0 E diag    : In diag_send_peripheral_buffering_mode, buffering flag not set for 1
01-15 17:19:53.823     0     0 E diag    : In diag_send_feature_mask_update, control channel is not open, p: 5, 0000000000000000
01-15 17:19:53.823     0     0 E diag    : In diag_send_peripheral_buffering_mode, buffering flag not set for 5
01-15 17:19:53.828     0     0 E diag    : In diag_send_peripheral_buffering_mode, buffering flag not set for 5
01-15 17:19:53.830     0     0 I init    : starting service 'vendor.sct_service'...
01-15 17:19:53.834     0     0 I audio_notifer_reg_service: service PDR_ADSP is in use
01-15 17:19:53.834     0     0 I service-notifier: service_notifier_new_server: Connection established between QMI handle and 74 service
01-15 17:19:53.834     0     0 I sps     : BAM 0x0000000017184000 (va:0x0000000000000000) enabled: ver:0x19, number of pipes:23
01-15 17:19:53.834     0     0 I sps     : BAM 0x0000000017184000 is registered.
01-15 17:19:53.835     0     0 I apr_adsp_up: Q6 is Up
