05-28 12:24:13.316  1819  1819 I auditd  : type=1400 audit(0.0:423): avc: denied { map } for comm="RenderThread" path="/dev/__properties__/u:object_r:heapprofd_enabled_prop:s0" dev="tmpfs" ino=14871 scontext=u:r:system_app:s0 tcontext=u:object_r:heapprofd_enabled_prop:s0 tclass=file permissive=1
05-28 12:24:13.316  1819  1819 I auditd  : type=1400 audit(0.0:424): avc: denied { open } for comm="RenderThread" path="/dev/__properties__/u:object_r:keymaster_prop:s0" dev="tmpfs" ino=14874 scontext=u:r:system_app:s0 tcontext=u:object_r:keymaster_prop:s0 tclass=file permissive=1
05-28 12:24:13.316  1819  1819 I auditd  : type=1400 audit(0.0:425): avc: denied { getattr } for comm="RenderThread" path="/dev/__properties__/u:object_r:keymaster_prop:s0" dev="tmpfs" ino=14874 scontext=u:r:system_app:s0 tcontext=u:object_r:keymaster_prop:s0 tclass=file permissive=1
05-28 12:24:13.327  1045  1355 E ActivityThread: Failed to find provider info for com.android.calendar
05-28 12:24:13.316  1819  1819 I auditd  : type=1400 audit(0.0:426): avc: denied { map } for comm="RenderThread" path="/dev/__properties__/u:object_r:keymaster_prop:s0" dev="tmpfs" ino=14874 scontext=u:r:system_app:s0 tcontext=u:object_r:keymaster_prop:s0 tclass=file permissive=1
05-28 12:24:13.316  1819  1819 I auditd  : type=1400 audit(0.0:427): avc: denied { open } for comm="RenderThread" path="/dev/__properties__/u:object_r:last_boot_reason_prop:s0" dev="tmpfs" ino=14875 scontext=u:r:system_app:s0 tcontext=u:object_r:last_boot_reason_prop:s0 tclass=file permissive=1
05-28 12:24:13.316  1819  1819 I auditd  : type=1400 audit(0.0:428): avc: denied { getattr } for comm="RenderThread" path="/dev/__properties__/u:object_r:last_boot_reason_prop:s0" dev="tmpfs" ino=14875 scontext=u:r:system_app:s0 tcontext=u:object_r:last_boot_reason_prop:s0 tclass=file permissive=1
05-28 12:24:13.316  1819  1819 I auditd  : type=1400 audit(0.0:429): avc: denied { map } for comm="RenderThread" path="/dev/__properties__/u:object_r:last_boot_reason_prop:s0" dev="tmpfs" ino=14875 scontext=u:r:system_app:s0 tcontext=u:object_r:last_boot_reason_prop:s0 tclass=file permissive=1
05-28 12:24:13.316  1819  1819 I auditd  : type=1400 audit(0.0:430): avc: denied { open } for comm="RenderThread" path="/dev/__properties__/u:object_r:llkd_prop:s0" dev="tmpfs" ino=14876 scontext=u:r:system_app:s0 tcontext=u:object_r:llkd_prop:s0 tclass=file permissive=1
05-28 12:24:13.316  1819  1819 I auditd  : type=1400 audit(0.0:431): avc: denied { getattr } for comm="RenderThread" path="/dev/__properties__/u:object_r:llkd_prop:s0" dev="tmpfs" ino=14876 scontext=u:r:system_app:s0 tcontext=u:object_r:llkd_prop:s0 tclass=file permissive=1
05-28 12:24:13.316  1819  1819 I auditd  : type=1400 audit(0.0:432): avc: denied { map } for comm="RenderThread" path="/dev/__properties__/u:object_r:llkd_prop:s0" dev="tmpfs" ino=14876 scontext=u:r:system_app:s0 tcontext=u:object_r:llkd_prop:s0 tclass=file permissive=1
05-28 12:24:13.316  1819  1819 I auditd  : type=1400 audit(0.0:433): avc: denied { open } for comm="RenderThread" path="/dev/__properties__/u:object_r:lowpan_prop:s0" dev="tmpfs" ino=14881 scontext=u:r:system_app:s0 tcontext=u:object_r:lowpan_prop:s0 tclass=file permissive=1
05-28 12:24:13.316  1819  1819 I auditd  : type=1400 audit(0.0:434): avc: denied { getattr } for comm="RenderThread" path="/dev/__properties__/u:object_r:lowpan_prop:s0" dev="tmpfs" ino=14881 scontext=u:r:system_app:s0 tcontext=u:object_r:lowpan_prop:s0 tclass=file permissive=1
05-28 12:24:13.316  1819  1819 I auditd  : type=1400 audit(0.0:435): avc: denied { map } for comm="RenderThread" path="/dev/__properties__/u:object_r:lowpan_prop:s0" dev="tmpfs" ino=14881 scontext=u:r:system_app:s0 tcontext=u:object_r:lowpan_prop:s0 tclass=file permissive=1
05-28 12:24:13.316  1819  1819 I auditd  : type=1400 audit(0.0:436): avc: denied { open } for comm="RenderThread" path="/dev/__properties__/u:object_r:lpdumpd_prop:s0" dev="tmpfs" ino=14882 scontext=u:r:system_app:s0 tcontext=u:object_r:lpdumpd_prop:s0 tclass=file permissive=1
05-28 12:24:13.316  1819  1819 I auditd  : type=1400 audit(0.0:437): avc: denied { getattr } for comm="RenderThread" path="/dev/__properties__/u:object_r:lpdumpd_prop:s0" dev="tmpfs" ino=14882 scontext=u:r:system_app:s0 tcontext=u:object_r:lpdumpd_prop:s0 tclass=file permissive=1
05-28 12:24:13.331     0     0 I msm_vidc: info: Opening video instance: 0000000000000000, 0
05-28 12:24:13.316  1819  1819 I auditd  : type=1400 audit(0.0:438): avc: denied { map } for comm="RenderThread" path="/dev/__properties__/u:object_r:lpdumpd_prop:s0" dev="tmpfs" ino=14882 scontext=u:r:system_app:s0 tcontext=u:object_r:lpdumpd_prop:s0 tclass=file permissive=1
05-28 12:24:13.316  1819  1819 I auditd  : type=1400 audit(0.0:439): avc: denied { open } for comm="RenderThread" path="/dev/__properties__/u:object_r:mmc_prop:s0" dev="tmpfs" ino=14883 scontext=u:r:system_app:s0 tcontext=u:object_r:mmc_prop:s0 tclass=file permissive=1
05-28 12:24:13.316  1819  1819 I auditd  : type=1400 audit(0.0:440): avc: denied { getattr } for comm="RenderThread" path="/dev/__properties__/u:object_r:mmc_prop:s0" dev="tmpfs" ino=14883 scontext=u:r:system_app:s0 tcontext=u:object_r:mmc_prop:s0 tclass=file permissive=1
05-28 12:24:13.316  1819  1819 I auditd  : type=1400 audit(0.0:441): avc: denied { map } for comm="RenderThread" path="/dev/__properties__/u:object_r:mmc_prop:s0" dev="tmpfs" ino=14883 scontext=u:r:system_app:s0 tcontext=u:object_r:mmc_prop:s0 tclass=file permissive=1
05-28 12:24:13.316  1819  1819 I auditd  : type=1400 audit(0.0:442): avc: denied { open } for comm="RenderThread" path="/dev/__properties__/u:object_r:net_dns_prop:s0" dev="tmpfs" ino=14884 scontext=u:r:system_app:s0 tcontext=u:object_r:net_dns_prop:s0 tclass=file permissive=1
05-28 12:24:13.316  1819  1819 I auditd  : type=1400 audit(0.0:443): avc: denied { getattr } for comm="RenderThread" path="/dev/__properties__/u:object_r:net_dns_prop:s0" dev="tmpfs" ino=14884 scontext=u:r:system_app:s0 tcontext=u:object_r:net_dns_prop:s0 tclass=file permissive=1
05-28 12:24:13.316  1819  1819 I auditd  : type=1400 audit(0.0:444): avc: denied { map } for comm="RenderThread" path="/dev/__properties__/u:object_r:net_dns_prop:s0" dev="tmpfs" ino=14884 scontext=u:r:system_app:s0 tcontext=u:object_r:net_dns_prop:s0 tclass=file permissive=1
05-28 12:24:13.317  1819  1819 I auditd  : type=1400 audit(0.0:445): avc: denied { open } for comm="RenderThread" path="/dev/__properties__/u:object_r:net_rmnet_prop:s0" dev="tmpfs" ino=14886 scontext=u:r:system_app:s0 tcontext=u:object_r:net_rmnet_prop:s0 tclass=file permissive=1
05-28 12:24:13.317  1819  1819 I auditd  : type=1400 audit(0.0:446): avc: denied { getattr } for comm="RenderThread" path="/dev/__properties__/u:object_r:net_rmnet_prop:s0" dev="tmpfs" ino=14886 scontext=u:r:system_app:s0 tcontext=u:object_r:net_rmnet_prop:s0 tclass=file permissive=1
05-28 12:24:13.317  1819  1819 I auditd  : type=1400 audit(0.0:447): avc: denied { map } for comm="RenderThread" path="/dev/__properties__/u:object_r:net_rmnet_prop:s0" dev="tmpfs" ino=14886 scontext=u:r:system_app:s0 tcontext=u:object_r:net_rmnet_prop:s0 tclass=file permissive=1
05-28 12:24:13.317  1819  1819 I auditd  : type=1400 audit(0.0:448): avc: denied { open } for comm="RenderThread" path="/dev/__properties__/u:object_r:netd_stable_secret_prop:s0" dev="tmpfs" ino=14887 scontext=u:r:system_app:s0 tcontext=u:object_r:netd_stable_secret_prop:s0 tclass=file permissive=1
05-28 12:24:13.317  1819  1819 I auditd  : type=1400 audit(0.0:449): avc: denied { getattr } for comm="RenderThread" path="/dev/__properties__/u:object_r:netd_stable_secret_prop:s0" dev="tmpfs" ino=14887 scontext=u:r:system_app:s0 tcontext=u:object_r:netd_stable_secret_prop:s0 tclass=file permissive=1
05-28 12:24:13.317  1819  1819 I auditd  : type=1400 audit(0.0:450): avc: denied { map } for comm="RenderThread" path="/dev/__properties__/u:object_r:netd_stable_secret_prop:s0" dev="tmpfs" ino=14887 scontext=u:r:system_app:s0 tcontext=u:object_r:netd_stable_secret_prop:s0 tclass=file permissive=1
05-28 12:24:13.317  1819  1819 I auditd  : type=1400 audit(0.0:451): avc: denied { open } for comm="RenderThread" path="/dev/__properties__/u:object_r:overlay_prop:s0" dev="tmpfs" ino=14890 scontext=u:r:system_app:s0 tcontext=u:object_r:overlay_prop:s0 tclass=file permissive=1
05-28 12:24:13.317  1819  1819 I auditd  : type=1400 audit(0.0:452): avc: denied { getattr } for comm="RenderThread" path="/dev/__properties__/u:object_r:overlay_prop:s0" dev="tmpfs" ino=14890 scontext=u:r:system_app:s0 tcontext=u:object_r:overlay_prop:s0 tclass=file permissive=1
05-28 12:24:13.317  1819  1819 I auditd  : type=1400 audit(0.0:453): avc: denied { map } for comm="RenderThread" path="/dev/__properties__/u:object_r:overlay_prop:s0" dev="tmpfs" ino=14890 scontext=u:r:system_app:s0 tcontext=u:object_r:overlay_prop:s0 tclass=file permissive=1
05-28 12:24:13.317  1819  1819 I auditd  : type=1400 audit(0.0:454): avc: denied { open } for comm="RenderThread" path="/dev/__properties__/u:object_r:persistent_properties_ready_prop:s0" dev="tmpfs" ino=14893 scontext=u:r:system_app:s0 tcontext=u:object_r:persistent_properties_ready_prop:s0 tclass=file permissive=1
05-28 12:24:13.317  1819  1819 I auditd  : type=1400 audit(0.0:455): avc: denied { getattr } for comm="RenderThread" path="/dev/__properties__/u:object_r:persistent_properties_ready_prop:s0" dev="tmpfs" ino=14893 scontext=u:r:system_app:s0 tcontext=u:object_r:persistent_properties_ready_prop:s0 tclass=file permissive=1
05-28 12:24:13.317  1819  1819 I auditd  : type=1400 audit(0.0:456): avc: denied { map } for comm="RenderThread" path="/dev/__properties__/u:object_r:persistent_properties_ready_prop:s0" dev="tmpfs" ino=14893 scontext=u:r:system_app:s0 tcontext=u:object_r:persistent_properties_ready_prop:s0 tclass=file permissive=1
05-28 12:24:13.317  1819  1819 I auditd  : type=1400 audit(0.0:457): avc: denied { open } for comm="RenderThread" path="/dev/__properties__/u:object_r:qcom_ims_prop:s0" dev="tmpfs" ino=14896 scontext=u:r:system_app:s0 tcontext=u:object_r:qcom_ims_prop:s0 tclass=file permissive=1
05-28 12:24:13.317  1819  1819 I auditd  : type=1400 audit(0.0:458): avc: denied { getattr } for comm="RenderThread" path="/dev/__properties__/u:object_r:qcom_ims_prop:s0" dev="tmpfs" ino=14896 scontext=u:r:system_app:s0 tcontext=u:object_r:qcom_ims_prop:s0 tclass=file permissive=1
05-28 12:24:13.317  1819  1819 I auditd  : type=1400 audit(0.0:459): avc: denied { map } for comm="RenderThread" path="/dev/__properties__/u:object_r:qcom_ims_prop:s0" dev="tmpfs" ino=14896 scontext=u:r:system_app:s0 tcontext=u:object_r:qcom_ims_prop:s0 tclass=file permissive=1
05-28 12:24:13.317  1819  1819 I auditd  : type=1400 audit(0.0:460): avc: denied { open } for comm="RenderThread" path="/dev/__properties__/u:object_r:safemode_prop:s0" dev="tmpfs" ino=14899 scontext=u:r:system_app:s0 tcontext=u:object_r:safemode_prop:s0 tclass=file permissive=1
05-28 12:24:13.317  1819  1819 I auditd  : type=1400 audit(0.0:461): avc: denied { getattr } for comm="RenderThread" path="/dev/__properties__/u:object_r:safemode_prop:s0" dev="tmpfs" ino=14899 scontext=u:r:system_app:s0 tcontext=u:object_r:safemode_prop:s0 tclass=file permissive=1
05-28 12:24:13.317  1819  1819 I auditd  : type=1400 audit(0.0:462): avc: denied { map } for comm="RenderThread" path="/dev/__properties__/u:object_r:safemode_prop:s0" dev="tmpfs" ino=14899 scontext=u:r:system_app:s0 tcontext=u:object_r:safemode_prop:s0 tclass=file permissive=1
05-28 12:24:13.317  1819  1819 I auditd  : type=1400 audit(0.0:463): avc: denied { open } for comm="RenderThread" path="/dev/__properties__/u:object_r:sensors_prop:s0" dev="tmpfs" ino=14900 scontext=u:r:system_app:s0 tcontext=u:object_r:sensors_prop:s0 tclass=file permissive=1
05-28 12:24:13.317  1819  1819 I auditd  : type=1400 audit(0.0:464): avc: denied { getattr } for comm="RenderThread" path="/dev/__properties__/u:object_r:sensors_prop:s0" dev="tmpfs" ino=14900 scontext=u:r:system_app:s0 tcontext=u:object_r:sensors_prop:s0 tclass=file permissive=1
05-28 12:24:13.318  1819  1819 I auditd  : type=1400 audit(0.0:465): avc: denied { map } for comm="RenderThread" path="/dev/__properties__/u:object_r:sensors_prop:s0" dev="tmpfs" ino=14900 scontext=u:r:system_app:s0 tcontext=u:object_r:sensors_prop:s0 tclass=file permissive=1
05-28 12:24:13.318  1819  1819 I auditd  : type=1400 audit(0.0:466): avc: denied { open } for comm="RenderThread" path="/dev/__properties__/u:object_r:serialno_prop:s0" dev="tmpfs" ino=14901 scontext=u:r:system_app:s0 tcontext=u:object_r:serialno_prop:s0 tclass=file permissive=1
05-28 12:24:13.318  1819  1819 I auditd  : type=1400 audit(0.0:467): avc: denied { getattr } for comm="RenderThread" path="/dev/__properties__/u:object_r:serialno_prop:s0" dev="tmpfs" ino=14901 scontext=u:r:system_app:s0 tcontext=u:object_r:serialno_prop:s0 tclass=file permissive=1
05-28 12:24:13.318  1819  1819 I auditd  : type=1400 audit(0.0:468): avc: denied { map } for comm="RenderThread" path="/dev/__properties__/u:object_r:serialno_prop:s0" dev="tmpfs" ino=14901 scontext=u:r:system_app:s0 tcontext=u:object_r:serialno_prop:s0 tclass=file permissive=1
05-28 12:24:13.318  1819  1819 I auditd  : type=1400 audit(0.0:469): avc: denied { open } for comm="RenderThread" path="/dev/__properties__/u:object_r:system_boot_reason_prop:s0" dev="tmpfs" ino=14903 scontext=u:r:system_app:s0 tcontext=u:object_r:system_boot_reason_prop:s0 tclass=file permissive=1
05-28 12:24:13.318  1819  1819 I auditd  : type=1400 audit(0.0:470): avc: denied { getattr } for comm="RenderThread" path="/dev/__properties__/u:object_r:system_boot_reason_prop:s0" dev="tmpfs" ino=14903 scontext=u:r:system_app:s0 tcontext=u:object_r:system_boot_reason_prop:s0 tclass=file permissive=1
05-28 12:24:13.318  1819  1819 I auditd  : type=1400 audit(0.0:471): avc: denied { map } for comm="RenderThread" path="/dev/__properties__/u:object_r:system_boot_reason_prop:s0" dev="tmpfs" ino=14903 scontext=u:r:system_app:s0 tcontext=u:object_r:system_boot_reason_prop:s0 tclass=file permissive=1
05-28 12:24:13.318  1819  1819 I auditd  : type=1400 audit(0.0:472): avc: denied { open } for comm="RenderThread" path="/dev/__properties__/u:object_r:system_lmk_prop:s0" dev="tmpfs" ino=14904 scontext=u:r:system_app:s0 tcontext=u:object_r:system_lmk_prop:s0 tclass=file permissive=1
05-28 12:24:13.318  1819  1819 I auditd  : type=1400 audit(0.0:473): avc: denied { getattr } for comm="RenderThread" path="/dev/__properties__/u:object_r:system_lmk_prop:s0" dev="tmpfs" ino=14904 scontext=u:r:system_app:s0 tcontext=u:object_r:system_lmk_prop:s0 tclass=file permissive=1
05-28 12:24:13.318  1819  1819 I auditd  : type=1400 audit(0.0:474): avc: denied { map } for comm="RenderThread" path="/dev/__properties__/u:object_r:system_lmk_prop:s0" dev="tmpfs" ino=14904 scontext=u:r:system_app:s0 tcontext=u:object_r:system_lmk_prop:s0 tclass=file permissive=1
05-28 12:24:13.318  1819  1819 I auditd  : type=1400 audit(0.0:475): avc: denied { open } for comm="RenderThread" path="/dev/__properties__/u:object_r:system_trace_prop:s0" dev="tmpfs" ino=14907 scontext=u:r:system_app:s0 tcontext=u:object_r:system_trace_prop:s0 tclass=file permissive=1
05-28 12:24:13.318  1819  1819 I auditd  : type=1400 audit(0.0:476): avc: denied { getattr } for comm="RenderThread" path="/dev/__properties__/u:object_r:system_trace_prop:s0" dev="tmpfs" ino=14907 scontext=u:r:system_app:s0 tcontext=u:object_r:system_trace_prop:s0 tclass=file permissive=1
05-28 12:24:13.319  1819  1819 I auditd  : type=1400 audit(0.0:477): avc: denied { open } for comm="RenderThread" path="/dev/__properties__/u:object_r:traced_lazy_prop:s0" dev="tmpfs" ino=14914 scontext=u:r:system_app:s0 tcontext=u:object_r:traced_lazy_prop:s0 tclass=file permissive=1
05-28 12:24:13.319  1819  1819 I auditd  : type=1400 audit(0.0:478): avc: denied { getattr } for comm="RenderThread" path="/dev/__properties__/u:object_r:traced_lazy_prop:s0" dev="tmpfs" ino=14914 scontext=u:r:system_app:s0 tcontext=u:object_r:traced_lazy_prop:s0 tclass=file permissive=1
05-28 12:24:13.319  1819  1819 I auditd  : type=1400 audit(0.0:479): avc: denied { map } for comm="RenderThread" path="/dev/__properties__/u:object_r:traced_lazy_prop:s0" dev="tmpfs" ino=14914 scontext=u:r:system_app:s0 tcontext=u:object_r:traced_lazy_prop:s0 tclass=file permissive=1
05-28 12:24:13.319  1819  1819 I auditd  : type=1400 audit(0.0:480): avc: denied { open } for comm="RenderThread" path="/dev/__properties__/u:object_r:vendor_bluetooth_prop:s0" dev="tmpfs" ino=14917 scontext=u:r:system_app:s0 tcontext=u:object_r:vendor_bluetooth_prop:s0 tclass=file permissive=1
05-28 12:24:13.319  1819  1819 I auditd  : type=1400 audit(0.0:481): avc: denied { getattr } for comm="RenderThread" path="/dev/__properties__/u:object_r:vendor_bluetooth_prop:s0" dev="tmpfs" ino=14917 scontext=u:r:system_app:s0 tcontext=u:object_r:vendor_bluetooth_prop:s0 tclass=file permissive=1
05-28 12:24:13.319  1819  1819 I auditd  : type=1400 audit(0.0:482): avc: denied { map } for comm="RenderThread" path="/dev/__properties__/u:object_r:vendor_bluetooth_prop:s0" dev="tmpfs" ino=14917 scontext=u:r:system_app:s0 tcontext=u:object_r:vendor_bluetooth_prop:s0 tclass=file permissive=1
05-28 12:24:13.320  1819  1819 I auditd  : type=1400 audit(0.0:483): avc: denied { open } for comm="RenderThread" path="/dev/__properties__/u:object_r:vendor_cash_prop:s0" dev="tmpfs" ino=14919 scontext=u:r:system_app:s0 tcontext=u:object_r:vendor_cash_prop:s0 tclass=file permissive=1
05-28 12:24:13.320  1819  1819 I auditd  : type=1400 audit(0.0:484): avc: denied { getattr } for comm="RenderThread" path="/dev/__properties__/u:object_r:vendor_cash_prop:s0" dev="tmpfs" ino=14919 scontext=u:r:system_app:s0 tcontext=u:object_r:vendor_cash_prop:s0 tclass=file permissive=1
05-28 12:24:13.320  1819  1819 I auditd  : type=1400 audit(0.0:485): avc: denied { map } for comm="RenderThread" path="/dev/__properties__/u:object_r:vendor_cash_prop:s0" dev="tmpfs" ino=14919 scontext=u:r:system_app:s0 tcontext=u:object_r:vendor_cash_prop:s0 tclass=file permissive=1
05-28 12:24:13.320  1819  1819 I auditd  : type=1400 audit(0.0:486): avc: denied { open } for comm="RenderThread" path="/dev/__properties__/u:object_r:vendor_device_prop:s0" dev="tmpfs" ino=14921 scontext=u:r:system_app:s0 tcontext=u:object_r:vendor_device_prop:s0 tclass=file permissive=1
05-28 12:24:13.320  1819  1819 I auditd  : type=1400 audit(0.0:487): avc: denied { getattr } for comm="RenderThread" path="/dev/__properties__/u:object_r:vendor_device_prop:s0" dev="tmpfs" ino=14921 scontext=u:r:system_app:s0 tcontext=u:object_r:vendor_device_prop:s0 tclass=file permissive=1
05-28 12:24:13.320  1819  1819 I auditd  : type=1400 audit(0.0:488): avc: denied { map } for comm="RenderThread" path="/dev/__properties__/u:object_r:vendor_device_prop:s0" dev="tmpfs" ino=14921 scontext=u:r:system_app:s0 tcontext=u:object_r:vendor_device_prop:s0 tclass=file permissive=1
05-28 12:24:13.320  1819  1819 I auditd  : type=1400 audit(0.0:489): avc: denied { open } for comm="RenderThread" path="/dev/__properties__/u:object_r:vendor_health_prop:s0" dev="tmpfs" ino=14923 scontext=u:r:system_app:s0 tcontext=u:object_r:vendor_health_prop:s0 tclass=file permissive=1
05-28 12:24:13.320  1819  1819 I auditd  : type=1400 audit(0.0:490): avc: denied { getattr } for comm="RenderThread" path="/dev/__properties__/u:object_r:vendor_health_prop:s0" dev="tmpfs" ino=14923 scontext=u:r:system_app:s0 tcontext=u:object_r:vendor_health_prop:s0 tclass=file permissive=1
05-28 12:24:13.320  1819  1819 I auditd  : type=1400 audit(0.0:491): avc: denied { map } for comm="RenderThread" path="/dev/__properties__/u:object_r:vendor_health_prop:s0" dev="tmpfs" ino=14923 scontext=u:r:system_app:s0 tcontext=u:object_r:vendor_health_prop:s0 tclass=file permissive=1
05-28 12:24:13.320  1819  1819 I auditd  : type=1400 audit(0.0:492): avc: denied { open } for comm="RenderThread" path="/dev/__properties__/u:object_r:vendor_keymaster_prop:s0" dev="tmpfs" ino=14924 scontext=u:r:system_app:s0 tcontext=u:object_r:vendor_keymaster_prop:s0 tclass=file permissive=1
05-28 12:24:13.320  1819  1819 I auditd  : type=1400 audit(0.0:493): avc: denied { getattr } for comm="RenderThread" path="/dev/__properties__/u:object_r:vendor_keymaster_prop:s0" dev="tmpfs" ino=14924 scontext=u:r:system_app:s0 tcontext=u:object_r:vendor_keymaster_prop:s0 tclass=file permissive=1
05-28 12:24:13.320  1819  1819 I auditd  : type=1400 audit(0.0:494): avc: denied { map } for comm="RenderThread" path="/dev/__properties__/u:object_r:vendor_keymaster_prop:s0" dev="tmpfs" ino=14924 scontext=u:r:system_app:s0 tcontext=u:object_r:vendor_keymaster_prop:s0 tclass=file permissive=1
05-28 12:24:13.320  1819  1819 I auditd  : type=1400 audit(0.0:495): avc: denied { open } for comm="RenderThread" path="/dev/__properties__/u:object_r:vendor_net_prop:s0" dev="tmpfs" ino=14925 scontext=u:r:system_app:s0 tcontext=u:object_r:vendor_net_prop:s0 tclass=file permissive=1
05-28 12:24:13.320  1819  1819 I auditd  : type=1400 audit(0.0:496): avc: denied { getattr } for comm="RenderThread" path="/dev/__properties__/u:object_r:vendor_net_prop:s0" dev="tmpfs" ino=14925 scontext=u:r:system_app:s0 tcontext=u:object_r:vendor_net_prop:s0 tclass=file permissive=1
05-28 12:24:13.320  1819  1819 I auditd  : type=1400 audit(0.0:497): avc: denied { map } for comm="RenderThread" path="/dev/__properties__/u:object_r:vendor_net_prop:s0" dev="tmpfs" ino=14925 scontext=u:r:system_app:s0 tcontext=u:object_r:vendor_net_prop:s0 tclass=file permissive=1
05-28 12:24:13.320  1819  1819 I auditd  : type=1400 audit(0.0:498): avc: denied { open } for comm="RenderThread" path="/dev/__properties__/u:object_r:vendor_peripheral_prop:s0" dev="tmpfs" ino=14926 scontext=u:r:system_app:s0 tcontext=u:object_r:vendor_peripheral_prop:s0 tclass=file permissive=1
05-28 12:24:13.320  1819  1819 I auditd  : type=1400 audit(0.0:499): avc: denied { getattr } for comm="RenderThread" path="/dev/__properties__/u:object_r:vendor_peripheral_prop:s0" dev="tmpfs" ino=14926 scontext=u:r:system_app:s0 tcontext=u:object_r:vendor_peripheral_prop:s0 tclass=file permissive=1
05-28 12:24:13.320  1819  1819 I auditd  : type=1400 audit(0.0:500): avc: denied { map } for comm="RenderThread" path="/dev/__properties__/u:object_r:vendor_peripheral_prop:s0" dev="tmpfs" ino=14926 scontext=u:r:system_app:s0 tcontext=u:object_r:vendor_peripheral_prop:s0 tclass=file permissive=1
05-28 12:24:13.321  1819  1819 I auditd  : type=1400 audit(0.0:501): avc: denied { open } for comm="RenderThread" path="/dev/__properties__/u:object_r:vendor_powerhal_prop:s0" dev="tmpfs" ino=14927 scontext=u:r:system_app:s0 tcontext=u:object_r:vendor_powerhal_prop:s0 tclass=file permissive=1
05-28 12:24:13.321  1819  1819 I auditd  : type=1400 audit(0.0:502): avc: denied { getattr } for comm="RenderThread" path="/dev/__properties__/u:object_r:vendor_powerhal_prop:s0" dev="tmpfs" ino=14927 scontext=u:r:system_app:s0 tcontext=u:object_r:vendor_powerhal_prop:s0 tclass=file permissive=1
05-28 12:24:13.321  1819  1819 I auditd  : type=1400 audit(0.0:503): avc: denied { map } for comm="RenderThread" path="/dev/__properties__/u:object_r:vendor_powerhal_prop:s0" dev="tmpfs" ino=14927 scontext=u:r:system_app:s0 tcontext=u:object_r:vendor_powerhal_prop:s0 tclass=file permissive=1
05-28 12:24:13.321  1819  1819 I auditd  : type=1400 audit(0.0:504): avc: denied { open } for comm="RenderThread" path="/dev/__properties__/u:object_r:vendor_radio_prop:s0" dev="tmpfs" ino=14928 scontext=u:r:system_app:s0 tcontext=u:object_r:vendor_radio_prop:s0 tclass=file permissive=1
05-28 12:24:13.321  1819  1819 I auditd  : type=1400 audit(0.0:505): avc: denied { getattr } for comm="RenderThread" path="/dev/__properties__/u:object_r:vendor_radio_prop:s0" dev="tmpfs" ino=14928 scontext=u:r:system_app:s0 tcontext=u:object_r:vendor_radio_prop:s0 tclass=file permissive=1
05-28 12:24:13.321  1819  1819 I auditd  : type=1400 audit(0.0:506): avc: denied { map } for comm="RenderThread" path="/dev/__properties__/u:object_r:vendor_radio_prop:s0" dev="tmpfs" ino=14928 scontext=u:r:system_app:s0 tcontext=u:object_r:vendor_radio_prop:s0 tclass=file permissive=1
05-28 12:24:13.321  1819  1819 I auditd  : type=1400 audit(0.0:507): avc: denied { open } for comm="RenderThread" path="/dev/__properties__/u:object_r:vendor_tee_listener_prop:s0" dev="tmpfs" ino=14930 scontext=u:r:system_app:s0 tcontext=u:object_r:vendor_tee_listener_prop:s0 tclass=file permissive=1
05-28 12:24:13.321  1819  1819 I auditd  : type=1400 audit(0.0:508): avc: denied { getattr } for comm="RenderThread" path="/dev/__properties__/u:object_r:vendor_tee_listener_prop:s0" dev="tmpfs" ino=14930 scontext=u:r:system_app:s0 tcontext=u:object_r:vendor_tee_listener_prop:s0 tclass=file permissive=1
05-28 12:24:13.321  1819  1819 I auditd  : type=1400 audit(0.0:509): avc: denied { map } for comm="RenderThread" path="/dev/__properties__/u:object_r:vendor_tee_listener_prop:s0" dev="tmpfs" ino=14930 scontext=u:r:system_app:s0 tcontext=u:object_r:vendor_tee_listener_prop:s0 tclass=file permissive=1
05-28 12:24:13.321  1819  1819 I auditd  : type=1400 audit(0.0:510): avc: denied { open } for comm="RenderThread" path="/dev/__properties__/u:object_r:vendor_usb_config_prop:s0" dev="tmpfs" ino=14932 scontext=u:r:system_app:s0 tcontext=u:object_r:vendor_usb_config_prop:s0 tclass=file permissive=1
05-28 12:24:13.321  1819  1819 I auditd  : type=1400 audit(0.0:511): avc: denied { getattr } for comm="RenderThread" path="/dev/__properties__/u:object_r:vendor_usb_config_prop:s0" dev="tmpfs" ino=14932 scontext=u:r:system_app:s0 tcontext=u:object_r:vendor_usb_config_prop:s0 tclass=file permissive=1
05-28 12:24:13.321  1819  1819 I auditd  : type=1400 audit(0.0:512): avc: denied { map } for comm="RenderThread" path="/dev/__properties__/u:object_r:vendor_usb_config_prop:s0" dev="tmpfs" ino=14932 scontext=u:r:system_app:s0 tcontext=u:object_r:vendor_usb_config_prop:s0 tclass=file permissive=1
05-28 12:24:13.321  1819  1819 I auditd  : type=1400 audit(0.0:513): avc: denied { open } for comm="RenderThread" path="/dev/__properties__/u:object_r:vendor_usb_prop:s0" dev="tmpfs" ino=14933 scontext=u:r:system_app:s0 tcontext=u:object_r:vendor_usb_prop:s0 tclass=file permissive=1
05-28 12:24:13.321  1819  1819 I auditd  : type=1400 audit(0.0:514): avc: denied { getattr } for comm="RenderThread" path="/dev/__properties__/u:object_r:vendor_usb_prop:s0" dev="tmpfs" ino=14933 scontext=u:r:system_app:s0 tcontext=u:object_r:vendor_usb_prop:s0 tclass=file permissive=1
05-28 12:24:13.321  1819  1819 I auditd  : type=1400 audit(0.0:515): avc: denied { map } for comm="RenderThread" path="/dev/__properties__/u:object_r:vendor_usb_prop:s0" dev="tmpfs" ino=14933 scontext=u:r:system_app:s0 tcontext=u:object_r:vendor_usb_prop:s0 tclass=file permissive=1
05-28 12:24:13.321  1819  1819 I auditd  : type=1400 audit(0.0:516): avc: denied { open } for comm="RenderThread" path="/dev/__properties__/u:object_r:vendor_wifi_prop:s0" dev="tmpfs" ino=14934 scontext=u:r:system_app:s0 tcontext=u:object_r:vendor_wifi_prop:s0 tclass=file permissive=1
05-28 12:24:13.321  1819  1819 I auditd  : type=1400 audit(0.0:517): avc: denied { getattr } for comm="RenderThread" path="/dev/__properties__/u:object_r:vendor_wifi_prop:s0" dev="tmpfs" ino=14934 scontext=u:r:system_app:s0 tcontext=u:object_r:vendor_wifi_prop:s0 tclass=file permissive=1
05-28 12:24:13.321  1819  1819 I auditd  : type=1400 audit(0.0:518): avc: denied { map } for comm="RenderThread" path="/dev/__properties__/u:object_r:vendor_wifi_prop:s0" dev="tmpfs" ino=14934 scontext=u:r:system_app:s0 tcontext=u:object_r:vendor_wifi_prop:s0 tclass=file permissive=1
05-28 12:24:13.321  1819  1819 I auditd  : type=1400 audit(0.0:519): avc: denied { open } for comm="RenderThread" path="/dev/__properties__/u:object_r:wc_prop:s0" dev="tmpfs" ino=14936 scontext=u:r:system_app:s0 tcontext=u:object_r:wc_prop:s0 tclass=file permissive=1
05-28 12:24:13.322  1819  1819 I auditd  : type=1400 audit(0.0:520): avc: denied { getattr } for comm="RenderThread" path="/dev/__properties__/u:object_r:wc_prop:s0" dev="tmpfs" ino=14936 scontext=u:r:system_app:s0 tcontext=u:object_r:wc_prop:s0 tclass=file permissive=1
05-28 12:24:13.322  1819  1819 I auditd  : type=1400 audit(0.0:521): avc: denied { map } for comm="RenderThread" path="/dev/__properties__/u:object_r:wc_prop:s0" dev="tmpfs" ino=14936 scontext=u:r:system_app:s0 tcontext=u:object_r:wc_prop:s0 tclass=file permissive=1
05-28 12:24:13.322  1819  1819 I auditd  : type=1400 audit(0.0:522): avc: denied { open } for comm="RenderThread" path="/dev/__properties__/u:object_r:wifi_prop:s0" dev="tmpfs" ino=14938 scontext=u:r:system_app:s0 tcontext=u:object_r:wifi_prop:s0 tclass=file permissive=1
05-28 12:24:13.322  1819  1819 I auditd  : type=1400 audit(0.0:523): avc: denied { getattr } for comm="RenderThread" path="/dev/__properties__/u:object_r:wifi_prop:s0" dev="tmpfs" ino=14938 scontext=u:r:system_app:s0 tcontext=u:object_r:wifi_prop:s0 tclass=file permissive=1
05-28 12:24:13.322  1819  1819 I auditd  : type=1400 audit(0.0:524): avc: denied { map } for comm="RenderThread" path="/dev/__properties__/u:object_r:wifi_prop:s0" dev="tmpfs" ino=14938 scontext=u:r:system_app:s0 tcontext=u:object_r:wifi_prop:s0 tclass=file permissive=1
05-28 12:24:13.343     0     0 I init    : Received control message 'interface_start' for 'android.hardware.thermal@1.0::IThermal/default' from pid: 523 (/system/bin/hwservicemanager)
05-28 12:24:13.343     0     0 E init    : Could not find 'android.hardware.thermal@1.0::IThermal/default' for ctl.interface_start
05-28 12:24:13.333  1819  1819 I am_on_resume_called: [0,com.android.settings.FallbackHome,RESUME_ACTIVITY]
05-28 12:24:13.333  1045  1045 D ConditionProviders.SCP: evaluateSubscriptionLocked cal=ScheduleCalendar[mDays={1, 2, 3, 4, 5, 6, 7}, mSchedule=ScheduleInfo{days=[1, 2, 3, 4, 5, 6, 7], startHour=22, startMinute=0, endHour=7, endMinute=0, exitAtAlarm=true, nextAlarm=Thu Jan 01 01:00:00 GMT+01:00 1970 (0)}], now=Thu May 28 12:24:13 GMT+02:00 2020 (1590661453313), nextUserAlarmTime=Thu Jan 01 01:00:00 GMT+01:00 1970 (0)
05-28 12:24:13.334  1045  1045 D ConditionProviders.SCP: notifyCondition condition://android/schedule?days=1.2.3.4.5.6.7&start=22.0&end=7.0&exitAtAlarm=true STATE_FALSE reason=!meetsSchedule
05-28 12:24:13.336  1045  1045 D ConditionProviders.SCP: Scheduling evaluate for Thu May 28 22:00:00 GMT+02:00 2020 (1590696000000), in +9h35m46s687ms, now=Thu May 28 12:24:13 GMT+02:00 2020 (1590661453313)
05-28 12:24:13.336  1045  1045 V FingerprintService: handleEnumeratedTemplate: 0
05-28 12:24:13.337  1045  1045 V FingerprintService: Matched: false
05-28 12:24:13.339  1045  1045 V FingerprintService: Done with client: android
05-28 12:24:13.339  1045  1045 V FingerprintService: clearEnumerateState()
05-28 12:24:13.341  1045  1072 I DropBoxManagerService: add tag=system_app_strictmode isTagEnabled=true flags=0x2
05-28 12:24:13.342  1045  1045 I sysui_multi_action: [757,1501,758,1,793,1552,794,0,795,1552,796,89,806,android,857,TrustInterface,858,4,947,0,1500,0,1745,2098068913]
05-28 12:24:13.348  1045  1045 I sysui_multi_action: [757,804,799,note_interruptive,801,0,802,1]
05-28 12:24:13.348  1793  1793 I chatty  : uid=1001(radio) com.android.phone expire 123 lines
05-28 12:24:13.359  1045  1045 I notification_cancel_all: [1000,1045,com.android.systemui,0,0,0,17,NULL]
05-28 12:24:13.360  1045  1045 I notification_enqueue: [1000,1045,android,26,NULL,-1,Notification(channel=DEVELOPER pri=0 contentView=null vibrate=null sound=null tick defaults=0x0 flags=0x2 color=0xff607d8b vis=PUBLIC),0]
05-28 12:24:13.363  1045  1045 I notification_enqueue: [1000,1045,android,32,NULL,-1,Notification(channel=USB pri=0 contentView=null vibrate=null sound=null tick defaults=0x0 flags=0x2 color=0xff607d8b vis=PUBLIC),0]
05-28 12:24:13.364  1045  1045 I notification_enqueue: [1000,1045,android,89,NULL,0,Notification(channel=TrustInterface pri=0 contentView=null vibrate=null sound=null defaults=0x0 flags=0x10 color=0x00000000 vis=PRIVATE),1]
05-28 12:24:13.351  1045  1072 I chatty  : uid=1000(system) android.io identical 1 line
05-28 12:24:13.358  1045  1072 I DropBoxManagerService: add tag=system_app_strictmode isTagEnabled=true flags=0x2
05-28 12:24:13.365  1045  1045 I Telecom : WiredHeadsetManager: ACTION_HEADSET_PLUG event, plugged in: false, : WHC.oADA@AAE
05-28 12:24:13.366  1045  1072 I DropBoxManagerService: add tag=system_app_strictmode isTagEnabled=true flags=0x2
05-28 12:24:13.366  1045  1387 D ActivityTaskManager: Top Process State changed to PROCESS_STATE_TOP_SLEEPING
05-28 12:24:13.367  1045  1387 I am_pause_activity: [0,185741126,com.android.settings/.FallbackHome,userLeaving=false]
05-28 12:24:13.368  1045  1387 I am_add_to_stopping: [0,185741126,com.android.settings/.FallbackHome,makeInvisible]
05-28 12:24:13.371  1045  1073 W UsageStatsService: Event reported without a package name, eventType:17
05-28 12:24:13.373  1506  1506 W CarrierConfigManager: Error getting config for subId -1 ICarrierConfigLoader is null
05-28 12:24:13.375     0     0 I msm_vidc: info: Closed video instance: 0000000000000000
05-28 12:24:13.375  1045  1073 I sysui_multi_action: [757,1144,758,7,806,com.android.settings,871,com.android.settings.FallbackHome]
05-28 12:24:13.377  1819  1819 I am_on_top_resumed_gained_called: [0,com.android.settings.FallbackHome,topStateChangedWhenResumed]
05-28 12:24:13.379  1819  1819 I am_on_top_resumed_lost_called: [0,com.android.settings.FallbackHome,topStateChangedWhenResumed]
05-28 12:24:13.384  1045  1045 D AutofillManagerService: Restriction did not change for user 0
05-28 12:24:13.385  1793  1956 I chatty  : uid=1001(radio) HwBinder:1793_1 expire 35 lines
05-28 12:24:13.385  1819  1819 I am_on_paused_called: [0,com.android.settings.FallbackHome,performPause]
05-28 12:24:13.387  1045  1045 D TelephonyRegistry: notifyCellLocationForSubscriber: subId=0 cellLocation=Bundle[{cid=-1, lac=-1, psc=-1}]
05-28 12:24:13.388  1045  1045 D TelephonyRegistry: notifyCellLocationForSubscriber: subId=1 cellLocation=Bundle[{cid=-1, lac=-1, psc=-1}]
05-28 12:24:13.389  1045  1387 D ConnectivityService: requestNetwork for uid/pid:10109/1506 NetworkRequest [ TRACK_DEFAULT id=13, [ Capabilities: INTERNET&NOT_RESTRICTED&TRUSTED Uid: 10109] ]
05-28 12:24:13.390  1045  1045 I ExplicitHealthCheckController: Explicit health check service is connected ComponentInfo{android.ext.services/android.ext.services.watchdog.ExplicitHealthCheckServiceImpl}
05-28 12:24:13.393  1045  1073 I am_stop_activity: [0,185741126,com.android.settings/.FallbackHome]
05-28 12:24:13.394  1045  1946 D TelephonyRegistry: listen oscl: mHasNotifySubscriptionInfoChangedOccurred==false no callback
05-28 12:24:13.397  1045  1045 I ExplicitHealthCheckController: Service initialized, syncing requests
05-28 12:24:13.398  1045  1045 V NotificationAssistants: 0 notification assistant service connected: ComponentInfo{android.ext.services/android.ext.services.notification.Assistant}
05-28 12:24:13.403  1045  1073 I sysui_multi_action: [757,803,799,window_time_0,802,4]
05-28 12:24:13.409  1819  1819 I am_on_stop_called: [0,com.android.settings.FallbackHome,STOP_ACTIVITY_ITEM]
05-28 12:24:13.410  1045  1045 I sysui_multi_action: [757,1501,758,1,793,446,794,0,795,446,796,26,806,android,857,DEVELOPER,858,2,947,0,1500,0]
05-28 12:24:13.411  1045  1045 I sysui_multi_action: [757,804,799,note_interruptive,801,0,802,1]
05-28 12:24:13.412  1045  1045 I sysui_multi_action: [757,1501,758,1,793,446,794,0,795,446,796,32,806,android,857,USB,858,1,947,0,1500,0]
05-28 12:24:13.413  1045  1045 I sysui_multi_action: [757,804,799,note_interruptive,801,0,802,1]
05-28 12:24:13.415  1045  1045 E NotificationService: Muting recently noisy 0|android|89|null|1000
05-28 12:24:13.418  1045  1045 D PackageWatchdog: Getting all observed packages pending health checks
05-28 12:24:13.418  1045  1045 I PackageWatchdog: Syncing health check requests for packages: {}
05-28 12:24:13.418  1045  1045 D ExplicitHealthCheckController: Getting health check supported packages
05-28 12:24:13.420  1045  1045 W Looper  : Drained
05-28 12:24:13.427  1045  1736 I ExplicitHealthCheckController: Explicit health check supported packages [PackageConfig{com.android.networkstack, 3600000}]
05-28 12:24:13.431  1045  1073 I boot_progress_enable_screen: 15600
05-28 12:24:13.432  1045  1073 I screen_toggled: 1
05-28 12:24:13.432  1045  1736 D PackageWatchdog: Received supported packages [PackageConfig{com.android.networkstack, 3600000}]
05-28 12:24:13.433  1045  1736 D ExplicitHealthCheckController: Getting health check requested packages
05-28 12:24:13.437  1045  1073 W KeyguardServiceDelegate: onScreenTurningOn(): no keyguard service!
05-28 12:24:13.447  1045  1387 I ExplicitHealthCheckController: Explicit health check requested packages []
05-28 12:24:13.448  1045  1387 I ExplicitHealthCheckController: No more health check requests, unbinding...
05-28 12:24:13.450  1045  1736 I StatusBarManagerService: registerStatusBar bar=com.android.internal.statusbar.IStatusBar$Stub$Proxy@55400e3
05-28 12:24:13.454   834  1258 I chatty  : uid=1001(radio) HwBinder:834_1 expire 1 line
05-28 12:24:13.457  1045  1387 I ExplicitHealthCheckController: Explicit health check service is unbound
05-28 12:24:13.461  1045  1072 I DropBoxManagerService: add tag=system_app_strictmode isTagEnabled=true flags=0x2
05-28 12:24:13.467   833   970 I chatty  : uid=1001(radio) DispatcherModul expire 1 line
05-28 12:24:13.475     0     0 I msm_vidc: info: Opening video instance: 0000000000000000, 0
05-28 12:24:13.494     0     0 I msm_vidc: info: Closed video instance: 0000000000000000
05-28 12:24:13.521     0     0 I msm_vidc: info: Opening video instance: 0000000000000000, 0
05-28 12:24:13.522     0     0 I msm_vidc: fw: <VFW_E:HostDr:vp8e:77fe3cc0:0> VenusVencCfgAdjustNew(3100): change to driect mode!
05-28 12:24:13.523  1793  2039 I chatty  : uid=1001(radio) GsmInboundSmsHa expire 6 lines
05-28 12:24:13.525     0     0 E bt_ioctl: BT_CMD_CHIP_VERS soc_version:40010214
05-28 12:24:13.526     0     0 I msm_vidc: fw: <VFW_E:HostDr:vp8e:77fe3cc0:0> VenusVencCfgAdjustNew(3100): change to driect mode!
05-28 12:24:13.530  1793  2052 I chatty  : uid=1001(radio) CdmaInboundSmsH expire 6 lines
05-28 12:24:13.533     0     0 I msm_vidc: fw: <VFW_E:HostDr:vp8e:77fe3cc0:0> VenusVencCfgAdjustNew(3100): change to driect mode!
05-28 12:24:13.546     0     0 I msm_vidc: info: Closed video instance: 0000000000000000
05-28 12:24:13.554  1045  1946 D TelephonyRegistry: listen oscl: mHasNotifySubscriptionInfoChangedOccurred==false no callback
05-28 12:24:13.577  1045  1736 D TelephonyRegistry: listen oscl: mHasNotifySubscriptionInfoChangedOccurred==false no callback
05-28 12:24:13.582  1045  1946 D TelephonyRegistry: listen oscl: mHasNotifySubscriptionInfoChangedOccurred==false no callback
05-28 12:24:13.600  1045  1946 D TelephonyRegistry: listen oscl: mHasNotifySubscriptionInfoChangedOccurred==false no callback
05-28 12:24:13.645  1045  1736 D TelephonyRegistry: listen oscl: mHasNotifySubscriptionInfoChangedOccurred==false no callback
05-28 12:24:13.465  1045  1072 I DropBoxManagerService: add tag=system_app_strictmode isTagEnabled=true flags=0x2
05-28 12:24:13.664  1045  1736 D BluetoothManagerService: Creating new ProfileServiceConnections object for profile: 1
05-28 12:24:13.665  1045  1736 D BluetoothManagerService: Unable to bindService while Bluetooth is disabled
05-28 12:24:13.672  1793  1793 I chatty  : uid=1001(radio) com.android.phone expire 185 lines
05-28 12:24:13.687  1793  1956 I chatty  : uid=1001(radio) HwBinder:1793_1 expire 11 lines
05-28 12:24:13.707  1793  2084 I chatty  : uid=1001(radio) GsmInboundSmsHa expire 6 lines
05-28 12:24:13.713  1506  1506 D SystemUIBootTiming: StartServicescom.android.systemui.SystemBars took to complete: 380ms
05-28 12:24:13.715  1506  1983 E ActivityThread: Failed to find provider info for com.android.contacts
05-28 12:24:13.715  1793  2086 I chatty  : uid=1001(radio) CdmaInboundSmsH expire 6 lines
05-28 12:24:13.719  1506  1506 D SystemUIBootTiming: StartServicescom.android.systemui.usb.StorageNotification took to complete: 5ms
05-28 12:24:13.729  1506  1506 D SystemUIBootTiming: StartServicescom.android.systemui.power.PowerUI took to complete: 10ms
05-28 12:24:13.731  1506  1506 D SystemUIBootTiming: StartServicescom.android.systemui.media.RingtonePlayer took to complete: 1ms
05-28 12:24:13.732  1506  1506 D SystemUIBootTiming: StartServicescom.android.systemui.keyboard.KeyboardUI took to complete: 1ms
05-28 12:24:13.733  1045  1736 D TelephonyRegistry: listen oscl: mHasNotifySubscriptionInfoChangedOccurred==false no callback
05-28 12:24:13.740  1506  1506 D SystemUIBootTiming: StartServicescom.android.systemui.pip.PipUI took to complete: 8ms
05-28 12:24:13.742  1506  1506 D SystemUIBootTiming: StartServicescom.android.systemui.shortcut.ShortcutKeyDispatcher took to complete: 0ms
05-28 12:24:13.742  1506  1506 D SystemUIBootTiming: StartServicescom.android.systemui.VendorServices took to complete: 0ms
05-28 12:24:13.744  1045  1387 D TelephonyRegistry: listen oscl: mHasNotifySubscriptionInfoChangedOccurred==false no callback
05-28 12:24:13.745  1506  1506 D SystemUIBootTiming: StartServicescom.android.systemui.util.leak.GarbageMonitor$Service took to complete: 1ms
05-28 12:24:13.746  1506  1506 D SystemUIBootTiming: StartServicescom.android.systemui.LatencyTester took to complete: 1ms
05-28 12:24:13.747  1506  1506 D SystemUIBootTiming: StartServicescom.android.systemui.globalactions.GlobalActionsComponent took to complete: 1ms
05-28 12:24:13.748  1045  1946 D TelephonyRegistry: listen oscl: mHasNotifySubscriptionInfoChangedOccurred==false no callback
05-28 12:24:13.754  1506  1506 D SystemUIBootTiming: StartServicescom.android.systemui.ScreenDecorations took to complete: 7ms
05-28 12:24:13.755  1506  1506 D SystemUIBootTiming: StartServicescom.android.systemui.biometrics.BiometricDialogImpl took to complete: 1ms
05-28 12:24:13.756  1506  1506 D SystemUIBootTiming: StartServicescom.android.systemui.biometrics.FODCircleViewImpl took to complete: 1ms
05-28 12:24:13.757  1506  1506 D SystemUIBootTiming: StartServicescom.android.systemui.SliceBroadcastRelayHandler took to complete: 1ms
05-28 12:24:13.757  1045  1387 D TelephonyRegistry: listen oscl: mHasNotifySubscriptionInfoChangedOccurred==false no callback
05-28 12:24:13.758  1506  1506 D SystemUIBootTiming: StartServicescom.android.systemui.SizeCompatModeActivityController took to complete: 0ms
05-28 12:24:13.762  1506  1506 D SystemUIBootTiming: StartServicescom.android.systemui.statusbar.notification.InstantAppNotifier took to complete: 3ms
05-28 12:24:13.764  1506  1506 D SystemUIBootTiming: StartServicescom.android.systemui.theme.ThemeOverlayController took to complete: 1ms
05-28 12:24:13.767     0     0 I icnss   : WLAN FW is ready: 0xd87
05-28 12:24:13.768     0     0 I [kworker/u16:1][0x1e2b6ee5][12:24:13.768010] wlan: [60:I:HDD] hdd_soc_probe: 393: probing driver
05-28 12:24:13.768     0     0 I [kworker/u16:1][0x1e2b70a3][12:24:13.768033] wlan: [60:I:QDF] cds_smmu_mem_map_setup: 2860: SMMU S1 disabled
05-28 12:24:13.775  1506  1506 D SystemUIBootTiming: StartServices took to complete: 825ms
05-28 12:24:13.775     0     0 I ueventd : firmware: loading 'wlan/qca_cld/WCNSS_qcom_cfg.ini' for '/devices/platform/soc/18800000.qcom,icnss/firmware/wlan!qca_cld!WCNSS_qcom_cfg.ini'
05-28 12:24:13.778     0     0 I ueventd : loading /devices/platform/soc/18800000.qcom,icnss/firmware/wlan!qca_cld!WCNSS_qcom_cfg.ini took 3ms
05-28 12:24:13.783     0     0 I [kworker/u16:1][0x1e2ffb60][12:24:13.783536] wlan: [60:W:HDD] hdd_apply_cfg_ini: 6375: Reg Parameter gApLinkMonitorPeriod > allowed Maximum [60 > 50]. Enforcing Default: 10
05-28 12:24:13.789  1045  1387 D TelephonyRegistry: listen oscl: mHasNotifySubscriptionInfoChangedOccurred==false no callback
05-28 12:24:13.789     0     0 I [kworker/u16:1][0x1e31cac5][12:24:13.789714] wlan: [60:I:tdls] tdls_psoc_obj_create_notification: 68: TDLS obj attach to psoc successfully
05-28 12:24:13.789     0     0 I [kworker/u16:1][0x1e31ceea][12:24:13.789770] wlan: [60:I:OBJMGR] wlan_objmgr_psoc_obj_create: 187: Created psoc 0
05-28 12:24:13.790     0     0 I [kworker/u16:1][0x1e31e912][12:24:13.790119] wlan: [60:I:HDD] hdd_wlan_start_modules: 3019: Wlan transitioning (UNINITIALIZED -> CLOSED)
05-28 12:24:13.790     0     0 I [kworker/u16:1][0x1e31e9c1][12:24:13.790128] wlan: [60:I:HDD] hdd_wlan_start_modules: 3023: Wlan transitioning (CLOSED -> ENABLED)
05-28 12:24:13.790     0     0 E ipa3_uc_reg_rdyCB: 2776 bad parm. inout=0000000000000000
05-28 12:24:13.790     0     0 I [kworker/u16:1][0x1e321b05][12:24:13.790785] wlan: [60:W:HIF] hif_snoc_enable_bus: device_init_wakeup already done
05-28 12:24:13.791     0     0 I [kworker/u16:1][0x1e323163][12:24:13.791083] wlan: [60:E:TXRX] hif_print_hal_shadow_register_cfg: CONFIG_SHADOW_V2 not defined
05-28 12:24:13.801  1506  1506 W CarrierConfigManager: Error getting config for subId 1 ICarrierConfigLoader is null
05-28 12:24:13.846     0     0 I [kworker/u16:1][0x1e427399][12:24:13.846579] wlan: [60:I:HIF] hif_snoc_bus_configure: 188: expecting wake from ce 2, irq 111
05-28 12:24:13.846     0     0 I [kworker/u16:1][0x1e42781b][12:24:13.846639] wlan: [60:E:QDF] cds_get_context: 1286: Module ID 66 context is Null
05-28 12:24:13.844  1506  1506 I auditd  : type=1400 audit(0.0:525): avc: denied { open } for comm="RenderThread" path="/dev/__properties__/u:object_r:apexd_prop:s0" dev="tmpfs" ino=14797 scontext=u:r:platform_app:s0:c512,c768 tcontext=u:object_r:apexd_prop:s0 tclass=file permissive=1 app=com.android.systemui
05-28 12:24:13.847  1793  1793 E SystemConfig: SystemConfig is being accessed by a process other than system_server.
05-28 12:24:13.849  1045  1079 I am_wtf  : [0,1793,com.android.phone,684211789,SystemConfig,SystemConfig is being accessed by a process other than system_server.]
05-28 12:24:13.851     0     0 I [kworker/u16:1][0x1e43e011][12:24:13.851438] wlan: [60:E:QDF] cds_get_context: 1286: Module ID 66 context is Null
05-28 12:24:13.851     0     0 I [kworker/u16:1][0x1e43fbc9][12:24:13.851808] wlan: [60:F:WMA] WMA --> wmi_unified_attach - success
05-28 12:24:13.845  1506  1506 I auditd  : typ