05-28 12:24:12.027  1045  1045 W UsageStatsService: Event reported without a package name, eventType:15
05-28 12:24:12.029  1045  1045 I AppOps  : Pruning old package system/com.android.server.appop.AppOpsService$UidState@8b729b1: new uid=-1
05-28 12:24:12.030  1045  1045 I ActivityManager: System now ready
05-28 12:24:12.031  1045  1045 I boot_progress_ams_ready: 14199
05-28 12:24:12.039  1045  1045 I configuration_changed: 1073742084
05-28 12:24:12.040  1045  1045 I ActivityTaskManager: Config changes=40000104 {1.15 ?mcc?mnc [de_DE,hu_HU] ldltr sw360dp w360dp h648dp 480dpi nrml long port night finger -keyb/v/h -nav/h winConfig={ mBounds=Rect(0, 0 - 1080, 2160) mAppBounds=Rect(0, 0 - 1080, 2016) mWindowingMode=fullscreen mDisplayWindowingMode=fullscreen mActivityType=undefined mAlwaysOnTop=undefined mRotation=ROTATION_0} s.8}
05-28 12:24:12.046  1045  1045 I ActivityTaskManager: Override config changes=40000104 {1.15 ?mcc?mnc [de_DE,hu_HU] ldltr sw360dp w360dp h648dp 480dpi nrml long port night finger -keyb/v/h -nav/h winConfig={ mBounds=Rect(0, 0 - 1080, 2160) mAppBounds=Rect(0, 0 - 1080, 2016) mWindowingMode=fullscreen mDisplayWindowingMode=fullscreen mActivityType=undefined mAlwaysOnTop=undefined mRotation=ROTATION_0} s.8} for displayId=0
05-28 12:24:12.053  1045  1045 I SystemServer: Making services ready
05-28 12:24:12.053  1045  1045 I SystemServer: StartActivityManagerReadyPhase
05-28 12:24:12.054  1045  1045 I SystemServiceManager: Starting phase 550
05-28 12:24:12.058  1045  1045 E ThermalHalWrapper: Thermal HAL 2.0 service not connected.
05-28 12:24:12.061  1045  1045 E ThermalHalWrapper: Thermal HAL 1.1 service not connected.
05-28 12:24:12.063  1045  1045 I ThermalHalWrapper: Thermal HAL 1.0 service connected, no thermal call back will be called due to legacy API.
--------- beginning of crash
05-28 12:24:12.064   677   677 F libc    : Fatal signal 11 (SIGSEGV), code 2 (SEGV_ACCERR), fault addr 0x7fd9e21120 in tid 677 (thermal@1.0-ser), pid 677 (thermal@1.0-ser)
05-28 12:24:12.096  1457  1457 F DEBUG   : *** *** *** *** *** *** *** *** *** *** *** *** *** *** *** ***
05-28 12:24:12.096  1457  1457 F DEBUG   : LineageOS Version: '17.1-20200511-UNOFFICIAL-apollo_RoW'
05-28 12:24:12.096  1457  1457 F DEBUG   : Build fingerprint: 'Sony/lineage_apollo_RoW/apollo:10/QQ2A.200501.001.B2/eng.martin.20200511.210555:userdebug/test-keys'
05-28 12:24:12.097  1457  1457 F DEBUG   : Revision: '0'
05-28 12:24:12.097  1457  1457 F DEBUG   : ABI: 'arm64'
05-28 12:24:12.098  1457  1457 F DEBUG   : Timestamp: 2020-05-28 12:24:12+0200
05-28 12:24:12.098  1457  1457 F DEBUG   : pid: 677, tid: 677, name: thermal@1.0-ser  >>> /vendor/bin/hw/android.hardware.thermal@1.0-service <<<
05-28 12:24:12.099  1457  1457 F DEBUG   : uid: 1000
05-28 12:24:12.099  1457  1457 F DEBUG   : signal 11 (SIGSEGV), code 2 (SEGV_ACCERR), fault addr 0x7fd9e21120
05-28 12:24:12.099  1457  1457 F DEBUG   :     x0  0000007fd9e20fb8  x1  0000000000000000  x2  0000000000000000  x3  0048000000000000
05-28 12:24:12.100  1457  1457 F DEBUG   :     x4  8080000000000000  x5  4800000000000000  x6  00000000000080c8  x7  feff6b606c716467
05-28 12:24:12.100  1457  1457 F DEBUG   :     x8  0000007fd9e21120  x9  f1467d1c61b429ae  x10 0000007fd9e20e80  x11 0000007fd9e20e78
05-28 12:24:12.100  1457  1457 F DEBUG   :     x12 000000713040161c  x13 0000000070742a85  x14 ffffffffffffff97  x15 ffffffffffffffff
05-28 12:24:12.101  1457  1457 F DEBUG   :     x16 000000712fe94598  x17 0000007130a11940  x18 000000713238e000  x19 0000007fd9e20df8
05-28 12:24:12.101  1457  1457 F DEBUG   :     x20 0000007fd9e20eb8  x21 0000007fd9e20ee0  x22 000000713041c0c8  x23 000000713040d3a0
05-28 12:24:12.101  1457  1457 F DEBUG   :     x24 0000007131440020  x25 0000007131440020  x26 0000000000000000  x27 0000007fd9e212a0
05-28 12:24:12.101  1457  1457 F DEBUG   :     x28 0000000000000000  x29 0000007fd9e20e60
05-28 12:24:12.102  1457  1457 F DEBUG   :     sp  0000007fd9e20dc0  lr  000000712fe9111c  pc  0000007fd9e21120
05-28 12:24:12.129  1457  1457 F DEBUG   : 
05-28 12:24:12.129  1457  1457 F DEBUG   : backtrace:
05-28 12:24:12.129  1457  1457 F DEBUG   :       #00 pc 0000000000020120  [stack]
05-28 12:24:12.130  1457  1457 F DEBUG   :       #01 pc 0000000000003118  /vendor/lib64/hw/android.hardware.thermal@1.0-impl.so (android::hardware::thermal::V1_0::implementation::Thermal::getTemperatures(std::__1::function<void (android::hardware::thermal::V1_0::ThermalStatus const&, android::hardware::hidl_vec<android::hardware::thermal::V1_0::Temperature> const&)>)+112) (BuildId: aa62dc405fed0338eeb0f4da7d72835f)
05-28 12:24:12.130  1457  1457 F DEBUG   :       #02 pc 000000000000d6bc  /system/lib64/vndk-29/android.hardware.thermal@1.0.so (android::hardware::thermal::V1_0::BnHwThermal::_hidl_getTemperatures(android::hidl::base::V1_0::BnHwBase*, android::hardware::Parcel const&, android::hardware::Parcel*, std::__1::function<void (android::hardware::Parcel&)>)+276) (BuildId: a50df2f67ca37835f690f614b48872c7)
05-28 12:24:12.131  1457  1457 F DEBUG   :       #03 pc 000000000000e000  /system/lib64/vndk-29/android.hardware.thermal@1.0.so (android::hardware::thermal::V1_0::BnHwThermal::onTransact(unsigned int, android::hardware::Parcel const&, android::hardware::Parcel*, unsigned int, std::__1::function<void (android::hardware::Parcel&)>)+544) (BuildId: a50df2f67ca37835f690f614b48872c7)
05-28 12:24:12.131  1457  1457 F DEBUG   :       #04 pc 000000000009643c  /system/lib64/vndk-sp-29/libhidlbase.so (android::hardware::BHwBinder::transact(unsigned int, android::hardware::Parcel const&, android::hardware::Parcel*, unsigned int, std::__1::function<void (android::hardware::Parcel&)>)+68) (BuildId: d59e60ef051b5ff305d844246391ca19)
05-28 12:24:12.131  1457  1457 F DEBUG   :       #05 pc 0000000000099dec  /system/lib64/vndk-sp-29/libhidlbase.so (android::hardware::IPCThreadState::getAndExecuteCommand()+1036) (BuildId: d59e60ef051b5ff305d844246391ca19)
05-28 12:24:12.132  1457  1457 F DEBUG   :       #06 pc 000000000009b000  /system/lib64/vndk-sp-29/libhidlbase.so (android::hardware::IPCThreadState::joinThreadPool(bool)+96) (BuildId: d59e60ef051b5ff305d844246391ca19)
05-28 12:24:12.132  1457  1457 F DEBUG   :       #07 pc 00000000000010e8  /vendor/bin/hw/android.hardware.thermal@1.0-service (main+152) (BuildId: dc12686eb6a8e32dd5e6fe7ebb1bbcf0)
05-28 12:24:12.133  1457  1457 F DEBUG   :       #08 pc 000000000007d4dc  /apex/com.android.runtime/lib64/bionic/libc.so (__libc_init+108) (BuildId: ec86e8d35faa4f99744cccb2ba2d795d)
05-28 12:24:12.155  1457  1457 I auditd  : type=1400 audit(0.0:322): avc: denied { open } for comm="crash_dump64" path="/dev/__properties__/u:object_r:hwservicemanager_prop:s0" dev="tmpfs" ino=14873 scontext=u:r:crash_dump:s0 tcontext=u:object_r:hwservicemanager_prop:s0 tclass=file permissive=1
05-28 12:24:12.155  1457  1457 I auditd  : type=1400 audit(0.0:323): avc: denied { getattr } for comm="crash_dump64" path="/dev/__properties__/u:object_r:hwservicemanager_prop:s0" dev="tmpfs" ino=14873 scontext=u:r:crash_dump:s0 tcontext=u:object_r:hwservicemanager_prop:s0 tclass=file permissive=1
05-28 12:24:12.155  1457  1457 I auditd  : type=1400 audit(0.0:324): avc: denied { map } for comm="crash_dump64" path="/dev/__properties__/u:object_r:hwservicemanager_prop:s0" dev="tmpfs" ino=14873 scontext=u:r:crash_dump:s0 tcontext=u:object_r:hwservicemanager_prop:s0 tclass=file permissive=1
05-28 12:24:12.160     0     0 D logd    : logdr: UID=1000 GID=1000 PID=1457 n tail=50 logMask=8 pid=677 start=0ns timeout=0ns
05-28 12:24:12.161     0     0 D logd    : logdr: UID=1000 GID=1000 PID=1457 n tail=50 logMask=1 pid=677 start=0ns timeout=0ns
05-28 12:24:12.162     0     0 D logd    : logdr: UID=1000 GID=1000 PID=1457 n tail=0 logMask=8 pid=677 start=0ns timeout=0ns
05-28 12:24:12.163     0     0 D logd    : logdr: UID=1000 GID=1000 PID=1457 n tail=0 logMask=1 pid=677 start=0ns timeout=0ns
05-28 12:24:12.169     0     0 I binder  : release 677:677 transaction 5923 in, still active
05-28 12:24:12.169     0     0 I binder  : send failed reply for transaction 5923 to 1045:1045
05-28 12:24:12.170     0     0 I init    : Service 'vendor.thermal-hal-1-0' (pid 677) received signal 11
05-28 12:24:12.170     0     0 I init    : Sending signal 9 to service 'vendor.thermal-hal-1-0' (pid 677) process group...
05-28 12:24:12.171     0     0 I libprocessgroup: Successfully killed process cgroup uid 1000 pid 677 in 0ms
05-28 12:24:12.172     0     0 I init    : Untracked pid 1460 exited with status 0
05-28 12:24:12.172     0     0 I init    : Untracked pid 1457 exited with status 0
05-28 12:24:12.173     0     0 I init    : starting service 'vendor.thermal-hal-1-0'...
05-28 12:24:12.170  1045  1045 E ThermalHalWrapper: Couldn't getCurrentTemperatures, reconnecting...
05-28 12:24:12.170  1045  1045 E ThermalHalWrapper: android.os.RemoteException: HwBinder Error: (-32)
05-28 12:24:12.170  1045  1045 E ThermalHalWrapper: 	at android.os.HwRemoteBinder.transact(Native Method)
05-28 12:24:12.170  1045  1045 E ThermalHalWrapper: 	at android.hardware.thermal.V1_0.IThermal$Proxy.getTemperatures(IThermal.java:206)
05-28 12:24:12.170  1045  1045 E ThermalHalWrapper: 	at com.android.server.power.ThermalManagerService$ThermalHal10Wrapper.getCurrentTemperatures(ThermalManagerService.java:663)
05-28 12:24:12.170  1045  1045 E ThermalHalWrapper: 	at com.android.server.power.ThermalManagerService.onActivityManagerReady(ThermalManagerService.java:150)
05-28 12:24:12.170  1045  1045 E ThermalHalWrapper: 	at com.android.server.power.ThermalManagerService.onBootPhase(ThermalManagerService.java:126)
05-28 12:24:12.170  1045  1045 E ThermalHalWrapper: 	at com.android.server.SystemServiceManager.startBootPhase(SystemServiceManager.java:158)
05-28 12:24:12.170  1045  1045 E ThermalHalWrapper: 	at com.android.server.SystemServer.lambda$startOtherServices$4$SystemServer(SystemServer.java:2093)
05-28 12:24:12.170  1045  1045 E ThermalHalWrapper: 	at com.android.server.-$$Lambda$SystemServer$RIWNR87PnJ4Y6VHItRXU0J6ocqQ.run(Unknown Source:53)
05-28 12:24:12.170  1045  1045 E ThermalHalWrapper: 	at com.android.server.am.ActivityManagerService.systemReady(ActivityManagerService.java:9013)
05-28 12:24:12.170  1045  1045 E ThermalHalWrapper: 	at com.android.server.SystemServer.startOtherServices(SystemServer.java:2090)
05-28 12:24:12.170  1045  1045 E ThermalHalWrapper: 	at com.android.server.SystemServer.run(SystemServer.java:529)
05-28 12:24:12.170  1045  1045 E ThermalHalWrapper: 	at com.android.server.SystemServer.main(SystemServer.java:356)
05-28 12:24:12.170  1045  1045 E ThermalHalWrapper: 	at java.lang.reflect.Method.invoke(Native Method)
05-28 12:24:12.170  1045  1045 E ThermalHalWrapper: 	at com.android.internal.os.RuntimeInit$MethodAndArgsCaller.run(RuntimeInit.java:491)
05-28 12:24:12.170  1045  1045 E ThermalHalWrapper: 	at com.android.internal.os.ZygoteInit.main(ZygoteInit.java:908)
05-28 12:24:12.174  1045  1045 E ThermalHalWrapper: Thermal HAL 1.0 service not connected.
05-28 12:24:12.177     0     0 I init    : Received control message 'interface_start' for 'android.hardware.thermal@1.0::IThermal/default' from pid: 523 (/system/bin/hwservicemanager)
05-28 12:24:12.177     0     0 E init    : Could not find 'android.hardware.thermal@1.0::IThermal/default' for ctl.interface_start
05-28 12:24:12.178     0     0 I init    : Received control message 'interface_start' for 'android.hardware.thermal@1.0::IThermal/default' from pid: 523 (/system/bin/hwservicemanager)
05-28 12:24:12.178     0     0 E init    : Could not find 'android.hardware.thermal@1.0::IThermal/default' for ctl.interface_start
05-28 12:24:12.178     0     0 I init    : Received control message 'interface_start' for 'android.hardware.thermal@1.0::IThermal/default' from pid: 523 (/system/bin/hwservicemanager)
05-28 12:24:12.178     0     0 E init    : Could not find 'android.hardware.thermal@1.0::IThermal/default' for ctl.interface_start
05-28 12:24:12.177  1045  1045 W SystemServiceManager: Service com.android.server.power.ThermalManagerService took 121 ms in onBootPhase
05-28 12:24:12.180  1045  1045 W ActivityManager: Too early to start/bind service in system_server: Phase=550 ComponentInfo{com.android.server.telecom/com.android.server.telecom.components.TelecomService}
05-28 12:24:12.183  1045  1045 W ActivityManager: Too early to start/bind service in system_server: Phase=550 ComponentInfo{com.android.server.telecom/com.android.server.telecom.components.TelecomService}
05-28 12:24:12.185  1045  1045 D BluetoothManagerService: Bluetooth boot completed
05-28 12:24:12.186  1045  1045 D BluetoothManagerService: Auto-enabling Bluetooth.
05-28 12:24:12.186  1045  1072 D BluetoothManagerService: MESSAGE_ENABLE(0): mBluetooth = null
05-28 12:24:12.188  1045  1072 I am_uid_running: 1002
05-28 12:24:12.209  1045  1080 I am_proc_start: [0,1476,1002,com.android.bluetooth,service,{com.android.bluetooth/com.android.bluetooth.btservice.AdapterService}]
05-28 12:24:12.210  1045  1080 I ActivityManager: Start proc 1476:com.android.bluetooth/1002 for service {com.android.bluetooth/com.android.bluetooth.btservice.AdapterService}
05-28 12:24:12.217  1045  1385 E ThermalHalWrapper: Thermal HAL service died cookie: 5612
05-28 12:24:12.219  1045  1385 I ThermalHalWrapper: Thermal HAL 1.0 service connected, no thermal call back will be called due to legacy API.
05-28 12:24:12.220  1471  1471 F libc    : Fatal signal 11 (SIGSEGV), code 2 (SEGV_ACCERR), fault addr 0x7fc0a4f900 in tid 1471 (thermal@1.0-ser), pid 1471 (thermal@1.0-ser)
05-28 12:24:12.223  1045  1275 I commit_sys_config_file: [settings-0-0,15]
05-28 12:24:12.233  1045  1063 I am_proc_bound: [0,1476,com.android.bluetooth]
05-28 12:24:12.241  1045  1063 I am_uid_active: 1002
05-28 12:24:12.248  1498  1498 F DEBUG   : *** *** *** *** *** *** *** *** *** *** *** *** *** *** *** ***
05-28 12:24:12.249  1498  1498 F DEBUG   : LineageOS Version: '17.1-20200511-UNOFFICIAL-apollo_RoW'
05-28 12:24:12.249  1498  1498 F DEBUG   : Build fingerprint: 'Sony/lineage_apollo_RoW/apollo:10/QQ2A.200501.001.B2/eng.martin.20200511.210555:userdebug/test-keys'
05-28 12:24:12.250  1498  1498 F DEBUG   : Revision: '0'
05-28 12:24:12.250  1498  1498 F DEBUG   : ABI: 'arm64'
05-28 12:24:12.251  1498  1498 F DEBUG   : Timestamp: 2020-05-28 12:24:12+0200
05-28 12:24:12.252  1498  1498 F DEBUG   : pid: 1471, tid: 1471, name: thermal@1.0-ser  >>> /vendor/bin/hw/android.hardware.thermal@1.0-service <<<
05-28 12:24:12.252  1498  1498 F DEBUG   : uid: 1000
05-28 12:24:12.254  1498  1498 F DEBUG   : signal 11 (SIGSEGV), code 2 (SEGV_ACCERR), fault addr 0x7fc0a4f900
05-28 12:24:12.256  1498  1498 F DEBUG   :     x0  0000007fc0a4f798  x1  0000000000000000  x2  0000000000000000  x3  0048000000000000
05-28 12:24:12.257  1498  1498 F DEBUG   :     x4  8080000000000000  x5  4800000000000000  x6  00000000000080c8  x7  feff6b606c716467
05-28 12:24:12.257  1498  1498 F DEBUG   :     x8  0000007fc0a4f900  x9  5aff608f2bf1cd72  x10 0000007fc0a4f660  x11 0000007fc0a4f658
05-28 12:24:12.259  1498  1498 F DEBUG   :     x12 0000007d8980161c  x13 0000000070742a85  x14 ffffffffffffff97  x15 ffffffffffffffff
05-28 12:24:12.259  1498  1498 F DEBUG   :     x16 0000007d893dd598  x17 0000007d8a453940  x18 0000007d8b626000  x19 0000007fc0a4f5d8
05-28 12:24:12.259  1498  1498 F DEBUG   :     x20 0000007fc0a4f698  x21 0000007fc0a4f6c0  x22 0000007d8981c0c8  x23 0000007d8980d3a0
05-28 12:24:12.260  1498  1498 F DEBUG   :     x24 0000007d8a9ed020  x25 0000007d8a9ed020  x26 0000000000000000  x27 0000007fc0a4fa80
05-28 12:24:12.260  1498  1498 F DEBUG   :     x28 0000000000000000  x29 0000007fc0a4f640
05-28 12:24:12.260  1498  1498 F DEBUG   :     sp  0000007fc0a4f5a0  lr  0000007d893da11c  pc  0000007fc0a4f900
05-28 12:24:12.266  1045  1045 W SystemServiceManager: Service com.android.server.inputmethod.InputMethodManagerService$Lifecycle took 74 ms in onBootPhase
05-28 12:24:12.269  1045  1325 D StorageManagerService: Isolated storage local flag 0 and remote flag 0 resolved to true
05-28 12:24:12.277  1045  1045 V WallpaperManagerService: bindWallpaperComponentLocked: componentName=ComponentInfo{com.android.systemui/com.android.systemui.ImageWallpaper}
05-28 12:24:12.278  1045  1045 I am_uid_running: 10109
05-28 12:24:12.282  1498  1498 F DEBUG   : 
05-28 12:24:12.282  1498  1498 F DEBUG   : backtrace:
05-28 12:24:12.283  1498  1498 F DEBUG   :       #00 pc 000000000001f900  [stack]
05-28 12:24:12.283  1498  1498 F DEBUG   :       #01 pc 0000000000003118  /vendor/lib64/hw/android.hardware.thermal@1.0-impl.so (android::hardware::thermal::V1_0::implementation::Thermal::getTemperatures(std::__1::function<void (android::hardware::thermal::V1_0::ThermalStatus const&, android::hardware::hidl_vec<android::hardware::thermal::V1_0::Temperature> const&)>)+112) (BuildId: aa62dc405fed0338eeb0f4da7d72835f)
05-28 12:24:12.284  1498  1498 F DEBUG   :       #02 pc 000000000000d6bc  /system/lib64/vndk-29/android.hardware.thermal@1.0.so (android::hardware::thermal::V1_0::BnHwThermal::_hidl_getTemperatures(android::hidl::base::V1_0::BnHwBase*, android::hardware::Parcel const&, android::hardware::Parcel*, std::__1::function<void (android::hardware::Parcel&)>)+276) (BuildId: a50df2f67ca37835f690f614b48872c7)
05-28 12:24:12.284  1498  1498 F DEBUG   :       #03 pc 000000000000e000  /system/lib64/vndk-29/android.hardware.thermal@1.0.so (android::hardware::thermal::V1_0::BnHwThermal::onTransact(unsigned int, android::hardware::Parcel const&, android::hardware::Parcel*, unsigned int, std::__1::function<void (android::hardware::Parcel&)>)+544) (BuildId: a50df2f67ca37835f690f614b48872c7)
05-28 12:24:12.285  1498  1498 F DEBUG   :       #04 pc 000000000009643c  /system/lib64/vndk-sp-29/libhidlbase.so (android::hardware::BHwBinder::transact(unsigned int, android::hardware::Parcel const&, android::hardware::Parcel*, unsigned int, std::__1::function<void (android::hardware::Parcel&)>)+68) (BuildId: d59e60ef051b5ff305d844246391ca19)
05-28 12:24:12.285  1498  1498 F DEBUG   :       #05 pc 0000000000099dec  /system/lib64/vndk-sp-29/libhidlbase.so (android::hardware::IPCThreadState::getAndExecuteCommand()+1036) (BuildId: d59e60ef051b5ff305d844246391ca19)
05-28 12:24:12.286  1498  1498 F DEBUG   :       #06 pc 000000000009b000  /system/lib64/vndk-sp-29/libhidlbase.so (android::hardware::IPCThreadState::joinThreadPool(bool)+96) (BuildId: d59e60ef051b5ff305d844246391ca19)
05-28 12:24:12.286  1498  1498 F DEBUG   :       #07 pc 00000000000010e8  /vendor/bin/hw/android.hardware.thermal@1.0-service (main+152) (BuildId: dc12686eb6a8e32dd5e6fe7ebb1bbcf0)
05-28 12:24:12.286  1045  1045 I AppBindingService: Updating constants with: null
05-28 12:24:12.287  1498  1498 F DEBUG   :       #08 pc 000000000007d4dc  /apex/com.android.runtime/lib64/bionic/libc.so (__libc_init+108) (BuildId: ec86e8d35faa4f99744cccb2ba2d795d)
05-28 12:24:12.290  1045  1089 I UsbPortManager: ClientCallback V1_0: otg_default
05-28 12:24:12.297  1045  1070 I UsbPortManager: USB port added: port=UsbPort{id=otg_default, supportedModes=dualsupportedContaminantProtectionModes=0supportsEnableContaminantPresenceProtection=falsesupportsEnableContaminantPresenceDetection=false, status=UsbPortStatus{connected=true, currentMode=ufp, currentPowerRole=sink, currentDataRole=device, supportedRoleCombinations=[sink:device], contaminantDetectionStatus=0, contaminantProtectionStatus=0}, canChangeMode=false, canChangePowerRole=false, canChangeDataRole=false, connectedAtMillis=14459, lastConnectDurationMillis=0
05-28 12:24:12.297  1045  1361 D BluetoothManagerService: Creating new ProfileServiceConnections object for profile: 1
05-28 12:24:12.298  1045  1361 D BluetoothManagerService: Unable to bindService while Bluetooth is disabled
05-28 12:24:12.316     0     0 D logd    : logdr: UID=1000 GID=1000 PID=1498 n tail=50 logMask=8 pid=1471 start=0ns timeout=0ns
05-28 12:24:12.318     0     0 D logd    : logdr: UID=1000 GID=1000 PID=1498 n tail=50 logMask=1 pid=1471 start=0ns timeout=0ns
05-28 12:24:12.319  1045  1080 I am_proc_start: [0,1506,10109,com.android.systemui,service,{com.android.systemui/com.android.systemui.ImageWallpaper}]
05-28 12:24:12.319  1045  1080 I ActivityManager: Start proc 1506:com.android.systemui/u0a109 for service {com.android.systemui/com.android.systemui.ImageWallpaper}
05-28 12:24:12.323  1045  1045 I PackageManager: Un-granting permission android.permission.REQUEST_INSTALL_PACKAGES from package com.whatsapp (protectionLevel=66 flags=0x30cbbe44)
05-28 12:24:12.323     0     0 D logd    : logdr: UID=1000 GID=1000 PID=1498 n tail=0 logMask=8 pid=1471 start=0ns timeout=0ns
05-28 12:24:12.325     0     0 D logd    : logdr: UID=1000 GID=1000 PID=1498 n tail=0 logMask=1 pid=1471 start=0ns timeout=0ns
05-28 12:24:12.325  1045  1045 I PackageManager: Un-granting permission android.permission.BATTERY_STATS from package dk.resound.smart3d (protectionLevel=50 flags=0x30983e44)
05-28 12:24:12.326  1045  1045 I PackageManager: Un-granting permission android.permission.SYSTEM_ALERT_WINDOW from package dk.resound.smart3d (protectionLevel=1250 flags=0x30983e44)
05-28 12:24:12.329  1045  1045 I PackageManager: Un-granting permission android.permission.BROADCAST_WAP_PUSH from package org.thoughtcrime.securesms (protectionLevel=2 flags=0x30d83e44)
05-28 12:24:12.330  1045  1045 I PackageManager: Un-granting permission android.permission.REQUEST_INSTALL_PACKAGES from package com.aurora.store (protectionLevel=66 flags=0x38c8be44)
05-28 12:24:12.330  1045  1045 I PackageManager: Un-granting permission android.permission.INSTALL_PACKAGES from package com.aurora.store (protectionLevel=18 flags=0x38c8be44)
05-28 12:24:12.331  1045  1045 I PackageManager: Un-granting permission android.permission.READ_LOGS from package com.aurora.store (protectionLevel=50 flags=0x38c8be44)
05-28 12:24:12.331     0     0 I init    : Untracked pid 1498 exited with status 0
05-28 12:24:12.332  1045  1045 I PackageManager: Un-granting permission android.permission.ACCESS_MOCK_LOCATION from package com.aurora.store (protectionLevel=2 flags=0x38c8be44)
05-28 12:24:12.333  1045  1045 I PackageManager: Un-granting permission android.permission.BATTERY_STATS from package com.resound.vanilla (protectionLevel=50 flags=0x30983e44)
05-28 12:24:12.333  1045  1045 I PackageManager: Un-granting permission android.permission.SYSTEM_ALERT_WINDOW from package com.resound.vanilla (protectionLevel=1250 flags=0x30983e44)
05-28 12:24:12.333     0     0 I init    : Service 'vendor.thermal-hal-1-0' (pid 1471) received signal 11
05-28 12:24:12.333     0     0 I init    : Sending signal 9 to service 'vendor.thermal-hal-1-0' (pid 1471) process group...
05-28 12:24:12.335  1045  1063 I am_proc_bound: [0,1506,com.android.systemui]
05-28 12:24:12.335     0     0 I binder  : release 1471:1471 transaction 6041 in, still active
05-28 12:24:12.335     0     0 I binder  : send failed reply for transaction 6041 to 1045:1385
05-28 12:24:12.339     0     0 I libprocessgroup: Successfully killed process cgroup uid 1000 pid 1471 in 5ms
05-28 12:24:12.340     0     0 I init    : Untracked pid 1501 exited with status 0
05-28 12:24:12.341     0     0 I init    : Received control message 'interface_start' for 'android.hardware.thermal@1.0::IThermal/default' from pid: 523 (/system/bin/hwservicemanager)
05-28 12:24:12.341     0     0 E init    : Could not find 'android.hardware.thermal@1.0::IThermal/default' for ctl.interface_start
05-28 12:24:12.342     0     0 I init    : Received control message 'interface_start' for 'android.hardware.thermal@1.0::IThermal/default' from pid: 523 (/system/bin/hwservicemanager)
05-28 12:24:12.342     0     0 E init    : Could not find 'android.hardware.thermal@1.0::IThermal/default' for ctl.interface_start
05-28 12:24:12.342     0     0 I init    : Received control message 'interface_start' for 'android.hardware.thermal@1.0::IThermal/default' from pid: 523 (/system/bin/hwservicemanager)
05-28 12:24:12.342     0     0 E init    : Could not find 'android.hardware.thermal@1.0::IThermal/default' for ctl.interface_start
05-28 12:24:12.337  1045  1045 I PackageManager: Un-granting permission android.permission.BATTERY_STATS from package com.gnhearing.gnbemore (protectionLevel=50 flags=0x30983e44)
05-28 12:24:12.338  1045  1385 E ThermalHalWrapper: Couldn't getCurrentTemperatures, reconnecting...
05-28 12:24:12.338  1045  1385 E ThermalHalWrapper: android.os.RemoteException: HwBinder Error: (-32)
05-28 12:24:12.338  1045  1385 E ThermalHalWrapper: 	at android.os.HwRemoteBinder.transact(Native Method)
05-28 12:24:12.338  1045  1385 E ThermalHalWrapper: 	at android.hardware.thermal.V1_0.IThermal$Proxy.getTemperatures(IThermal.java:206)
05-28 12:24:12.338  1045  1385 E ThermalHalWrapper: 	at com.android.server.power.ThermalManagerService$ThermalHal10Wrapper.getCurrentTemperatures(ThermalManagerService.java:663)
05-28 12:24:12.338  1045  1385 E ThermalHalWrapper: 	at com.android.server.power.ThermalManagerService$ThermalHalWrapper.resendCurrentTemperatures(ThermalManagerService.java:625)
05-28 12:24:12.338  1045  1385 E ThermalHalWrapper: 	at com.android.server.power.ThermalManagerService$ThermalHalWrapper$DeathRecipient.serviceDied(ThermalManagerService.java:641)
05-28 12:24:12.338  1045  1385 E ThermalHalWrapper: 	at android.os.HwRemoteBinder.sendDeathNotice(HwRemoteBinder.java:64)
05-28 12:24:12.338  1045  1045 I PackageManager: Un-granting permission android.permission.SYSTEM_ALERT_WINDOW from package com.gnhearing.gnbemore (protectionLevel=1250 flags=0x30983e44)
05-28 12:24:12.340  1045  1045 I PackageManager: Un-granting permission android.permission.WRITE_SETTINGS from package org.fdroid.fdroid (protectionLevel=1218 flags=0x38c8be44)
05-28 12:24:12.341  1045  1385 E ThermalHalWrapper: Thermal HAL 1.0 service not connected.
05-28 12:24:12.343  1045  1045 I PackageManager: Un-granting permission android.permission.REQUEST_INSTALL_PACKAGES from package org.lineageos.jelly (protectionLevel=66 flags=0x30c8be45)
05-28 12:24:12.344  1045  1045 I PackageManager: Un-granting permission android.permission.REQUEST_INSTALL_PACKAGES from package com.topjohnwu.magisk (protectionLevel=66 flags=0x38c8be44)
05-28 12:24:12.345  1045  1045 I PackageManager: Un-granting permission android.permission.REQUEST_INSTALL_PACKAGES from package com.cxinventor.file.explorer (protectionLevel=66 flags=0x3898be44)
05-28 12:24:12.353  1045  1045 I PackageManager: Un-granting permission android.permission.CONNECTIVITY_USE_RESTRICTED_NETWORKS from package com.android.captiveportallogin (protectionLevel=18 flags=0x38c8be45)
05-28 12:24:12.353  1045  1045 I PackageManager: Un-granting permission android.permission.NETWORK_BYPASS_PRIVATE_DNS from package com.android.captiveportallogin (protectionLevel=2 flags=0x38c8be45)
05-28 12:24:12.354  1045  1045 W SystemServiceManager: Service com.android.server.policy.PermissionPolicyService took 65 ms in onBootPhase
05-28 12:24:12.355  1045  1045 D SystemServerTiming: StartActivityManagerReadyPhase took to complete: 301ms
05-28 12:24:12.355  1045  1045 I SystemServer: StartObservingNativeCrashes
05-28 12:24:12.356  1045  1045 D SystemServerTiming: StartObservingNativeCrashes took to complete: 0ms
05-28 12:24:12.356  1045  1045 I SystemServer: StartSystemUI
05-28 12:24:12.356  1045  1256 D SystemServerInitThreadPool: Started executing WebViewFactoryPreparation
05-28 12:24:12.357  1045  1256 I SystemServer: WebViewFactoryPreparation
05-28 12:24:12.357  1045  1063 I am_uid_active: 10109
05-28 12:24:12.360  1045  1256 I am_uid_running: 1037
05-28 12:24:12.362  1045  1256 D SystemServerTimingAsync: WebViewFactoryPreparation took to complete: 5ms
05-28 12:24:12.365  1045  1256 D SystemServerInitThreadPool: Finished executing WebViewFactoryPreparation
05-28 12:24:12.366  1045  1045 D SystemServerTiming: StartSystemUI took to complete: 10ms
05-28 12:24:12.367  1045  1045 I SystemServer: MakeNetworkManagementServiceReady
05-28 12:24:12.372  1045  1045 D SystemServerTiming: MakeNetworkManagementServiceReady took to complete: 5ms
05-28 12:24:12.372  1045  1045 I SystemServer: MakeIpSecServiceReady
05-28 12:24:12.373  1045  1085 E BatteryExternalStatsWorker: no controller energy info supplied for telephony
05-28 12:24:12.375  1045  1085 E KernelWakelockReader: Failed to parse proc line: IPA_RM12
05-28 12:24:12.376  1045  1045 D IpSecService: IpSecService is ready
05-28 12:24:12.376  1045  1079 I am_wtf  : [0,1045,system_server,-1,KernelWakelockReader,Failed to parse proc line: IPA_RM12]
05-28 12:24:12.376  1045  1045 D SystemServerTiming: MakeIpSecServiceReady took to complete: 3ms
05-28 12:24:12.377  1045  1045 I SystemServer: MakeNetworkStatsServiceReady
05-28 12:24:12.377  1045  1079 I DropBoxManagerService: add tag=system_server_wtf isTagEnabled=true flags=0x2
05-28 12:24:12.381  1045  1334 I commit_sys_config_file: [net-policy,3]
05-28 12:24:12.382  1045  1334 W NetworkPolicy: setRestrictBackgroundUL: already false
05-28 12:24:12.401  1045  1045 D SystemServerTiming: MakeNetworkStatsServiceReady took to complete: 24ms
05-28 12:24:12.402  1045  1045 I SystemServer: MakeConnectivityServiceReady
05-28 12:24:12.403  1045  1045 D ConnectivityService: requestNetwork for uid/pid:1000/1045 NetworkRequest [ REQUEST id=7, [ Capabilities: INTERNET&NOT_RESTRICTED&TRUSTED&NOT_VPN] ]
05-28 12:24:12.419  1045  1045 D SystemServerTiming: MakeConnectivityServiceReady took to complete: 17ms
05-28 12:24:12.421  1045  1045 I SystemServer: MakeNetworkPolicyServiceReady
05-28 12:24:12.425  1045  1334 D TelephonyRegistry: listen oscl: mHasNotifySubscriptionInfoChangedOccurred==false no callback
05-28 12:24:12.425  1045  1045 D SystemServerTiming: MakeNetworkPolicyServiceReady took to complete: 4ms
05-28 12:24:12.426  1045  1045 I SystemServer: PhaseThirdPartyAppsCanStart
05-28 12:24:12.427  1045  1045 I SystemServiceManager: Starting phase 600
05-28 12:24:12.428  1045  1045 I ExplicitHealthCheckController: Explicit health checks enabled.
05-28 12:24:12.428  1045  1045 I PackageWatchdog: Syncing state, reason: health check state enabled
05-28 12:24:12.429  1045  1045 I PackageWatchdog: Not pruning observers, elapsed time: 0ms
05-28 12:24:12.429  1045  1045 I PackageWatchdog: Cancelling state sync, nothing to sync
05-28 12:24:12.433  1045  1045 V WallpaperManagerService: bindWallpaperComponentLocked: componentName=ComponentInfo{com.android.systemui/com.android.systemui.ImageWallpaper}
05-28 12:24:12.441  1045  1078 I PackageWatchdog: Saving observer state to file
05-28 12:24:12.456     0     0 E wlan    : Loading driver v5.2.03.15S; cld:; cmn:; ()
05-28 12:24:12.456     0     0 I qdf_print_ctrl_register: Allocated print control object 0
05-28 12:24:12.459     0     0 I [wifi@1.0-servic][0x1cac0f60][12:24:12.459429] wlan: [682:I:tdls] ucfg_tdls_init: 40: tdls module dispatcher init
05-28 12:24:12.459     0     0 I [wifi@1.0-servic][0x1cac1077][12:24:12.459444] wlan: [682:I:tdls] ucfg_tdls_init: 72: tdls module dispatcher init done
05-28 12:24:12.459     0     0 I [wifi@1.0-servic][0x1cac11a6][12:24:12.459460] wlan: [682:I:POLICY_MGR] policy_mgr_init: 214: Callbacks registered with obj mgr
05-28 12:24:12.459     0     0 I [wifi@1.0-servic][0x1cac1a30][12:24:12.459573] wlan: [682:I:IPA] ipa_init: 125: ipa module dispatcher init
05-28 12:24:12.459     0     0 E ipa3_uc_reg_rdyCB: 2776 bad parm. inout=0000000000000000
05-28 12:24:12.459     0     0 E send_filled_buffers_to_user: Send Failed -22 drop_count = 1
05-28 12:24:12.460     0     0 I         : wlan_hdd_state wlan major(491) initialized
05-28 12:24:12.460     0     0 I wlan    : driver loaded
05-28 12:24:12.462   682   682 I android.hardware.wifi@1.0-service: Wifi HAL started
05-28 12:24:12.472  1045  1080 W ActivityManager: Slow operation: 112ms so far, now at startProcess: returned from zygote!
05-28 12:24:12.473  1045  1080 W ActivityManager: Slow operation: 113ms so far, now at startProcess: done updating battery stats
05-28 12:24:12.473  1045  1080 I am_proc_start: [0,1566,1037,WebViewLoader-armeabi-v7a,NULL,]
05-28 12:24:12.474  1045  1080 W ActivityManager: Slow operation: 114ms so far, now at startProcess: building log message
05-28 12:24:12.474  1045  1080 I ActivityManager: Start proc 1566:WebViewLoader-armeabi-v7a/1037 [android.webkit.WebViewLibraryLoader$RelroFileCreator] for null
05-28 12:24:12.475  1045  1080 W ActivityManager: Slow operation: 115ms so far, now at startProcess: starting to update pids map
05-28 12:24:12.476  1045  1080 W ActivityManager: Slow operation: 116ms so far, now at startProcess: done updating pids map
05-28 12:24:12.477  1045  1080 W ActivityManager: Slow operation: 116ms so far, now at startProcess: asking zygote to start proc
05-28 12:24:12.485     0     0 I init    : Received control message 'interface_start' for 'android.hardware.wifi.supplicant@1.0::ISupplicant/default' from pid: 523 (/system/bin/hwservicemanager)
05-28 12:24:12.486     0     0 I init    : starting service 'wpa_supplicant'...
05-28 12:24:12.485  1045  1045 D TelephonyRegistry: listen oscl: mHasNotifySubscriptionInfoChangedOccurred==false no callback
05-28 12:24:12.492     0     0 I init    : Created socket '/dev/socket/wpa_wlan0', mode 660, user 1010, group 1010
05-28 12:24:12.491  1045  1045 I StatsCompanionService: Told statsd that StatsCompanionService is alive.
05-28 12:24:12.494  1045  1045 D SystemServerTiming: PhaseThirdPartyAppsCanStart took to complete: 68ms
05-28 12:24:12.495  1045  1045 I SystemServer: StartNetworkStack
05-28 12:24:12.494  1476  1569 I bt_config_source: 1
05-28 12:24:12.508  1045  1045 I am_uid_running: 1073
05-28 12:24:12.510  1045  1045 D SystemServerTiming: StartNetworkStack took to complete: 14ms
05-28 12:24:12.510  1045  1045 I SystemServer: MakeLocationServiceReady
05-28 12:24:12.511  1045  1537 I am_proc_bound: [0,1566,WebViewLoader-armeabi-v7a]
05-28 12:24:12.513  1045  1537 I am_uid_active: 1037
05-28 12:24:12.521  1045  1080 W ActivityManager: Slow operation: 160ms so far, now at startProcess: returned from zygote!
05-28 12:24:12.522  1045  1080 W ActivityManager: Slow operation: 161ms so far, now at startProcess: done updating battery stats
05-28 12:24:12.522  1045  1080 I am_proc_start: [0,1603,1037,WebViewLoader-arm64-v8a,NULL,]
05-28 12:24:12.523  1045  1080 W ActivityManager: Slow operation: 162ms so far, now at startProcess: building log message
05-28 12:24:12.523  1045  1080 I ActivityManager: Start proc 1603:WebViewLoader-arm64-v8a/1037 [android.webkit.WebViewLibraryLoader$RelroFileCreator] for null
05-28 12:24:12.524  1045  1080 W ActivityManager: Slow operation: 163ms so far, now at startProcess: starting to update pids map
05-28 12:24:12.524  1045  1080 W ActivityManager: Slow operation: 163ms so far, now at startProcess: done updating pids map
05-28 12:24:12.544  1045  1537 I am_proc_bound: [0,1603,WebViewLoader-arm64-v8a]
05-28 12:24:12.550  1045  1080 I am_proc_start: [0,1634,1073,com.android.networkstack,service,{com.android.networkstack/com.android.server.NetworkStackService}]
05-28 12:24:12.551  1045  1080 I ActivityManager: Start proc 1634:com.android.networkstack/1073 for service {com.android.networkstack/com.android.server.NetworkStackService}
05-28 12:24:12.562  1045  1045 D LocationManagerService: Unable to bind FLP Geofence proxy.
05-28 12:24:12.564  1045  1045 D LocationManagerService: Hardware Activity-Recognition not supported.
05-28 12:24:12.568  1045  1063 W StorageManagerService: No primary storage defined yet; hacking together a stub
05-28 12:24:12.575  1045  1045 D LocationManagerService: Unable to bind ActivityRecognitionProxy.
05-28 12:24:12.579  1045  1045 D SystemServerTiming: MakeLocationServiceReady took to complete: 69ms
05-28 12:24:12.580  1045  1045 I SystemServer: MakeCountryDetectionServiceReady
05-28 12:24:12.582  1045  1063 I am_proc_bound: [0,1634,com.android.networkstack]
05-28 12:24:12.584  1045  1063 I am_uid_active: 1073
05-28 12:24:12.584  1045  1045 D SystemServerTiming: MakeCountryDetectionServiceReady took to complete: 0ms
05-28 12:24:12.585  1045  1045 I SystemServer: MakeNetworkTimeUpdateReady
05-28 12:24:12.596  1045  1045 D ConnectivityService: requestNetwork for uid/pid:1000/1045 NetworkRequest [ TRACK_DEFAULT id=10, [ Capabilities: INTERNET&NOT_RESTRICTED&TRUSTED Uid: 1000] ]
05-28 12:24:12.597  1045  1045 D SystemServerTiming: MakeNetworkTimeUpdateReady took to complete: 11ms
05-28 12:24:12.598  1045  1045 I SystemServer: MakeInputManagerServiceReady
05-28 12:24:12.599  1045  1045 D SystemServerTiming: MakeInputManagerServiceReady took to complete: 1ms
05-28 12:24:12.599  1045  1045 I SystemServer: MakeTelephonyRegistryReady
05-28 12:24:12.600  1045  1045 D TelephonyRegistry: systemRunning register for intents
05-28 12:24:12.601  1045  1045 D SystemServerTiming: MakeTelephonyRegistryReady took to complete: 0ms
05-28 12:24:12.601  1045  1045 I SystemServer: MakeMediaRouterServiceReady
05-28 12:24:12.603  1045  1045 D SystemServerTiming: MakeMediaRouterServiceReady took to complete: 1ms
05-28 12:24:12.604  1045  1045 I SystemServer: MakeMmsServiceReady
05-28 12:24:12.608     0     0 I capability: warning: `wpa_supplicant' uses 32-bit capabilities (legacy support in use)
05-28 12:24:12.619  1045  1070 W LocationProviderProxy: Odd, no component found for service com.android.location.service.v3.NetworkLocationProvider
05-28 12:24:12.622  1045  1070 W GeocoderProxy: Odd, no component found for service com.android.location.service.GeocodeProvider
05-28 12:24:12.622  1045  1045 I MmsServiceBroker: Delay connecting to MmsService until an API is called
05-28 12:24:12.623  1045  1045 D SystemServerTiming: MakeMmsServiceReady took to complete: 0ms
05-28 12:24:12.623  1045  1063 D TelephonyRegistry: listen oscl: mHasNotifySubscriptionInfoChangedOccurred==false no callback
05-28 12:24:12.623  1045  1045 I SystemServer: IncidentDaemonReady
05-28 12:24:12.625  1045  1045 D SystemServerTiming: IncidentDaemonReady took to complete: 2ms
05-28 12:24:12.628  1045  1045 I ActivityManager: Current user:0
05-28 12:24:12.629  1045  1045 I SystemServiceManager: Calling onStartUser u0
05-28 12:24:12.637  1045  1045 W VoiceInteractionManagerService: no available voice interaction services found for user 0
05-28 12:24:12.641  1045  1045 W VoiceInteractionManagerService: no available voice recognition services found for user 0
05-28 12:24:12.642  1045  1045 W CameraService_proxy: Could not notify cameraserver, camera service not available.
05-28 12:24:12.642  1045  1045 I CameraService_proxy: Could not notify camera service of user switch, retrying...
05-28 12:24:12.645  1045  1045 I am_uid_running: 1001
05-28 12:24:12.646     0     0 I msm_vidc: info: Opening video instance: 0000000000000000, 1
05-28 12:24:12.653  1045  1045 I ActivityTaskManager: START u0 {act=android.intent.action.MAIN cat=[android.intent.category.HOME] flg=0x10000100 cmp=com.android.settings/.FallbackHome} from uid 0
05-28 12:24:12.662     0     0 I msm_vidc: warn: Skip resetting ahb2axi bridge
05-28 12:24:12.663     0     0 I subsys-restart: __subsystem_get(): Changing subsys fw_name to venus
05-28 12:24:12.664  1045  1402 W CameraService_proxy: Could not notify cameraserver, camera service not available.
05-28 12:24:12.665  1045  1402 I CameraService_proxy: Could not notify camera service of user switch, retrying...
05-28 12:24:12.676     0     0 I ueventd : firmware: loading 'venus.mdt' for '/devices/platform/soc/aae0000.qcom,venus/firmware/venus.mdt'
05-28 12:24:12.685  1045  1275 I commit_sys_config_file: [settings-0-0,14]
05-28 12:24:12.679     0     0 I subsys-pil-tz aae0000.qcom,venus: venus: loading from 0x0000000095800000 to 0x0000000095d00000
05-28 12:24:12.680     0     0 I ueventd : loading /devices/platform/soc/aae0000.qcom,venus/firmware/venus.mdt took 3ms
05-28 12:24:12.687  1045  1402 W CameraService_proxy: Could not notify cameraserver, camera service not available.
05-28 12:24:12.687  1045  1402 I CameraService_proxy: Could not notify camera service of user switch, retrying...
05-28 12:24:12.708  1045  1402 W CameraService_proxy: Could not notify cameraserver, camera service not available.
05-28 12:24:12.709  1045  1402 I CameraService_proxy: Could not notify camera service of user switch, retrying...
05-28 12:24:12.725  1045  1045 I ActivityTaskManager: Loaded persisted task ids for user 0
05-28 12:24:12.727  1045  1045 I wm_task_created: [1,0]
05-28 12:24:12.729  1045  1045 I wm_task_moved: [1,0,2147483647]
05-28 12:24:12.730  1045  1045 I am_create_task: [0,1]
05-28 12:24:12.730  1045  1045 I am_create_activity: [0,185741126,1,com.android.settings/.FallbackHome,android.intent.action.MAIN,NULL,NULL,276824320]
05-28 12:24:12.731  1045  1045 I wm_task_moved: [1,0,2147483647]
05-28 12:24:12.734  1045  1402 W CameraService_proxy: Could not notify cameraserver, camera service not available.
05-28 12:24:12.734  1045  1402 I CameraService_proxy: Could not notify camera service of user switch, retrying...
05-28 12:24:12.737     0     0 I ueventd : firmware: loading 'venus.b02' for '/devices/platform/soc/aae0000.qcom,venus/firmware/venus.b02'
05-28 12:24:12.742     0     0 I ueventd : loading /devices/platform/soc/aae0000.qcom,venus/firmware/venus.b02 took 5ms
05-28 12:24:12.751     0     0 I ueventd : firmware: loading 'venus.b03' for '/devices/platform/soc/aae0000.qcom,venus/firmware/venus.b03'
05-28 12:24:12.753     0     0 I ueventd : loading /devices/platform/soc/aae0000.qcom,venus/firmware/venus.b03 took 2ms
05-28 12:24:12.756  1045  1402 W CameraService_proxy: Could not notify cameraserver, camera service not available.
05-28 12:24:12.757  1045  1402 I CameraService_proxy: Could not notify camera service of user switch, retrying...
05-28 12:24:12.764     0     0 I ueventd : firmware: loading 'venus.b04' for '/devices/platform/soc/aae0000.qcom,venus/firmware/venus.b04'
05-28 12:24:12.765     0     0 I ueventd : loading /devices/platform/soc/aae0000.qcom,venus/firmware/venus.b04 took 1ms
05-28 12:24:12.778  1045  1402 W CameraService_proxy: Could not notify cameraserver, camera service not available.
05-28 12:24:12.779  1045  1402 I CameraService_proxy: Could not notify camera service of user switch, retrying...
05-28 12:24:12.780     0     0 I subsys-pil-tz aae0000.qcom,venus: venus: Brought out of reset
05-28 12:24:12.782  1045  1275 I commit_sys_config_file: [settings-2-0,19]
05-28 12:24:12.800  1045  1402 W CameraService_proxy: Could not notify cameraserver, camera service not available.
05-28 12:24:12.800  1045  1402 I CameraService_proxy: Could not notify camera service of user switch, retrying...
05-28 12:24:12.817     0     0 I msm_vidc: info: Closed video instance: 0000000000000000
05-28 12:24:12.821  1045  1402 W CameraService_proxy: Could not notify cameraserver, camera service not available.
05-28 12:24:12.822  1045  1402 I CameraService_proxy: Could not notify camera service of user switch, retrying...
05-28 12:24:12.833     0     0 I msm_vidc: info: Opening video instance: 0000000000000000, 1
05-28 12:24:12.843  1045  1402 W CameraService_proxy: Could not notify cameraserver, camera service not available.
05-28 12:24:12.843  1045  1402 I CameraService_proxy: Could not notify camera service of user switch, retrying...
05-28 12:24:12.848  1045  1045 D SystemServerTiming: ActivityManagerStartApps took to complete: 219ms
05-28 12:24:12.848  1045  1045 D SystemServerTiming: PhaseActivityManagerReady took to complete: 823ms
05-28 12:24:12.851  1045  1045 D SystemServerInitThreadPool: Shutdown successful
05-28 12:24:12.852  1045  1045 D SystemServerTiming: StartServices took to complete: 3866ms
05-28 12:24:12.853  1045  1045 I sysui_multi_action: [757,804,799,boot_system_server_ready,801,15022,802,1]
05-28 12:24:12.858  1045  1537 I dvm_lock_sample: [system_server,1,Binder:1045_6,204,ActivityManagerService.java,6717,android.app.ContentProviderHolder com.android.server.am.ActivityManagerService.getContentProviderImpl(android.app.IApplicationThread, java.lang.String, android.os.IBinder, int, java.lang.String, java.lang.String, boolean, int),-,9040,void com.android.server.am.ActivityManagerService.systemReady(java.lang.Runnable, android.util.TimingsTraceLog),40]
05-28 12:24:12.860     0     0 I init    : Received control message 'interface_start' for 'android.hardware.camera.provider@2.4::ICameraProvider/legacy/0' from pid: 523 (/system/bin/hwservicemanager)
05-28 12:24:12.862  1045  1071 I dvm_lock_sample: [system_server,1,android.ui,214,ActivityManagerService.java,3308,void com.android.server.am.ActivityManagerService.dispatchUidsChanged(),-,9040,void com.android.server.am.ActivityManagerService.systemReady(java.lang.Runnable, android.util.TimingsTraceLog),42]
05-28 12:24:12.863  1045  1363 I ActivityManager: Process WebViewLoader-armeabi-v7a (pid 1566) has died: psvc PER 
05-28 12:24:12.863  1045  1363 I am_proc_died: [0,1566,WebViewLoader-armeabi-v7a,-700,0]
05-28 12:24:12.865     0     0 I msm_vidc: info: Closed video instance: 0000000000000000
05-28 12:24:12.864  1045  1402 W CameraService_proxy: Could not notify cameraserver, camera service not available.
05-28 12:24:12.864  1045  1402 I CameraService_proxy: Could not notify camera service of user switch, retrying...
05-28 12:24:12.866  1045  1363 I am_low_memory: 9
05-28 12:24:12.868  1045  1080 W ActivityManager: Slow operation: 222ms so far, now at startProcess: done updating battery stats
05-28 12:24:12.868  1045  1080 I am_proc_start: [0,1686,1001,.dataservices,added application,.dataservices]
05-28 12:24:12.868  1045  1080 W ActivityManager: Slow operation: 223ms so far, now at startProcess: building log message
05-28 12:24:12.869  1045  1080 I ActivityManager: Start proc 1686:.dataservices/1001 for added application .dataservices
05-28 12:24:12.869  1045  1080 W ActivityManager: Slow operation: 224ms so far, now at startProcess: starting to update pids map
05-28 12:24:12.869  1045  1045 W Looper  : Slow delivery took 2563ms main h=android.app.ActivityThread$H c=null m=156
05-28 12:24:12.870  1045  1080 W ActivityManager: Slow operation: 225ms so far, now at startProcess: done updating pids map
05-28 12:24:12.871  1045  1080 W ActivityManager: Slow operation: 223ms so far, now at startProcess: asking zygote to start proc
05-28 12:24:12.871  1045  1387 I am_proc_bound: [0,1686,.dataservices]
05-28 12:24:12.877  1045  1387 I am_uid_active: 1001
05-28 12:24:12.883  1045  1071 W Looper  : Slow dispatch took 237ms android.ui h=com.android.server.am.ActivityManagerService$UiHandler c=null m=53
05-28 12:24:12.883  1045  1430 I dvm_lock_sample: [system_server,0,Binder:1045_5,122,ActivityManagerService.java,1503,void com.android.server.am.ActivityManagerService$AppDeathRecipient.binderDied(),-,9040,void com.android.server.am.ActivityManagerService.systemReady(java.lang.Runnable, android.util.TimingsTraceLog),24]
05-28 12:24:12.884  1045  1070 W LocationProviderProxy: Odd, no component found for service com.android.location.service.v3.NetworkLocationProvider
05-28 12:24:12.885  1045  1402 W CameraService_proxy: Could not notify cameraserver, camera service not available.
05-28 12:24:12.885  1045  1070 W GeocoderProxy: Odd, no component found for service com.android.location.service.GeocodeProvider
05-28 12:24:12.885  1045  1402 I CameraService_proxy: Could not notify camera service of user switch, retrying...
05-28 12:24:12.889  1045  1430 I ActivityManager: Process WebViewLoader-arm64-v8a (pid 1603) has died: psvc PER 
05-28 12:24:12.889  1045  1430 I am_proc_died: [0,1603,WebViewLoader-arm64-v8a,-700,0]
05-28 12:24:12.892  1045  1430 I am_uid_stopped: 1037
05-28 12:24:12.893  1045  1072 I DropBoxManagerService: add tag=system_server_strictmode isTagEnabled=true flags=0x2
05-28 12:24:12.895  1045  1430 I am_low_memory: 8
05-28 12:24:12.899  1045  1045 D ConditionProviders.SCP: onConnected
05-28 12:24:12.901  1045  1045 D ConditionProviders: Subscribing to condition://android/event?userId=-10000&calendar=&reply=1 with ComponentInfo{android/com.android.server.notification.EventConditionProvider}
05-28 12:24:12.902  1045  1072 I DropBoxManagerService: add tag=system_server_strictmode isTagEnabled=true flags=0x2
05-28 12:24:12.902  1045  1045 D ConditionProviders: Subscribing to condition://android/schedule?days=1.2.3.4.5.6.7&start=22.0&end=7.0&exitAtAlarm=true with ComponentInfo{android/com.android.server.notification.ScheduleConditionProvider}
05-28 12:24:12.905  1045  1045 I notification_cancel_all: [1000,1045,android,0,0,0,17,NULL]
05-28 12:24:12.905  1045  1045 V FingerprintService: starting client EnumerateClient(android) targetUserId: 0 currentUserId: 0 cookie: 0/0
05-28 12:24:12.906  1045  1402 W CameraService_proxy: Could not notify cameraserver, camera service not available.
05-28 12:24:12.906  1045  1080 W ActivityManager: Slow operation: 259ms so far, now at startProcess: returned from zygote!
05-28 12:24:12.908  1045  1402 I CameraService_proxy: Could not notify camera service of user switch, retrying...
05-28 12:24:12.909  1045  1080 W ActivityManager: Slow operation: 261ms so far, now at startProcess: done updating battery stats
05-28 12:24:12.910  1045  1080 I am_proc_start: [0,1741,1001,com.qualcomm.qti.telephonyservice,added application,com.qualcomm.qti.telephonyservice]
05-28 12:24:12.912  1045  1072 I DropBoxManagerService: add tag=system_server_strictmode isTagEnabled=true flags=0x2
05-28 12:24:12.917  1045  1072 I DropBoxManagerService: add tag=system_server_strictmode isTagEnabled=true flags=0x2
05-28 12:24:12.921  1045  1080 W ActivityManager: Slow operation: 273ms so far, now at startProcess: building log message
05-28 12:24:12.921  1045  1080 I ActivityManager: Start proc 1741:com.qualcomm.qti.telephonyservice/1001 for added application com.qualcomm.qti.telephonyservice
