05-28 12:24:10.750  1045  1078 E PinnerService: 	at android.system.Os.mmap(Os.java:390)
05-28 12:24:10.750  1045  1078 E PinnerService: 	at com.android.server.PinnerService.pinFileRanges(PinnerService.java:789)
05-28 12:24:10.750  1045  1078 E PinnerService: 	at com.android.server.PinnerService.pinFile(PinnerService.java:667)
05-28 12:24:10.750  1045  1078 E PinnerService: 	at com.android.server.PinnerService.handlePinOnStart(PinnerService.java:252)
05-28 12:24:10.750  1045  1078 E PinnerService: 	at com.android.server.PinnerService.access$1400(PinnerService.java:87)
05-28 12:24:10.750  1045  1078 E PinnerService: 	at com.android.server.PinnerService$PinnerHandler.handleMessage(PinnerService.java:995)
05-28 12:24:10.750  1045  1078 E PinnerService: 	at android.os.Handler.dispatchMessage(Handler.java:107)
05-28 12:24:10.750  1045  1078 E PinnerService: 	at android.os.Looper.loop(Looper.java:214)
05-28 12:24:10.750  1045  1078 E PinnerService: 	at android.os.HandlerThread.run(HandlerThread.java:67)
05-28 12:24:10.753  1045  1072 I DropBoxManagerService: add tag=system_server_strictmode isTagEnabled=true flags=0x2
05-28 12:24:10.754  1045  1078 E PinnerService: Failed to pin file = /system/framework/oat/arm64/services.vdex
05-28 12:24:10.754  1045  1078 D PinnerService: pinRangeStream: null
05-28 12:24:10.757  1045  1078 I chatty  : uid=1000(system) android.bg identical 1 line
05-28 12:24:10.757  1045  1078 D PinnerService: pinRangeStream: null
05-28 12:24:10.757  1045  1072 I DropBoxManagerService: add tag=system_server_strictmode isTagEnabled=true flags=0x2
05-28 12:24:10.759  1045  1078 D PinnerService: pinRangeStream: null
05-28 12:24:10.771     0     0 I init    : processing action (sys.sysctl.extra_free_kbytes=*) from (/init.rc:808)
05-28 12:24:10.766  1045  1078 D PinnerService: pinRangeStream: null
05-28 12:24:10.770  1045  1045 I SystemServer: StartInputMethodManagerLifecycle
05-28 12:24:10.771  1045  1045 I SystemServiceManager: Starting com.android.server.inputmethod.InputMethodManagerService$Lifecycle
05-28 12:24:10.777  1045  1045 D SystemServerTiming: StartInputMethodManagerLifecycle took to complete: 7ms
05-28 12:24:10.778  1045  1045 I SystemServer: StartAccessibilityManagerService
05-28 12:24:10.778  1045  1045 I SystemServiceManager: Starting com.android.server.accessibility.AccessibilityManagerService$Lifecycle
05-28 12:24:10.783  1045  1078 D PinnerService: pinRangeStream: null
05-28 12:24:10.784  1045  1078 D PinnerService: pinRangeStream: null
05-28 12:24:10.785  1045  1045 D SystemServerTiming: StartAccessibilityManagerService took to complete: 6ms
05-28 12:24:10.785  1045  1045 I SystemServer: MakeDisplayReady
05-28 12:24:10.787  1045  1045 I configuration_changed: 536894968
05-28 12:24:10.791  1045  1045 I ActivityTaskManager: Config changes=20005df8 {1.0 ?mcc?mnc [de_DE] ldltr sw360dp w360dp h648dp 480dpi nrml long port ?uimode ?night finger -keyb/h/h -nav/h winConfig={ mBounds=Rect(0, 0 - 1080, 2160) mAppBounds=Rect(0, 0 - 1080, 2016) mWindowingMode=fullscreen mDisplayWindowingMode=fullscreen mActivityType=undefined mAlwaysOnTop=undefined mRotation=ROTATION_0} s.2}
05-28 12:24:10.793   697   697 W SSLM    : HIGH: SIM: [20/05/28 10:24:10]: 8230: mmgsdi.c: MMGSDI_PIN1_EVT, status: 0x3, slot: 0x1
05-28 12:24:10.794   697   697 W SSLM    : HIGH: SIM: [20/05/28 10:24:10]: 8250: mmgsdi.c: MMGSDI_PIN2_EVT, status: 0x1, slot: 0x1
05-28 12:24:10.800  1045  1045 I ActivityTaskManager: Override config changes=60007dfc {1.0 ?mcc?mnc [de_DE] ldltr sw360dp w360dp h648dp 480dpi nrml long port ?uimode ?night finger -keyb/h/h -nav/h winConfig={ mBounds=Rect(0, 0 - 1080, 2160) mAppBounds=Rect(0, 0 - 1080, 2016) mWindowingMode=fullscreen mDisplayWindowingMode=fullscreen mActivityType=undefined mAlwaysOnTop=undefined mRotation=ROTATION_0} s.2} for displayId=0
05-28 12:24:10.802  1045  1045 I sysui_multi_action: [757,1659,758,4,759,1,1660,0]
05-28 12:24:10.806  1045  1045 D SystemServerTiming: MakeDisplayReady took to complete: 21ms
05-28 12:24:10.807  1045  1045 I SystemServer: StartStorageManagerService
05-28 12:24:10.807  1045  1045 I SystemServiceManager: Starting com.android.server.StorageManagerService$Lifecycle
05-28 12:24:10.817  1045  1325 D StorageManagerService: Thinking about init, mBootCompleted=false, mDaemonConnected=true
05-28 12:24:10.817  1045  1325 D StorageManagerService: Thinking about reset, mBootCompleted=false, mDaemonConnected=true
05-28 12:24:10.817  1045  1325 D StorageManagerService: Thinking about init, mBootCompleted=false, mDaemonConnected=true
05-28 12:24:10.817  1045  1045 D SystemServerTiming: StartStorageManagerService took to complete: 10ms
05-28 12:24:10.818  1045  1325 D StorageManagerService: Thinking about reset, mBootCompleted=false, mDaemonConnected=true
05-28 12:24:10.818  1045  1045 I SystemServer: StartStorageStatsService
05-28 12:24:10.819  1045  1045 I SystemServiceManager: Starting com.android.server.usage.StorageStatsService$Lifecycle
05-28 12:24:10.835  1045  1045 D SystemServerTiming: StartStorageStatsService took to complete: 16ms
05-28 12:24:10.835  1045  1045 I SystemServer: StartUiModeManager
05-28 12:24:10.836  1045  1045 I SystemServiceManager: Starting com.android.server.UiModeManagerService
05-28 12:24:10.838  1045  1327 D SystemServerInitThreadPool: Started executing UiModeManager.onStart
05-28 12:24:10.839  1045  1327 I configuration_changed: 512
05-28 12:24:10.839  1045  1045 D SystemServerTiming: StartUiModeManager took to complete: 4ms
05-28 12:24:10.840  1045  1045 I SystemServer: UpdatePackagesIfNeeded
05-28 12:24:10.840  1045  1045 I Watchdog: Pausing HandlerChecker: main thread for reason: dexopt. Pause count: 1
05-28 12:24:10.840  1045  1045 I Watchdog: Resuming HandlerChecker: main thread for reason: dexopt. Pause count: 0
05-28 12:24:10.841  1045  1045 D SystemServerTiming: UpdatePackagesIfNeeded took to complete: 0ms
05-28 12:24:10.841  1045  1045 I SystemServer: PerformFstrimIfNeeded
05-28 12:24:10.842  1045  1045 D SystemServerTiming: PerformFstrimIfNeeded took to complete: 0ms
05-28 12:24:10.842  1045  1045 I SystemServer: StartLockSettingsService
05-28 12:24:10.842  1045  1045 I SystemServiceManager: Starting com.android.server.locksettings.LockSettingsService$Lifecycle
05-28 12:24:10.844  1045  1327 I ActivityTaskManager: Config changes=200 {1.0 ?mcc?mnc [de_DE] ldltr sw360dp w360dp h648dp 480dpi nrml long port night finger -keyb/h/h -nav/h winConfig={ mBounds=Rect(0, 0 - 1080, 2160) mAppBounds=Rect(0, 0 - 1080, 2016) mWindowingMode=fullscreen mDisplayWindowingMode=fullscreen mActivityType=undefined mAlwaysOnTop=undefined mRotation=ROTATION_0} s.4}
05-28 12:24:10.851     0     0 I init    : Received control message 'interface_start' for 'android.hardware.camera.provider@2.4::ICameraProvider/legacy/0' from pid: 523 (/system/bin/hwservicemanager)
05-28 12:24:10.852  1045  1327 I ActivityTaskManager: Override config changes=200 {1.0 ?mcc?mnc [de_DE] ldltr sw360dp w360dp h648dp 480dpi nrml long port night finger -keyb/h/h -nav/h winConfig={ mBounds=Rect(0, 0 - 1080, 2160) mAppBounds=Rect(0, 0 - 1080, 2016) mWindowingMode=fullscreen mDisplayWindowingMode=fullscreen mActivityType=undefined mAlwaysOnTop=undefined mRotation=ROTATION_0} s.4} for displayId=0
05-28 12:24:10.854  1045  1327 D SystemServerInitThreadPool: Finished executing UiModeManager.onStart
05-28 12:24:10.860  1045  1045 D SystemServerTiming: StartLockSettingsService took to complete: 18ms
05-28 12:24:10.860  1045  1045 I SystemServer: StartTestHarnessMode
05-28 12:24:10.861  1045  1045 I SystemServiceManager: Starting com.android.server.testharness.TestHarnessModeService
05-28 12:24:10.862  1045  1045 D SystemServerTiming: StartTestHarnessMode took to complete: 2ms
05-28 12:24:10.865  1045  1045 I OemLock : OemLock HAL not present on device
05-28 12:24:10.865  1045  1045 I SystemServer: StartDeviceIdleController
05-28 12:24:10.866  1045  1045 I SystemServiceManager: Starting com.android.server.DeviceIdleController
05-28 12:24:10.873  1045  1045 D SystemServerTiming: StartDeviceIdleController took to complete: 8ms
05-28 12:24:10.874  1045  1045 I SystemServer: StartDevicePolicyManager
05-28 12:24:10.874  1045  1045 I SystemServiceManager: Starting com.android.server.devicepolicy.DevicePolicyManagerService$Lifecycle
05-28 12:24:10.886  1045  1045 D SystemServerTiming: StartDevicePolicyManager took to complete: 12ms
05-28 12:24:10.886  1045  1045 I SystemServer: StartStatusBarManagerService
05-28 12:24:10.888  1045  1045 D SystemServerTiming: StartStatusBarManagerService took to complete: 2ms
05-28 12:24:10.889  1045  1045 D SystemServer: ContentCaptureService disabled because resource is not overlaid
05-28 12:24:10.890  1045  1045 D SystemServer: AttentionService is not configured on this device
05-28 12:24:10.890  1045  1045 D SystemServer: SystemCaptionsManagerService disabled because resource is not overlaid
05-28 12:24:10.890  1045  1045 D SystemServer: AppPredictionService not defined by OEM
05-28 12:24:10.891  1045  1045 D SystemServer: ContentSuggestionsService not defined by OEM
05-28 12:24:10.891  1045  1045 I SystemServer: InitNetworkStackClient
05-28 12:24:10.894  1045  1045 D SystemServerTiming: InitNetworkStackClient took to complete: 3ms
05-28 12:24:10.895  1045  1045 I SystemServer: StartNetworkManagementService
05-28 12:24:10.901  1045  1045 D SystemServerTiming: StartNetworkManagementService took to complete: 6ms
05-28 12:24:10.902  1045  1045 I SystemServer: StartIpSecService
05-28 12:24:10.904  1045  1045 D SystemServerTiming: StartIpSecService took to complete: 2ms
05-28 12:24:10.905  1045  1045 I SystemServer: StartTextServicesManager
05-28 12:24:10.905  1045  1045 I SystemServiceManager: Starting com.android.server.textservices.TextServicesManagerService$Lifecycle
05-28 12:24:10.907  1045  1045 D SystemServerTiming: StartTextServicesManager took to complete: 2ms
05-28 12:24:10.907  1045  1045 I SystemServer: StartTextClassificationManagerService
05-28 12:24:10.908  1045  1045 I SystemServiceManager: Starting com.android.server.textclassifier.TextClassificationManagerService$Lifecycle
05-28 12:24:10.909  1045  1045 D SystemServerTiming: StartTextClassificationManagerService took to complete: 2ms
05-28 12:24:10.909  1045  1045 I SystemServer: StartNetworkScoreService
05-28 12:24:10.910  1045  1045 I SystemServiceManager: Starting com.android.server.NetworkScoreService$Lifecycle
05-28 12:24:10.913  1045  1045 D SystemServerTiming: StartNetworkScoreService took to complete: 4ms
05-28 12:24:10.913  1045  1045 I SystemServer: StartNetworkStatsService
05-28 12:24:10.916  1045  1045 D SystemServerTiming: StartNetworkStatsService took to complete: 3ms
05-28 12:24:10.917  1045  1045 I SystemServer: StartNetworkPolicyManagerService
05-28 12:24:10.922  1045  1045 D SystemServerTiming: StartNetworkPolicyManagerService took to complete: 5ms
05-28 12:24:10.923  1045  1045 I SystemServer: StartWifi
05-28 12:24:10.925  1045  1045 I SystemServiceManager: Starting com.android.server.wifi.WifiService
05-28 12:24:10.951  1045  1045 E TelephonyManager: IMSI error: Subscriber Info is null
05-28 12:24:10.981   657   657 D TelephonyManager: No /proc/cmdline exception=java.io.FileNotFoundException: /proc/cmdline: open failed: EACCES (Permission denied)
05-28 12:24:10.982   657   657 D TelephonyManager: /proc/cmdline=
05-28 12:24:11.018   697   697 W SSLM    : HIGH: SIM: [20/05/28 10:24:11]: 8271: mmgsdi.c: MMGSDI_PERSO_EVT, feature: 0x7fffffff, status: 0x1
05-28 12:24:11.068  1045  1045 D SystemServerTiming: StartWifi took to complete: 145ms
05-28 12:24:11.068  1045  1045 I SystemServer: StartWifiScanning
05-28 12:24:11.069  1045  1045 I SystemServiceManager: Starting com.android.server.wifi.scanner.WifiScanningService
05-28 12:24:11.072  1045  1045 D SystemServerTiming: StartWifiScanning took to complete: 4ms
05-28 12:24:11.073  1045  1045 I SystemServer: StartWifiP2P
05-28 12:24:11.074  1045  1045 I SystemServiceManager: Starting com.android.server.wifi.p2p.WifiP2pService
05-28 12:24:11.083  1045  1045 D SystemServerTiming: StartWifiP2P took to complete: 10ms
05-28 12:24:11.084  1045  1045 I SystemServer: StartEthernet
05-28 12:24:11.085  1045  1045 I SystemServiceManager: Starting com.android.server.ethernet.EthernetService
05-28 12:24:11.086  1045  1045 D SystemServerTiming: StartEthernet took to complete: 1ms
05-28 12:24:11.086  1045  1045 I SystemServer: StartConnectivityService
05-28 12:24:11.093  1045  1045 D ConnectivityService: ConnectivityService starting up
05-28 12:24:11.095  1045  1045 D ConnectivityService: wifiOnly=false
05-28 12:24:11.096  1045  1045 E ConnectivityService: Ignoring protectedNetwork 10
05-28 12:24:11.111  1045  1045 D SystemServerTiming: StartConnectivityService took to complete: 25ms
05-28 12:24:11.112  1045  1045 I SystemServer: StartNsdService
05-28 12:24:11.113  1045  1045 D NsdService: Network service discovery is enabled
05-28 12:24:11.116  1045  1045 D SystemServerTiming: StartNsdService took to complete: 3ms
05-28 12:24:11.116  1045  1045 I SystemServer: StartSystemUpdateManagerService
05-28 12:24:11.117  1045  1045 I SystemUpdateManagerService: No existing info file /data/system/system-update-info.xml
05-28 12:24:11.118  1045  1045 D SystemServerTiming: StartSystemUpdateManagerService took to complete: 2ms
05-28 12:24:11.119  1045  1045 I SystemServer: StartUpdateLockService
05-28 12:24:11.120  1045  1045 D SystemServerTiming: StartUpdateLockService took to complete: 1ms
05-28 12:24:11.120  1045  1045 I SystemServer: StartNotificationManager
05-28 12:24:11.121  1045  1045 I SystemServiceManager: Starting com.android.server.notification.NotificationManagerService
05-28 12:24:11.135  1045  1045 D ConditionProviders.SCP: new ScheduleConditionProvider()
05-28 12:24:11.147  1045  1045 I NotificationListeners: Read notification listener permissions from xml
05-28 12:24:11.147  1045  1045 I NotificationAssistants: Read notification assistant permissions from xml
05-28 12:24:11.148  1045  1045 I ConditionProviders: Read condition provider permissions from xml
05-28 12:24:11.149  1045  1045 I ConditionProviders: Read condition provider permissions from xml
05-28 12:24:11.150   657   657 D ZygoteInitTiming_lazy: PreloadClasses took to complete: 672ms
05-28 12:24:11.150  1045  1045 D NotificationAssistants: Approving default notification assistant for user 0
05-28 12:24:11.150   657   657 I auditd  : type=1400 audit(0.0:321): avc: denied { write } for comm="main" name="/" dev="tmpfs" ino=26118 scontext=u:r:zygote:s0 tcontext=u:object_r:system_file:s0 tclass=dir permissive=1
05-28 12:24:11.151  1045  1045 I ConditionProviders:  Allowing condition provider android.ext.services/android.ext.services.notification.Assistant
05-28 12:24:11.152  1045  1045 D NotificationService: Set default NAS to be android.ext.services/android.ext.services.notification.Assistant in 0
05-28 12:24:11.158   657   657 D ZygoteInitTiming_lazy: CacheNonBootClasspathClassLoaders took to complete: 7ms
05-28 12:24:11.160  1045  1072 I commit_sys_config_file: [notification-policy,6]
05-28 12:24:11.168  1045  1072 I commit_sys_config_file: [notification-policy,8]
05-28 12:24:11.172     0     0 I binder  : 522:522 BC_REQUEST_DEATH_NOTIFICATION death notification already set
05-28 12:24:11.174  1045  1045 D SystemServerTiming: StartNotificationManager took to complete: 54ms
05-28 12:24:11.174  1045  1045 I SystemServer: StartDeviceMonitor
05-28 12:24:11.175  1045  1045 I SystemServiceManager: Starting com.android.server.storage.DeviceStorageMonitorService
05-28 12:24:11.177   697   697 W SSLM    : HIGH: SIM: [20/05/28 10:24:11]: 8302: mmgsdi.c: MMGSDI_SUBSCRIPTION_READY_EVT, app: 0x3, slot: 0x1
05-28 12:24:11.179  1045  1045 D SystemServerTiming: StartDeviceMonitor took to complete: 3ms
05-28 12:24:11.179  1045  1045 I SystemServer: StartLocationManagerService
05-28 12:24:11.180  1045  1358 I storage_state: [41217664-9172-527a-b3d5-edabb50a7d69,0,0,48366505984,50371723264]
05-28 12:24:11.181  1045  1045 D SystemServerTiming: StartLocationManagerService took to complete: 2ms
05-28 12:24:11.182  1045  1045 I SystemServer: StartCountryDetectorService
05-28 12:24:11.183  1045  1045 D SystemServerTiming: StartCountryDetectorService took to complete: 1ms
05-28 12:24:11.183  1045  1045 I SystemServer: StartTimeDetectorService
05-28 12:24:11.184  1045  1045 I SystemServiceManager: Starting com.android.server.timedetector.TimeDetectorService$Lifecycle
05-28 12:24:11.186  1045  1045 D SystemServerTiming: StartTimeDetectorService took to complete: 2ms
05-28 12:24:11.186  1045  1045 I SystemServer: StartSearchManagerService
05-28 12:24:11.187  1045  1045 I SystemServiceManager: Starting com.android.server.search.SearchManagerService$Lifecycle
05-28 12:24:11.188  1045  1045 D SystemServerTiming: StartSearchManagerService took to complete: 2ms
05-28 12:24:11.189  1045  1045 I SystemServer: StartWallpaperManagerService
05-28 12:24:11.189  1045  1045 I SystemServiceManager: Starting com.android.server.wallpaper.WallpaperManagerService$Lifecycle
05-28 12:24:11.190  1045  1072 I commit_sys_config_file: [notification-policy,17]
05-28 12:24:11.192  1045  1045 D SystemServerTiming: StartWallpaperManagerService took to complete: 3ms
05-28 12:24:11.192  1045  1045 I SystemServer: StartAudioService
05-28 12:24:11.193  1045  1045 I SystemServiceManager: Starting com.android.server.audio.AudioService$Lifecycle
05-28 12:24:11.240  1045  1045 I stream_devices_changed: [0,0,1]
05-28 12:24:11.241  1045  1045 I stream_devices_changed: [2,0,2]
05-28 12:24:11.241  1045  1045 I stream_devices_changed: [3,0,2]
05-28 12:24:11.242  1045  1045 I stream_devices_changed: [4,0,2]
05-28 12:24:11.243  1045  1045 I stream_devices_changed: [6,0,1]
05-28 12:24:11.264  1045  1045 D SystemServerTiming: StartAudioService took to complete: 72ms
05-28 12:24:11.265  1045  1045 I SystemServer: StartDockObserver
05-28 12:24:11.265  1045  1045 I SystemServiceManager: Starting com.android.server.DockObserver
05-28 12:24:11.267     0     0 E ipa3_set_aggr_limit: 3171 get close-by 8192
05-28 12:24:11.267     0     0 E ipa3_set_aggr_limit: 3173 set rx_buff_sz 7680
05-28 12:24:11.267     0     0 E ipa3_set_aggr_limit: 3189 set aggr_limit 6
05-28 12:24:11.267  1045  1045 W DockObserver: This kernel does not have dock station support
05-28 12:24:11.270  1045  1045 D SystemServerTiming: StartDockObserver took to complete: 4ms
05-28 12:24:11.270  1045  1045 I SystemServer: StartWiredAccessoryManager
05-28 12:24:11.272  1045  1045 W WiredAccessoryManager: This kernel does not have usb audio support
05-28 12:24:11.273  1045  1045 W WiredAccessoryManager: This kernel does not have HDMI audio support
05-28 12:24:11.273  1045  1045 D SystemServerTiming: StartWiredAccessoryManager took to complete: 3ms
05-28 12:24:11.274  1045  1045 I SystemServer: StartMidiManager
05-28 12:24:11.275  1045  1045 I SystemServiceManager: Starting com.android.server.midi.MidiService$Lifecycle
05-28 12:24:11.277  1045  1045 D SystemServerTiming: StartMidiManager took to complete: 3ms
05-28 12:24:11.277  1045  1045 I SystemServer: StartAdbService
05-28 12:24:11.278  1045  1045 I SystemServiceManager: Starting com.android.server.adb.AdbService$Lifecycle
05-28 12:24:11.282  1045  1045 D SystemServerTiming: StartAdbService took to complete: 5ms
05-28 12:24:11.283  1045  1045 I SystemServer: StartUsbService
05-28 12:24:11.283  1045  1045 I SystemServiceManager: Starting com.android.server.usb.UsbService$Lifecycle
05-28 12:24:11.285  1045  1045 E UsbDeviceManager: failed to write to /sys/class/android_usb/android0/f_rndis/ethaddr
05-28 12:24:11.287  1045  1045 I UsbDeviceManager: USB GADGET HAL not present in the device
05-28 12:24:11.287  1045  1045 I UsbDeviceManager: java.util.NoSuchElementException
05-28 12:24:11.287  1045  1045 I UsbDeviceManager: 	at android.os.HwBinder.getService(Native Method)
05-28 12:24:11.287  1045  1045 I UsbDeviceManager: 	at android.hardware.usb.gadget.V1_0.IUsbGadget.getService(IUsbGadget.java:55)
05-28 12:24:11.287  1045  1045 I UsbDeviceManager: 	at android.hardware.usb.gadget.V1_0.IUsbGadget.getService(IUsbGadget.java:62)
05-28 12:24:11.287  1045  1045 I UsbDeviceManager: 	at com.android.server.usb.UsbDeviceManager.<init>(UsbDeviceManager.java:266)
05-28 12:24:11.287  1045  1045 I UsbDeviceManager: 	at com.android.server.usb.UsbService.<init>(UsbService.java:150)
05-28 12:24:11.287  1045  1045 I UsbDeviceManager: 	at com.android.server.usb.UsbService$Lifecycle.onStart(UsbService.java:84)
05-28 12:24:11.287  1045  1045 I UsbDeviceManager: 	at com.android.server.SystemServiceManager.startService(SystemServiceManager.java:129)
05-28 12:24:11.287  1045  1045 I UsbDeviceManager: 	at com.android.server.SystemServiceManager.startService(SystemServiceManager.java:116)
05-28 12:24:11.287  1045  1045 I UsbDeviceManager: 	at com.android.server.SystemServiceManager.startService(SystemServiceManager.java:75)
05-28 12:24:11.287  1045  1045 I UsbDeviceManager: 	at com.android.server.SystemServer.startOtherServices(SystemServer.java:1562)
05-28 12:24:11.287  1045  1045 I UsbDeviceManager: 	at com.android.server.SystemServer.run(SystemServer.java:529)
05-28 12:24:11.287  1045  1045 I UsbDeviceManager: 	at com.android.server.SystemServer.main(SystemServer.java:356)
05-28 12:24:11.287  1045  1045 I UsbDeviceManager: 	at java.lang.reflect.Method.invoke(Native Method)
05-28 12:24:11.287  1045  1045 I UsbDeviceManager: 	at com.android.internal.os.RuntimeInit$MethodAndArgsCaller.run(RuntimeInit.java:491)
05-28 12:24:11.287  1045  1045 I UsbDeviceManager: 	at com.android.internal.os.ZygoteInit.main(ZygoteInit.java:908)
05-28 12:24:11.289  1045  1045 E UsbDeviceManager: Failed to open control for mtp
05-28 12:24:11.289  1045  1045 E UsbDeviceManager: Failed to open control for ptp
05-28 12:24:11.301  1045  1045 W StorageManagerService: No primary storage defined yet; hacking together a stub
05-28 12:24:11.302     0     0 I         : acc_open
05-28 12:24:11.302     0     0 I         : acc_release
05-28 12:24:11.305   697   697 E SSLM    : ERROR: SIM: [20/05/28 10:24:11]: 6983: uimgen_hal_iso.c: [Slot1]uim_generic_state_type : SEEK - In Status State, cmd_status is not UIM_DONE
05-28 12:24:11.306     0     0 E ipa-wan ipa3_wwan_ioctl: 1786 dev(rmnet_data0) register to IPA
05-28 12:24:11.308  1045  1089 I UsbPortManager: Usb hal service started android.hardware.usb@1.0::IUsb default
05-28 12:24:11.315  1045  1045 D SystemServerTiming: StartUsbService took to complete: 31ms
05-28 12:24:11.315  1045  1045 I SystemServer: StartSerialService
05-28 12:24:11.318  1045  1045 D SystemServerTiming: StartSerialService took to complete: 1ms
05-28 12:24:11.319  1045  1045 I SystemServer: StartHardwarePropertiesManagerService
05-28 12:24:11.319   657   657 D ZygoteInitTiming_lazy: PreloadResources took to complete: 161ms
05-28 12:24:11.322  1045  1045 D SystemServerTiming: StartHardwarePropertiesManagerService took to complete: 3ms
05-28 12:24:11.323  1045  1045 I SystemServer: StartTwilightService
05-28 12:24:11.323  1045  1045 I SystemServiceManager: Starting com.android.server.twilight.TwilightService
05-28 12:24:11.324  1045  1045 D SystemServerTiming: StartTwilightService took to complete: 1ms
05-28 12:24:11.324  1045  1045 I SystemServer: StartColorDisplay
05-28 12:24:11.325  1045  1045 I SystemServiceManager: Starting com.android.server.display.color.ColorDisplayService
05-28 12:24:11.328  1045  1045 D SystemServerTiming: StartColorDisplay took to complete: 3ms
05-28 12:24:11.328  1045  1045 I SystemServer: StartJobScheduler
05-28 12:24:11.329  1045  1045 I SystemServiceManager: Starting com.android.server.job.JobSchedulerService
05-28 12:24:11.334  1045  1045 D JobStore: Start tag: job-info
05-28 12:24:11.337  1045  1045 I JobStore: Read 10 jobs
05-28 12:24:11.347  1045  1045 D SystemServerTiming: StartJobScheduler took to complete: 18ms
05-28 12:24:11.347  1045  1045 I SystemServer: StartSoundTrigger
05-28 12:24:11.347  1045  1045 I SystemServiceManager: Starting com.android.server.soundtrigger.SoundTriggerService
05-28 12:24:11.349  1045  1045 D SystemServerTiming: StartSoundTrigger took to complete: 2ms
05-28 12:24:11.349  1045  1045 I SystemServer: StartTrustManager
05-28 12:24:11.350  1045  1045 I SystemServiceManager: Starting com.android.server.trust.TrustManagerService
05-28 12:24:11.352  1045  1045 D SystemServerTiming: StartTrustManager took to complete: 3ms
05-28 12:24:11.353  1045  1045 I SystemServer: StartBackupManager
05-28 12:24:11.353  1045  1045 I SystemServiceManager: Starting com.android.server.backup.BackupManagerService$Lifecycle
05-28 12:24:11.356  1045  1045 D SystemServerTiming: StartBackupManager took to complete: 3ms
05-28 12:24:11.356  1045  1045 I SystemServer: StartAppWidgetService
05-28 12:24:11.357  1045  1045 I SystemServiceManager: Starting com.android.server.appwidget.AppWidgetService
05-28 12:24:11.361  1045  1045 D SystemServerTiming: StartAppWidgetService took to complete: 4ms
05-28 12:24:11.361  1045  1045 I SystemServer: StartRoleManagerService
05-28 12:24:11.364  1045  1045 D SystemServerTiming: StartRoleManagerService took to complete: 3ms
05-28 12:24:11.364  1045  1045 I SystemServer: StartVoiceRecognitionManager
05-28 12:24:11.365  1045  1045 I SystemServiceManager: Starting com.android.server.voiceinteraction.VoiceInteractionManagerService
05-28 12:24:11.369  1045  1045 I RoleUserState: Read roles.xml successfully
05-28 12:24:11.371  1045  1045 D SystemServerTiming: StartVoiceRecognitionManager took to complete: 7ms
05-28 12:24:11.372  1045  1045 I SystemServer: StartGestureLauncher
05-28 12:24:11.372  1045  1045 I SystemServiceManager: Starting com.android.server.GestureLauncherService
05-28 12:24:11.373  1045  1045 D SystemServerTiming: StartGestureLauncher took to complete: 0ms
05-28 12:24:11.373  1045  1045 I SystemServer: StartSensorNotification
05-28 12:24:11.373  1045  1045 I SystemServiceManager: Starting com.android.server.SensorNotificationService
05-28 12:24:11.374  1045  1045 D SystemServerTiming: StartSensorNotification took to complete: 1ms
05-28 12:24:11.374  1045  1045 I SystemServer: StartContextHubSystemService
05-28 12:24:11.375  1045  1045 I SystemServiceManager: Starting com.android.server.ContextHubSystemService
05-28 12:24:11.375  1045  1045 D SystemServerTiming: StartContextHubSystemService took to complete: 1ms
05-28 12:24:11.376  1045  1396 D SystemServerInitThreadPool: Started executing Init ContextHubSystemService
05-28 12:24:11.376  1045  1045 I SystemServer: StartDiskStatsService
05-28 12:24:11.381  1045  1255 D SystemServerTimingAsync: SecondaryZygotePreload took to complete: 1001ms
05-28 12:24:11.381  1045  1396 D SystemServerInitThreadPool: Finished executing Init ContextHubSystemService
05-28 12:24:11.381  1045  1045 D SystemServerTiming: StartDiskStatsService took to complete: 4ms
05-28 12:24:11.381  1045  1255 D SystemServerInitThreadPool: Finished executing SecondaryZygotePreload
05-28 12:24:11.382  1045  1045 I SystemServer: RuntimeService
05-28 12:24:11.383  1045  1045 D SystemServerTiming: RuntimeService took to complete: 1ms
05-28 12:24:11.384  1045  1045 I SystemServer: StartNetworkTimeUpdateService
05-28 12:24:11.385  1045  1045 D SystemServer: Using networkTimeUpdater class=class com.android.server.NewNetworkTimeUpdateService
05-28 12:24:11.386  1045  1045 D SystemServerTiming: StartNetworkTimeUpdateService took to complete: 1ms
05-28 12:24:11.386  1045  1045 I SystemServer: CertBlacklister
05-28 12:24:11.387  1045  1045 D SystemServerTiming: CertBlacklister took to complete: 1ms
05-28 12:24:11.387  1045  1045 I SystemServer: StartEmergencyAffordanceService
05-28 12:24:11.388  1045  1045 I SystemServiceManager: Starting com.android.server.emergency.EmergencyAffordanceService
05-28 12:24:11.388  1045  1045 D SystemServerTiming: StartEmergencyAffordanceService took to complete: 1ms
05-28 12:24:11.389  1045  1045 I SystemServer: StartDreamManager
05-28 12:24:11.389  1045  1045 I SystemServiceManager: Starting com.android.server.dreams.DreamManagerService
05-28 12:24:11.391  1045  1045 D SystemServerTiming: StartDreamManager took to complete: 2ms
05-28 12:24:11.391  1045  1045 I SystemServer: AddGraphicsStatsService
05-28 12:24:11.393  1045  1045 D SystemServerTiming: AddGraphicsStatsService took to complete: 1ms
05-28 12:24:11.394  1045  1045 I SystemServer: StartPrintManager
05-28 12:24:11.395  1045  1045 I SystemServiceManager: Starting com.android.server.print.PrintManagerService
05-28 12:24:11.397  1045  1045 D SystemServerTiming: StartPrintManager took to complete: 3ms
05-28 12:24:11.397  1045  1045 I SystemServer: StartCompanionDeviceManager
05-28 12:24:11.398  1045  1045 I SystemServiceManager: Starting com.android.server.companion.CompanionDeviceManagerService
05-28 12:24:11.399  1045  1045 I service_manager_stats: [100,27,13567]
05-28 12:24:11.400  1045  1045 D SystemServerTiming: StartCompanionDeviceManager took to complete: 3ms
05-28 12:24:11.400  1045  1045 I SystemServer: StartRestrictionManager
05-28 12:24:11.401  1045  1045 I SystemServiceManager: Starting com.android.server.restrictions.RestrictionsManagerService
05-28 12:24:11.402  1045  1045 D SystemServerTiming: StartRestrictionManager took to complete: 2ms
05-28 12:24:11.403  1045  1045 I SystemServer: StartMediaSessionService
05-28 12:24:11.403  1045  1045 I SystemServiceManager: Starting com.android.server.media.MediaSessionService
05-28 12:24:11.418  1045  1045 D SystemServerTiming: StartMediaSessionService took to complete: 14ms
05-28 12:24:11.418  1045  1045 I SystemServer: StartMediaResourceMonitor
05-28 12:24:11.419  1045  1045 I SystemServiceManager: Starting com.android.server.media.MediaResourceMonitorService
05-28 12:24:11.419  1045  1045 D SystemServerTiming: StartMediaResourceMonitor took to complete: 1ms
05-28 12:24:11.420  1045  1045 I SystemServer: StartMediaRouterService
05-28 12:24:11.422  1045  1045 D SystemServerTiming: StartMediaRouterService took to complete: 2ms
05-28 12:24:11.422  1045  1045 I SystemServer: StartFingerprintSensor
05-28 12:24:11.423  1045  1045 I SystemServiceManager: Starting com.android.server.biometrics.fingerprint.FingerprintService
05-28 12:24:11.426  1045  1045 D SystemServerTiming: StartFingerprintSensor took to complete: 4ms
05-28 12:24:11.426  1045  1077 D SystemServerInitThreadPool: Started executing FingerprintService.onStart
05-28 12:24:11.427  1045  1045 I SystemServer: StartBiometricService
05-28 12:24:11.427  1045  1077 V FingerprintService: mDaemon was null, reconnect to fingerprint
05-28 12:24:11.427  1045  1045 I SystemServiceManager: Starting com.android.server.biometrics.BiometricService
05-28 12:24:11.430  1045  1045 D SystemServerTiming: StartBiometricService took to complete: 3ms
05-28 12:24:11.430  1045  1077 V FingerprintService: Fingerprint HAL id: 512606990336
05-28 12:24:11.431  1045  1045 I SystemServer: StartBackgroundDexOptService
05-28 12:24:11.435  1045  1045 D SystemServerTiming: StartBackgroundDexOptService took to complete: 4ms
05-28 12:24:11.436  1045  1045 I SystemServer: StartDynamicCodeLoggingService
05-28 12:24:11.437  1045  1045 D SystemServerTiming: StartDynamicCodeLoggingService took to complete: 1ms
05-28 12:24:11.438  1045  1045 I SystemServer: StartPruneInstantAppsJobService
05-28 12:24:11.438  1045  1045 D SystemServerTiming: StartPruneInstantAppsJobService took to complete: 0ms
05-28 12:24:11.439  1045  1045 I SystemServer: StartShortcutServiceLifecycle
05-28 12:24:11.439  1045  1045 I SystemServiceManager: Starting com.android.server.pm.ShortcutService$Lifecycle
05-28 12:24:11.443  1045  1045 D SystemServerTiming: StartShortcutServiceLifecycle took to complete: 3ms
05-28 12:24:11.443  1045  1045 I SystemServer: StartLauncherAppsService
05-28 12:24:11.443  1045  1045 I SystemServiceManager: Starting com.android.server.pm.LauncherAppsService
05-28 12:24:11.445  1045  1045 D SystemServerTiming: StartLauncherAppsService took to complete: 2ms
05-28 12:24:11.446  1045  1045 I SystemServer: StartCrossProfileAppsService
05-28 12:24:11.446  1045  1045 I SystemServiceManager: Starting com.android.server.pm.CrossProfileAppsService
05-28 12:24:11.447  1045  1045 D SystemServerTiming: StartCrossProfileAppsService took to complete: 1ms
05-28 12:24:11.448  1045  1045 I SystemServer: StartMediaProjectionManager
05-28 12:24:11.448  1045  1045 I SystemServiceManager: Starting com.android.server.media.projection.MediaProjectionManagerService
05-28 12:24:11.459  1045  1045 D SystemServerTiming: StartMediaProjectionManager took to complete: 10ms
05-28 12:24:11.459  1045  1045 I SystemServer: StartSliceManagerService
05-28 12:24:11.460  1045  1045 I SystemServiceManager: Starting com.android.server.slice.SliceManagerService$Lifecycle
05-28 12:24:11.463  1045  1045 D SystemServerTiming: StartSliceManagerService took to complete: 3ms
05-28 12:24:11.463  1045  1045 I SystemServer: StartCameraServiceProxy
05-28 12:24:11.465  1045  1045 I SystemServiceManager: Starting com.android.server.camera.CameraServiceProxy
05-28 12:24:11.468  1045  1045 D SystemServerTiming: StartCameraServiceProxy took to complete: 5ms
05-28 12:24:11.469  1045  1045 I SystemServer: StartStatsCompanionService
05-28 12:24:11.469  1045  1045 I SystemServiceManager: Starting com.android.server.stats.StatsCompanionService$Lifecycle
05-28 12:24:11.472  1045  1045 I StatsCompanionService: register thermal listener successfully
05-28 12:24:11.476  1045  1045 D SystemServerTiming: StartStatsCompanionService took to complete: 6ms
05-28 12:24:11.476  1045  1045 I SystemServer: StartIncidentCompanionService
05-28 12:24:11.477  1045  1045 I SystemServiceManager: Starting com.android.server.incident.IncidentCompanionService
05-28 12:24:11.477  1045  1077 V FingerprintService: Enumerating user(0)
05-28 12:24:11.478  1045  1045 D SystemServerTiming: StartIncidentCompanionService took to complete: 2ms
05-28 12:24:11.479  1045  1077 D SystemServerInitThreadPool: Finished executing FingerprintService.onStart
05-28 12:24:11.695  1045  1045 I SystemServer: StartMmsService
05-28 12:24:11.695  1045  1045 I SystemServiceManager: Starting com.android.server.MmsServiceBroker
05-28 12:24:11.697  1045  1045 D SystemServerTiming: StartMmsService took to complete: 2ms
05-28 12:24:11.697  1045  1045 I SystemServer: StartAutoFillService
05-28 12:24:11.698  1045  1045 I SystemServiceManager: Starting com.android.server.autofill.AutofillManagerService
05-28 12:24:11.706  1045  1045 D AutofillManagerService: setLogLevelFromSettings(): level=2, debug=true, verbose=false
05-28 12:24:11.707  1045  1045 D AutofillManagerService: setMaxPartitionsFromSettings(): 10
05-28 12:24:11.708  1045  1045 D AutofillManagerService: setMaxVisibleDatasetsFromSettings(): 0
05-28 12:24:11.709  1045  1071 D AutofillUI: destroySaveUiUiThread(): already destroyed
05-28 12:24:11.709  1045  1045 D AutofillManagerServiceImpl: Reset component for user 0:
05-28 12:24:11.711  1045  1045 D SystemServerTiming: StartAutoFillService took to complete: 13ms
05-28 12:24:11.712  1045  1045 I SystemServer: StartClipboardService
05-28 12:24:11.712  1045  1045 I SystemServiceManager: Starting com.android.server.clipboard.ClipboardService
05-28 12:24:11.714  1045  1045 D SystemServerTiming: StartClipboardService took to complete: 2ms
05-28 12:24:11.714  1045  1045 I SystemServer: AppServiceManager
05-28 12:24:11.715  1045  1045 I SystemServiceManager: Starting com.android.server.appbinding.AppBindingService$Lifecycle
05-28 12:24:11.717  1045  1045 D SystemServerTiming: AppServiceManager took to complete: 2ms
05-28 12:24:11.718  1045  1045 I LineageSystemServer: Attempting to start service org.lineageos.platform.internal.ProfileManagerService
05-28 12:24:11.725  1045  1045 I LineageSystemServer: Starting service org.lineageos.platform.internal.ProfileManagerService
05-28 12:24:11.726  1045  1045 I SystemServiceManager: Starting org.lineageos.platform.internal.ProfileManagerService
05-28 12:24:11.744  1045  1045 I LineageSystemServer: Attempting to start service org.lineageos.platform.internal.LineageHardwareService
05-28 12:24:11.747  1045  1045 I LineageSystemServer: Starting service org.lineageos.platform.internal.LineageHardwareService
05-28 12:24:11.748  1045  1045 I SystemServiceManager: Starting org.lineageos.platform.internal.LineageHardwareService
05-28 12:24:11.749  1045  1045 I LineageSystemServer: Attempting to start service org.lineageos.platform.internal.PerformanceManagerService
05-28 12:24:11.754  1045  1045 I LineageSystemServer: Starting service org.lineageos.platform.internal.PerformanceManagerService
05-28 12:24:11.756  1045  1045 I SystemServiceManager: Starting org.lineageos.platform.internal.PerformanceManagerService
05-28 12:24:11.759  1045  1045 I LineageSystemServer: Attempting to start service org.lineageos.platform.internal.display.LiveDisplayService
05-28 12:24:11.767  1045  1045 I LineageSystemServer: Starting service org.lineageos.platform.internal.display.LiveDisplayService
05-28 12:24:11.767  1045  1045 I SystemServiceManager: Starting org.lineageos.platform.internal.display.LiveDisplayService
05-28 12:24:11.769  1045  1045 I LineageSystemServer: Attempting to start service org.lineageos.platform.internal.LineageAudioService
05-28 12:24:11.771  1045  1045 I LineageSystemServer: Starting service org.lineageos.platform.internal.LineageAudioService
05-28 12:24:11.772  1045  1045 I SystemServiceManager: Starting org.lineageos.platform.internal.LineageAudioService
05-28 12:24:11.776  1045  1045 I LineageSystemServer: Attempting to start service org.lineageos.platform.internal.TrustInterfaceService
05-28 12:24:11.780  1045  1045 I LineageSystemServer: Starting service org.lineageos.platform.internal.TrustInterfaceService
05-28 12:24:11.780  1045  1045 I SystemServiceManager: Starting org.lineageos.platform.internal.TrustInterfaceService
05-28 12:24:11.791  1045  1045 I LineageSystemServer: Attempting to start service org.lineageos.platform.internal.LineageSettingsService
05-28 12:24:11.791  1045  1045 I LineageSystemServer: Starting service org.lineageos.platform.internal.LineageSettingsService
05-28 12:24:11.792  1045  1045 I SystemServiceManager: Starting org.lineageos.platform.internal.LineageSettingsService
05-28 12:24:11.792  1045  1045 I SystemServer: MakeVibratorServiceReady
05-28 12:24:11.794  1045  1045 D SystemServerTiming: MakeVibratorServiceReady took to complete: 2ms
05-28 12:24:11.795  1045  1045 I SystemServer: MakeLockSettingsServiceReady
05-28 12:24:11.809  1045  1045 I SyntheticPasswordManager: Device does not support weaver
05-28 12:24:11.812  1045  1045 I LockSettingsService: Device doesn't implement AuthSecret HAL
05-28 12:24:11.815  1045  1045 E LockSettingsStorage: Cannot read file java.io.FileNotFoundException: /data/system/gatekeeper.password.key: open failed: ENOENT (No such file or directory)
05-28 12:24:11.816  1045  1045 E LockSettingsStorage: Cannot read file java.io.FileNotFoundException: /data/system/password.key: open failed: ENOENT (No such file or directory)
05-28 12:24:11.817  1045  1045 E LockSettingsStorage: Cannot read file java.io.FileNotFoundException: /data/system/gatekeeper.pattern.key: open failed: ENOENT (No such file or directory)
05-28 12:24:11.817  1045  1045 E LockSettingsStorage: Cannot read file java.io.FileNotFoundException: /data/system/gatekeeper.gesture.key: open failed: ENOENT (No such file or directory)
05-28 12:24:11.818  1045  1045 E LockSettingsStorage: Cannot read file java.io.FileNotFoundException: /data/system/gesture.key: open failed: ENOENT (No such file or directory)
05-28 12:24:11.818  1045  1045 D SystemServerTiming: MakeLockSettingsServiceReady took to complete: 23ms
05-28 12:24:11.819  1045  1045 I SystemServer: StartBootPhaseLockSettingsReady
05-28 12:24:11.819  1045  1045 I SystemServiceManager: Starting phase 480
05-28 12:24:11.824  1045  1045 I DevicePolicyManager: Set ro.device_owner property to false
05-28 12:24:11.826  1045  1247 D SystemServerInitThreadPool: Started executing DevicePolicyManager
05-28 12:24:11.827  1045  1247 D SystemServerInitThreadPool: Finished executing DevicePolicyManager
05-28 12:24:11.828  1045  1045 D SystemServerTiming: StartBootPhaseLockSettingsReady took to complete: 9ms
05-28 12:24:11.829  1045  1045 I SystemServer: StartBootPhaseSystemServicesReady
05-28 12:24:11.829  1045  1045 I SystemServiceManager: Starting phase 500
05-28 12:24:11.831  1045  1045 D AppStandbyController: Setting app idle enabled state
05-28 12:24:11.843  1045  1045 D TestHarnessModeService: Setting up test harness mode
05-28 12:24:11.843  1045  1045 D TestHarnessModeService: Getting PersistentDataBlockManagerInternal from LocalServices
05-28 12:24:11.844  1045  1045 E TestHarnessModeService: Failed to start Test Harness Mode; no implementation of PersistentDataBlockManagerInternal was bound!
05-28 12:24:11.848  1045  1045 I WifiService: WifiService starting up with Wi-Fi enabled
05-28 12:24:11.852     0     0 I init    : Received control message 'interface_start' for 'android.hardware.camera.provider@2.4::ICameraProvider/legacy/0' from pid: 523 (/system/bin/hwservicemanager)
05-28 12:24:11.874  1045  1347 D ConnectivityService: Got NetworkFactory Messenger for Ethernet
05-28 12:24:11.884  1045  1045 W SoundTriggerHelper: listModules status=0, # of modules=0
05-28 12:24:11.887  1045  1045 D SystemServerTiming: StartBootPhaseSystemServicesReady took to complete: 58ms
05-28 12:24:11.888  1045  1045 I SystemServer: MakeWindowManagerServiceReady
05-28 12:24:11.912  1045  1073 I configuration_changed: 32
05-28 12:24:11.920  1045  1073 I ActivityTaskManager: Config changes=20 {1.0 ?mcc?mnc [de_DE] ldltr sw360dp w360dp h648dp 480dpi nrml long port night finger -keyb/v/h -nav/h winConfig={ mBounds=Rect(0, 0 - 1080, 2160) mAppBounds=Rect(0, 0 - 1080, 2016) mWindowingMode=fullscreen mDisplayWindowingMode=fullscreen mActivityType=undefined mAlwaysOnTop=undefined mRotation=ROTATION_0} s.6}
05-28 12:24:11.928  1045  1073 I ActivityTaskManager: Override config changes=20 {1.0 ?mcc?mnc [de_DE] ldltr sw360dp w360dp h648dp 480dpi nrml long port night finger -keyb/v/h -nav/h winConfig={ mBounds=Rect(0, 0 - 1080, 2160) mAppBounds=Rect(0, 0 - 1080, 2016) mWindowingMode=fullscreen mDisplayWindowingMode=fullscreen mActivityType=undefined mAlwaysOnTop=undefined mRotation=ROTATION_0} s.6} for displayId=0
05-28 12:24:11.942  1045  1045 D SystemServerTiming: MakeWindowManagerServiceReady took to complete: 53ms
05-28 12:24:11.942  1045  1045 I SystemServer: MakePowerManagerServiceReady
05-28 12:24:11.950  1045  1045 E DisplayPowerController: failed to set up display white-balance: java.lang.IllegalStateException: cannot find sensor com.google.sensor.color
05-28 12:24:11.960  1045  1072 I DropBoxManagerService: add tag=system_server_strictmode isTagEnabled=true flags=0x2
05-28 12:24:11.968  1045  1045 D SystemServerTiming: MakePowerManagerServiceReady took to complete: 25ms
05-28 12:24:11.968  1045  1085 W KernelCpuProcStringReader: File not found. It's normal if not implemented: /proc/uid_concurrent_active_time
05-28 12:24:11.969  1045  1045 I SystemServer: StartPermissionPolicyService
05-28 12:24:11.969  1045  1045 I SystemServiceManager: Starting com.android.server.policy.PermissionPolicyService
05-28 12:24:11.969  1045  1085 W KernelCpuProcStringReader: File not found. It's normal if not implemented: /proc/uid_concurrent_policy_time
05-28 12:24:11.971  1045  1045 D SystemServerTiming: StartPermissionPolicyService took to complete: 2ms
05-28 12:24:11.972  1045  1045 I SystemServer: MakePackageManagerServiceReady
05-28 12:24:11.972  1045  1072 I DropBoxManagerService: add tag=system_server_strictmode isTagEnabled=true flags=0x2
05-28 12:24:11.973  1045  1085 E KernelWakelockReader: Failed to parse proc line: IPA_RM12
05-28 12:24:11.974  1045  1079 I am_wtf  : [0,1045,system_server,-1,KernelWakelockReader,Failed to parse proc line: IPA_RM12]
05-28 12:24:11.975  1045  1045 I PackageManager: Un-granting permission android.permission.REQUEST_INSTALL_PACKAGES from package com.whatsapp (protectionLevel=66 flags=0x30cbbe44)
05-28 12:24:11.976  1045  1079 I DropBoxManagerService: add tag=system_server_wtf isTagEnabled=true flags=0x2
05-28 12:24:11.976  1045  1045 I PackageManager: Un-granting permission android.permission.BATTERY_STATS from package dk.resound.smart3d (protectionLevel=50 flags=0x30983e44)
05-28 12:24:11.977  1045  1045 I PackageManager: Un-granting permission android.permission.SYSTEM_ALERT_WINDOW from package dk.resound.smart3d (protectionLevel=1250 flags=0x30983e44)
05-28 12:24:11.978  1045  1072 I DropBoxManagerService: add tag=system_server_strictmode isTagEnabled=true flags=0x2
05-28 12:24:11.979  1045  1045 I PackageManager: Un-granting permission android.permission.BROADCAST_WAP_PUSH from package org.thoughtcrime.securesms (protectionLevel=2 flags=0x30d83e44)
05-28 12:24:11.980  1045  1045 I PackageManager: Un-granting permission android.permission.REQUEST_INSTALL_PACKAGES from package com.aurora.store (protectionLevel=66 flags=0x38c8be44)
05-28 12:24:11.981  1045  1045 I PackageManager: Un-granting permission android.permission.INSTALL_PACKAGES from package com.aurora.store (protectionLevel=18 flags=0x38c8be44)
05-28 12:24:11.981  1045  1045 I PackageManager: Un-granting permission android.permission.READ_LOGS from package com.aurora.store (protectionLevel=50 flags=0x38c8be44)
05-28 12:24:11.981  1045  1045 I PackageManager: Un-granting permission android.permission.ACCESS_MOCK_LOCATION from package com.aurora.store (protectionLevel=2 flags=0x38c8be44)
05-28 12:24:11.982  1045  1072 I DropBoxManagerService: add tag=system_server_strictmode isTagEnabled=true flags=0x2
05-28 12:24:11.982  1045  1045 I PackageManager: Un-granting permission android.permission.BATTERY_STATS from package com.resound.vanilla (protectionLevel=50 flags=0x30983e44)
05-28 12:24:11.983  1045  1045 I PackageManager: Un-granting permission android.permission.SYSTEM_ALERT_WINDOW from package com.resound.vanilla (protectionLevel=1250 flags=0x30983e44)
05-28 12:24:11.987  1045  1072 I DropBoxManagerService: add tag=system_server_strictmode isTagEnabled=true flags=0x2
05-28 12:24:11.989  1045  1045 I PackageManager: Un-granting permission android.permission.BATTERY_STATS from package com.gnhearing.gnbemore (protectionLevel=50 flags=0x30983e44)
05-28 12:24:11.989  1045  1045 I PackageManager: Un-granting permission android.permission.SYSTEM_ALERT_WINDOW from package com.gnhearing.gnbemore (protectionLevel=1250 flags=0x30983e44)
05-28 12:24:11.990  1045  1045 I PackageManager: Un-granting permission android.permission.WRITE_SETTINGS from package org.fdroid.fdroid (protectionLevel=1218 flags=0x38c8be44)
05-28 12:24:11.991  1045  1072 I DropBoxManagerService: add tag=system_server_strictmode isTagEnabled=true flags=0x2
05-28 12:24:11.993  1045  1045 I PackageManager: Un-granting permission android.permission.REQUEST_INSTALL_PACKAGES from package org.lineageos.jelly (protectionLevel=66 flags=0x30c8be45)
05-28 12:24:11.994  1045  1045 I PackageManager: Un-granting permission android.permission.REQUEST_INSTALL_PACKAGES from package com.topjohnwu.magisk (protectionLevel=66 flags=0x38c8be44)
05-28 12:24:11.996  1045  1045 I PackageManager: Un-granting permission android.permission.REQUEST_INSTALL_PACKAGES from package com.cxinventor.file.explorer (protectionLevel=66 flags=0x3898be44)
05-28 12:24:11.996  1045  1072 I DropBoxManagerService: add tag=system_server_strictmode isTagEnabled=true flags=0x2
05-28 12:24:12.000  1045  1072 I DropBoxManagerService: add tag=system_server_strictmode isTagEnabled=true flags=0x2
05-28 12:24:12.003  1045  1045 I PackageManager: Un-granting permission android.permission.CONNECTIVITY_USE_RESTRICTED_NETWORKS from package com.android.captiveportallogin (protectionLevel=18 flags=0x38c8be45)
05-28 12:24:12.004  1045  1045 I PackageManager: Un-granting permission android.permission.NETWORK_BYPASS_PRIVATE_DNS from package com.android.captiveportallogin (protectionLevel=2 flags=0x38c8be45)
05-28 12:24:12.005  1045  1088 W KeyguardServiceDelegate: onScreenTurningOn(): no keyguard service!
05-28 12:24:12.006  1045  1088 V DisplayPowerController: Brightness [102] reason changing to: 'override', previous reason: '0'.
05-28 12:24:12.007  1045  1072 I DropBoxManagerService: add tag=system_server_strictmode isTagEnabled=true flags=0x2
05-28 12:24:12.010  1045  1045 I commit_sys_config_file: [package-session,3]
05-28 12:24:12.013  1045  1045 V UserDataPreparer: Found /data/user_de/0 with serial number 0
05-28 12:24:12.013  1045  1072 I DropBoxManagerService: add tag=system_server_strictmode isTagEnabled=true flags=0x2
05-28 12:24:12.013  1045  1045 V UserDataPreparer: Found /data/user/0 with serial number 0
05-28 12:24:12.014  1045  1045 V UserDataPreparer: Found /data/system_de/0 with serial number 0
05-28 12:24:12.014  1045  1045 V UserDataPreparer: Found /data/system_ce/0 with serial number 0
05-28 12:24:12.015  1045  1045 V UserDataPreparer: Found /data/misc_ce/0 with serial number 0
05-28 12:24:12.020  1045  1045 D SystemServerTiming: MakePackageManagerServiceReady took to complete: 47ms
05-28 12:24:12.020  1045  1045 I SystemServer: MakeDisplayManagerServiceReady
05-28 12:24:12.022  1045  1045 D SystemServerTiming: MakeDisplayManagerServiceReady took to complete: 2ms
05-28 12:24:12.022  1045  1045 I SystemServer: StartDeviceSpecificServices
05-28 12:24:12.023  1045  1045 D SystemServerTiming: StartDeviceSpecificServices took to complete: 0ms
05-28 12:24:12.023  1045  1045 I SystemServer: StartBootPhaseDeviceSpecificServicesReady
05-28 12:24:12.024  1045  1045 I SystemServiceManager: Starting phase 520
05-28 12:24:12.024  1045  1045 D SystemServerTiming: StartBootPhaseDeviceSpecificServicesReady took to complete: 1ms
